Archive member included to satisfy reference by file (symbol)

app/libapp.a(main.c.obj)      (--whole-archive)
zephyr/libzephyr.a(validate_libc.c.obj)
                              (--whole-archive)
zephyr/libzephyr.a(heap.c.obj)
                              (--whole-archive)
zephyr/libzephyr.a(cbprintf_packaged.c.obj)
                              (--whole-archive)
zephyr/libzephyr.a(clock.c.obj)
                              (--whole-archive)
zephyr/libzephyr.a(printk.c.obj)
                              (--whole-archive)
zephyr/libzephyr.a(sem.c.obj)
                              (--whole-archive)
zephyr/libzephyr.a(thread_entry.c.obj)
                              (--whole-archive)
zephyr/libzephyr.a(cbprintf_complete.c.obj)
                              (--whole-archive)
zephyr/libzephyr.a(assert.c.obj)
                              (--whole-archive)
zephyr/libzephyr.a(dec.c.obj)
                              (--whole-archive)
zephyr/libzephyr.a(hex.c.obj)
                              (--whole-archive)
zephyr/libzephyr.a(rb.c.obj)  (--whole-archive)
zephyr/libzephyr.a(timeutil.c.obj)
                              (--whole-archive)
zephyr/libzephyr.a(bitarray.c.obj)
                              (--whole-archive)
zephyr/libzephyr.a(ring_buffer.c.obj)
                              (--whole-archive)
zephyr/libzephyr.a(last_section_id.c.obj)
                              (--whole-archive)
zephyr/libzephyr.a(configs.c.obj)
                              (--whole-archive)
zephyr/libzephyr.a(stm32cube_hal.c.obj)
                              (--whole-archive)
zephyr/libzephyr.a(soc_config.c.obj)
                              (--whole-archive)
zephyr/libzephyr.a(stm32_cache.c.obj)
                              (--whole-archive)
zephyr/libzephyr.a(stm32_backup_domain.c.obj)
                              (--whole-archive)
zephyr/libzephyr.a(soc.c.obj)
                              (--whole-archive)
zephyr/libzephyr.a(mem_attr.c.obj)
                              (--whole-archive)
zephyr/libzephyr.a(tracing_none.c.obj)
                              (--whole-archive)
zephyr/arch/common/libarch__common.a(sw_isr_common.c.obj)
                              (--whole-archive)
zephyr/arch/arch/arm/core/libarch__arm__core.a(fatal.c.obj)
                              (--whole-archive)
zephyr/arch/arch/arm/core/libarch__arm__core.a(nmi.c.obj)
                              (--whole-archive)
zephyr/arch/arch/arm/core/libarch__arm__core.a(nmi_on_reset.S.obj)
                              (--whole-archive)
zephyr/arch/arch/arm/core/libarch__arm__core.a(tls.c.obj)
                              (--whole-archive)
zephyr/arch/arch/arm/core/cortex_m/libarch__arm__core__cortex_m.a(exc_exit.c.obj)
                              (--whole-archive)
zephyr/arch/arch/arm/core/cortex_m/libarch__arm__core__cortex_m.a(fault.c.obj)
                              (--whole-archive)
zephyr/arch/arch/arm/core/cortex_m/libarch__arm__core__cortex_m.a(fault_s.S.obj)
                              (--whole-archive)
zephyr/arch/arch/arm/core/cortex_m/libarch__arm__core__cortex_m.a(fpu.c.obj)
                              (--whole-archive)
zephyr/arch/arch/arm/core/cortex_m/libarch__arm__core__cortex_m.a(reset.S.obj)
                              (--whole-archive)
zephyr/arch/arch/arm/core/cortex_m/libarch__arm__core__cortex_m.a(scb.c.obj)
                              (--whole-archive)
zephyr/arch/arch/arm/core/cortex_m/libarch__arm__core__cortex_m.a(thread_abort.c.obj)
                              (--whole-archive)
zephyr/arch/arch/arm/core/cortex_m/libarch__arm__core__cortex_m.a(vector_table.S.obj)
                              (--whole-archive)
zephyr/arch/arch/arm/core/cortex_m/libarch__arm__core__cortex_m.a(swap_helper.S.obj)
                              (--whole-archive)
zephyr/arch/arch/arm/core/cortex_m/libarch__arm__core__cortex_m.a(irq_manage.c.obj)
                              (--whole-archive)
zephyr/arch/arch/arm/core/cortex_m/libarch__arm__core__cortex_m.a(prep_c.c.obj)
                              (--whole-archive)
zephyr/arch/arch/arm/core/cortex_m/libarch__arm__core__cortex_m.a(thread.c.obj)
                              (--whole-archive)
zephyr/arch/arch/arm/core/cortex_m/libarch__arm__core__cortex_m.a(cpu_idle.c.obj)
                              (--whole-archive)
zephyr/arch/arch/arm/core/cortex_m/libarch__arm__core__cortex_m.a(irq_init.c.obj)
                              (--whole-archive)
zephyr/arch/arch/arm/core/cortex_m/libarch__arm__core__cortex_m.a(isr_wrapper.c.obj)
                              (--whole-archive)
zephyr/arch/arch/arm/core/cortex_m/libarch__arm__core__cortex_m.a(__aeabi_read_tp.S.obj)
                              (--whole-archive)
zephyr/arch/arch/arm/core/cortex_m/cmse/libarch__arm__core__cortex_m__cmse.a(arm_core_cmse.c.obj)
                              (--whole-archive)
zephyr/arch/arch/arm/core/mpu/libarch__arm__core__mpu.a(arm_core_mpu.c.obj)
                              (--whole-archive)
[...]
Memory Configuration

Name             Origin             Length             Attributes
FLASH            0x0000000008000000 0x0000000000200000 xr
RAM              0x0000000020000000 0x0000000000040000 xw
SRAM1            0x0000000020000000 0x0000000000040000 rw
SRAM2            0x0000000020040000 0x0000000000010000 rw
SRAM3            0x0000000020050000 0x0000000000050000 rw
IDT_LIST         0x00000000ffff7fff 0x0000000000008000 xw
*default*        0x0000000000000000 0xffffffffffffffff

Linker script and memory map

                0x0000000008002db8                vfprintf = __l_vfprintf
                0x0000000000000000                vfscanf = __l_vfscanf
LOAD zephyr/CMakeFiles/zephyr_pre0.dir/misc/empty_file.c.obj
LOAD zephyr/CMakeFiles/offsets.dir/./arch/arm/core/offsets/offsets.c.obj
LOAD app/libapp.a
LOAD zephyr/libzephyr.a
LOAD zephyr/arch/common/libarch__common.a
LOAD zephyr/arch/arch/arm/core/libarch__arm__core.a
LOAD zephyr/arch/arch/arm/core/cortex_m/libarch__arm__core__cortex_m.a
LOAD zephyr/arch/arch/arm/core/cortex_m/cmse/libarch__arm__core__cortex_m__cmse.a
LOAD zephyr/arch/arch/arm/core/mpu/libarch__arm__core__mpu.a
LOAD zephyr/lib/libc/picolibc/liblib__libc__picolibc.a
LOAD zephyr/lib/libc/common/liblib__libc__common.a
LOAD zephyr/drivers/interrupt_controller/libdrivers__interrupt_controller.a
LOAD zephyr/drivers/cache/libdrivers__cache.a
LOAD zephyr/drivers/clock_control/libdrivers__clock_control.a
LOAD zephyr/drivers/console/libdrivers__console.a
LOAD zephyr/drivers/gpio/libdrivers__gpio.a
LOAD zephyr/drivers/pinctrl/libdrivers__pinctrl.a
LOAD zephyr/drivers/reset/libdrivers__reset.a
LOAD zephyr/drivers/serial/libdrivers__serial.a
LOAD zephyr/drivers/timer/libdrivers__timer.a
LOAD modules/hal_stm32/stm32cube/lib..__modules__hal__stm32__stm32cube.a
LOAD zephyr/kernel/libkernel.a
LOAD zephyr/arch/common/libisr_tables.a
LOAD /Users/austinbowman/zephyr-sdk-0.17.2/arm-zephyr-eabi/bin/../lib/gcc/../../picolibc/arm-zephyr-eabi/lib/thumb/v8-m.main/nofp/libc.a
LOAD /Users/austinbowman/zephyr-sdk-0.17.2/arm-zephyr-eabi/bin/../lib/gcc/arm-zephyr-eabi/12.2.0/thumb/v8-m.main/nofp/libgcc.a
                0x0000000000000020                _region_min_align = 0x20

.rel.plt        0x0000000008000000        0x0
 *(SORT_BY_ALIGNMENT(.rel.plt))
                [!provide]                        PROVIDE (__rel_iplt_start = .)
 *(SORT_BY_ALIGNMENT(.rel.iplt))
 .rel.iplt      0x0000000008000000        0x0 app/libapp.a(main.c.obj)
                [!provide]                        PROVIDE (__rel_iplt_end = .)

.rela.plt       0x0000000000000000        0x0
 *(SORT_BY_ALIGNMENT(.rela.plt))
                [!provide]                        PROVIDE (__rela_iplt_start = .)
 *(SORT_BY_ALIGNMENT(.rela.iplt))
                [!provide]                        PROVIDE (__rela_iplt_end = .)

.rel.dyn
 *(SORT_BY_ALIGNMENT(.rel.*))

.rela.dyn
 *(SORT_BY_ALIGNMENT(.rela.*))

/DISCARD/
 *(SORT_BY_ALIGNMENT(.plt))

/DISCARD/
 *(SORT_BY_ALIGNMENT(.iplt))
                0x0000000008000000                __rom_region_start = 0x8000000

rom_start       0x0000000008000000      0x24c
                0x0000000008000000                __rom_start_address = .
 FILL mask 0x00
                0x0000000008000000                . = (. + (0x0 - (. - __rom_start_address)))
                0x0000000008000000                . = ALIGN (0x4)
                0x0000000008000000                . = ALIGN (0x80)
                0x0000000008000000                . = ALIGN (0x400)
                0x0000000008000000                _vector_start = .
 *(SORT_BY_ALIGNMENT(.exc_vector_table))
 *(SORT_BY_ALIGNMENT(.exc_vector_table.*))
 .exc_vector_table._vector_table_section
                0x0000000008000000       0x40 zephyr/arch/arch/arm/core/cortex_m/libarch__arm__core__cortex_m.a(vector_table.S.obj)
                0x0000000008000000                _vector_table
 *(SORT_BY_ALIGNMENT(.vectors))
                0x000000000800024c                _vector_end = .
                0x0000000008000040                . = ALIGN (0x4)
 *(SORT_BY_ALIGNMENT(.gnu.linkonce.irq_vector_table*))
 .gnu.linkonce.irq_vector_table
                0x0000000008000040      0x20c zephyr/arch/common/libisr_tables.a(isr_tables.c.obj)
                0x0000000008000040                _irq_vector_table
                0x000000000800024c                _vector_end = .

text            0x000000000800024c     0x3cd0
                0x000000000800024c                __text_region_start = .
 *(SORT_BY_ALIGNMENT(.text))
 .text          0x000000000800024c       0x30 /Users/austinbowman/zephyr-sdk-0.17.2/arm-zephyr-eabi/bin/../lib/gcc/arm-zephyr-eabi/12.2.0/thumb/v8-m.main/nofp/libgcc.a(_aeabi_uldivmod.o)
                0x000000000800024c                __aeabi_uldivmod
 .text          0x000000000800027c        0x4 /Users/austinbowman/zephyr-sdk-0.17.2/arm-zephyr-eabi/bin/../lib/gcc/arm-zephyr-eabi/12.2.0/thumb/v8-m.main/nofp/libgcc.a(_dvmd_tls.o)
                0x000000000800027c                __aeabi_ldiv0
                0x000000000800027c                __aeabi_idiv0
 .text          0x0000000008000280      0x29c /Users/austinbowman/zephyr-sdk-0.17.2/arm-zephyr-eabi/bin/../lib/gcc/arm-zephyr-eabi/12.2.0/thumb/v8-m.main/nofp/libgcc.a(_udivmoddi4.o)
                0x0000000008000280                __udivmoddi4
 *(SORT_BY_ALIGNMENT(.text.*))
 .text.blink_thread_start
                0x000000000800051c       0x50 app/libapp.a(main.c.obj)
                0x000000000800051c                blink_thread_start
 .text.main     0x000000000800056c       0x90 app/libapp.a(main.c.obj)
                0x000000000800056c                main
 .text.char_out
                0x00000000080005fc        0xc zephyr/libzephyr.a(printk.c.obj)
 .text.__printk_hook_install
                0x0000000008000608        0xc zephyr/libzephyr.a(printk.c.obj)
                0x0000000008000608                __printk_hook_install
 .text.vprintk  0x0000000008000614       0x30 zephyr/libzephyr.a(printk.c.obj)
                0x0000000008000614                vprintk
 .text.z_thread_entry
                0x0000000008000644       0x34 zephyr/libzephyr.a(thread_entry.c.obj)
                0x0000000008000644                z_thread_entry
 .text.st_stm32_common_config
                0x0000000008000678       0x14 zephyr/libzephyr.a(soc_config.c.obj)
 .text.stm32_backup_domain_enable_access
                0x000000000800068c       0x3c zephyr/libzephyr.a(stm32_backup_domain.c.obj)
                0x000000000800068c                stm32_backup_domain_enable_access
 .text.stm32_backup_domain_disable_access
                0x00000000080006c8       0x58 zephyr/libzephyr.a(stm32_backup_domain.c.obj)
                0x00000000080006c8                stm32_backup_domain_disable_access
 .text.soc_early_init_hook
                0x0000000008000720       0x24 zephyr/libzephyr.a(soc.c.obj)
                0x0000000008000720                soc_early_init_hook
 .text.mem_attr_get_regions
                0x0000000008000744        0xc zephyr/libzephyr.a(mem_attr.c.obj)
                0x0000000008000744                mem_attr_get_regions
 .text.z_arm_fatal_error
                0x0000000008000750       0x60 zephyr/arch/arch/arm/core/libarch__arm__core.a(fatal.c.obj)
                0x0000000008000750                z_arm_fatal_error
 .text.z_SysNmiOnReset
                0x00000000080007b0        0x8 zephyr/arch/arch/arm/core/libarch__arm__core.a(nmi_on_reset.S.obj)
                0x00000000080007b0                z_SysNmiOnReset
 .text.arch_tls_stack_setup
                0x00000000080007b8       0x40 zephyr/arch/arch/arm/core/libarch__arm__core.a(tls.c.obj)
                0x00000000080007b8                arch_tls_stack_setup
 .text._HandlerModeExit
                0x00000000080007f8       0x20 zephyr/arch/arch/arm/core/cortex_m/libarch__arm__core__cortex_m.a(exc_exit.c.obj)
                0x00000000080007f8                z_arm_exc_exit
                0x00000000080007f8                z_arm_int_exit
 .text.usage_fault.constprop.0
                0x0000000008000818       0xa8 zephyr/arch/arch/arm/core/cortex_m/libarch__arm__core__cortex_m.a(fault.c.obj)
 .text.bus_fault.constprop.0
                0x00000000080008c0       0xb8 zephyr/arch/arch/arm/core/cortex_m/libarch__arm__core__cortex_m.a(fault.c.obj)
 .text.mem_manage_fault.constprop.0
                0x0000000008000978       0xbc zephyr/arch/arch/arm/core/cortex_m/libarch__arm__core__cortex_m.a(fault.c.obj)
 .text.z_arm_fault
                0x0000000008000a34      0x1a0 zephyr/arch/arch/arm/core/cortex_m/libarch__arm__core__cortex_m.a(fault.c.obj)
                0x0000000008000a34                z_arm_fault
 .text.z_arm_fault_init
                0x0000000008000bd4       0x20 zephyr/arch/arch/arm/core/cortex_m/libarch__arm__core__cortex_m.a(fault.c.obj)
                0x0000000008000bd4                z_arm_fault_init
 .text.__fault  0x0000000008000bf4       0x14 zephyr/arch/arch/arm/core/cortex_m/libarch__arm__core__cortex_m.a(fault_s.S.obj)
                0x0000000008000bf4                z_arm_bus_fault
                0x0000000008000bf4                z_arm_usage_fault
                0x0000000008000bf4                z_arm_mpu_fault
                0x0000000008000bf4                z_arm_exc_spurious
                0x0000000008000bf4                z_arm_debug_monitor
                0x0000000008000bf4                z_arm_hard_fault
 .text._reset_section
                0x0000000008000c08       0x34 zephyr/arch/arch/arm/core/cortex_m/libarch__arm__core__cortex_m.a(reset.S.obj)
                0x0000000008000c08                z_arm_reset
                0x0000000008000c08                __start
 .text.z_impl_k_thread_abort
                0x0000000008000c3c       0x2c zephyr/arch/arch/arm/core/cortex_m/libarch__arm__core__cortex_m.a(thread_abort.c.obj)
                0x0000000008000c3c                z_impl_k_thread_abort
 .text.z_arm_pendsv
                0x0000000008000c68       0x60 zephyr/arch/arch/arm/core/cortex_m/libarch__arm__core__cortex_m.a(swap_helper.S.obj)
                0x0000000008000c68                z_arm_pendsv
 .text.z_arm_svc
                0x0000000008000cc8       0x24 zephyr/arch/arch/arm/core/cortex_m/libarch__arm__core__cortex_m.a(swap_helper.S.obj)
                0x0000000008000cc8                z_arm_svc
 .text.arm_irq_enable
                0x0000000008000cec       0x1c zephyr/arch/arch/arm/core/cortex_m/libarch__arm__core__cortex_m.a(irq_manage.c.obj)
                0x0000000008000cec                arm_irq_enable
 .text.arm_irq_priority_set
                0x0000000008000d08       0x2c zephyr/arch/arch/arm/core/cortex_m/libarch__arm__core__cortex_m.a(irq_manage.c.obj)
                0x0000000008000d08                arm_irq_priority_set
 .text.relocate_vector_table
                0x0000000008000d34       0x1c zephyr/arch/arch/arm/core/cortex_m/libarch__arm__core__cortex_m.a(prep_c.c.obj)
                0x0000000008000d34                relocate_vector_table
 .text.z_prep_c
                0x0000000008000d50       0x38 zephyr/arch/arch/arm/core/cortex_m/libarch__arm__core__cortex_m.a(prep_c.c.obj)
                0x0000000008000d50                z_prep_c
 .text.arch_new_thread
                0x0000000008000d88       0x38 zephyr/arch/arch/arm/core/cortex_m/libarch__arm__core__cortex_m.a(thread.c.obj)
                0x0000000008000d88                arch_new_thread
 .text.arch_switch_to_main_thread
                0x0000000008000dc0       0x40 zephyr/arch/arch/arm/core/cortex_m/libarch__arm__core__cortex_m.a(thread.c.obj)
                0x0000000008000dc0                arch_switch_to_main_thread
 .text.z_arm_cpu_idle_init
                0x0000000008000e00        0xc zephyr/arch/arch/arm/core/cortex_m/libarch__arm__core__cortex_m.a(cpu_idle.c.obj)
                0x0000000008000e00                z_arm_cpu_idle_init
 .text.z_arm_interrupt_init
                0x0000000008000e0c       0x18 zephyr/arch/arch/arm/core/cortex_m/libarch__arm__core__cortex_m.a(irq_init.c.obj)
                0x0000000008000e0c                z_arm_interrupt_init
 .text._isr_wrapper
                0x0000000008000e24       0x24 zephyr/arch/arch/arm/core/cortex_m/libarch__arm__core__cortex_m.a(isr_wrapper.c.obj)
                0x0000000008000e24                _isr_wrapper
 .text.z_arm_configure_static_mpu_regions
                0x0000000008000e48       0x38 zephyr/arch/arch/arm/core/mpu/libarch__arm__core__mpu.a(arm_core_mpu.c.obj)
                0x0000000008000e48                z_arm_configure_static_mpu_regions
 .text.region_init
                0x0000000008000e80       0x34 zephyr/arch/arch/arm/core/mpu/libarch__arm__core__mpu.a(arm_mpu.c.obj)
 .text.region_allocate_and_init
                0x0000000008000eb4       0x24 zephyr/arch/arch/arm/core/mpu/libarch__arm__core__mpu.a(arm_mpu.c.obj)
 .text.mpu_configure_regions_and_partition.constprop.0
                0x0000000008000ed8      0x148 zephyr/arch/arch/arm/core/mpu/libarch__arm__core__mpu.a(arm_mpu.c.obj)
 .text.arm_core_mpu_enable
                0x0000000008001020       0x18 zephyr/arch/arch/arm/core/mpu/libarch__arm__core__mpu.a(arm_mpu.c.obj)
                0x0000000008001020                arm_core_mpu_enable
 .text.arm_core_mpu_disable
                0x0000000008001038       0x14 zephyr/arch/arch/arm/core/mpu/libarch__arm__core__mpu.a(arm_mpu.c.obj)
                0x0000000008001038                arm_core_mpu_disable
 .text.arm_core_mpu_configure_static_mpu_regions
                0x000000000800104c       0x14 zephyr/arch/arch/arm/core/mpu/libarch__arm__core__mpu.a(arm_mpu.c.obj)
                0x000000000800104c                arm_core_mpu_configure_static_mpu_regions
 .text.arm_core_mpu_mark_areas_for_dynamic_regions
                0x0000000008001060       0xb8 zephyr/arch/arch/arm/core/mpu/libarch__arm__core__mpu.a(arm_mpu.c.obj)
                0x0000000008001060                arm_core_mpu_mark_areas_for_dynamic_regions
 .text.z_arm_mpu_init
                0x0000000008001118      0x11c zephyr/arch/arch/arm/core/mpu/libarch__arm__core__mpu.a(arm_mpu.c.obj)
                0x0000000008001118                z_arm_mpu_init
 .text.z_impl_zephyr_fputc
                0x0000000008001234       0x10 zephyr/lib/libc/picolibc/liblib__libc__picolibc.a(stdio.c.obj)
                0x0000000008001234                z_impl_zephyr_fputc
 .text.__stdout_hook_install
                0x0000000008001244       0x18 zephyr/lib/libc/picolibc/liblib__libc__picolibc.a(stdio.c.obj)
                0x0000000008001244                __stdout_hook_install
 .text.malloc_prepare
                0x000000000800125c       0x24 zephyr/lib/libc/common/liblib__libc__common.a(malloc.c.obj)
 .text.stm32_intc_gpio_isr
                0x0000000008001280       0x54 zephyr/drivers/interrupt_controller/libdrivers__interrupt_controller.a(intc_gpio_stm32.c.obj)
 .text.stm32_fill_irq_table.constprop.0
                0x00000000080012d4        0xc zephyr/drivers/interrupt_controller/libdrivers__interrupt_controller.a(intc_gpio_stm32.c.obj)
 .text.stm32_gpio_intc_enable_line
                0x00000000080012e0       0x30 zephyr/drivers/interrupt_controller/libdrivers__interrupt_controller.a(intc_gpio_stm32.c.obj)
                0x00000000080012e0                stm32_gpio_intc_enable_line
 .text.stm32_gpio_intc_disable_line
                0x0000000008001310       0x14 zephyr/drivers/interrupt_controller/libdrivers__interrupt_controller.a(intc_gpio_stm32.c.obj)
                0x0000000008001310                stm32_gpio_intc_disable_line
 .text.stm32_gpio_intc_select_line_trigger
                0x0000000008001324       0x50 zephyr/drivers/interrupt_controller/libdrivers__interrupt_controller.a(intc_gpio_stm32.c.obj)
                0x0000000008001324                stm32_gpio_intc_select_line_trigger
 .text.stm32_gpio_intc_set_irq_callback
                0x0000000008001374       0x40 zephyr/drivers/interrupt_controller/libdrivers__interrupt_controller.a(intc_gpio_stm32.c.obj)
                0x0000000008001374                stm32_gpio_intc_set_irq_callback
 .text.stm32_gpio_intc_remove_irq_callback
                0x00000000080013b4       0x24 zephyr/drivers/interrupt_controller/libdrivers__interrupt_controller.a(intc_gpio_stm32.c.obj)
                0x00000000080013b4                stm32_gpio_intc_remove_irq_callback
 .text.stm32_exti_get_line_src_port
                0x00000000080013d8       0x24 zephyr/drivers/interrupt_controller/libdrivers__interrupt_controller.a(intc_gpio_stm32.c.obj)
                0x00000000080013d8                stm32_exti_get_line_src_port
 .text.stm32_exti_init
                0x00000000080013fc       0x34 zephyr/drivers/interrupt_controller/libdrivers__interrupt_controller.a(intc_exti_stm32.c.obj)
 .text.stm32_exti_is_pending
                0x0000000008001430       0x44 zephyr/drivers/interrupt_controller/libdrivers__interrupt_controller.a(intc_exti_stm32.c.obj)
                0x0000000008001430                stm32_exti_is_pending
 .text.stm32_exti_clear_pending
                0x0000000008001474       0x2c zephyr/drivers/interrupt_controller/libdrivers__interrupt_controller.a(intc_exti_stm32.c.obj)
                0x0000000008001474                stm32_exti_clear_pending
 .text.cache_instr_enable
                0x00000000080014a0       0x24 zephyr/drivers/cache/libdrivers__cache.a(cache_stm32.c.obj)
                0x00000000080014a0                cache_instr_enable
 .text.stm32_clock_control_get_subsys_rate
                0x00000000080014c4       0xd8 zephyr/drivers/clock_control/libdrivers__clock_control.a(clock_stm32_ll_h5.c.obj)
 .text.stm32_clock_control_init
                0x000000000800159c      0x1bc zephyr/drivers/clock_control/libdrivers__clock_control.a(clock_stm32_ll_h5.c.obj)
                0x000000000800159c                stm32_clock_control_init
 .text.uart_console_init
                0x0000000008001758       0x28 zephyr/drivers/console/libdrivers__console.a(uart_console.c.obj)
 .text.console_out
                0x0000000008001780       0x28 zephyr/drivers/console/libdrivers__console.a(uart_console.c.obj)
 .text.gpio_stm32_pin_interrupt_configure
                0x00000000080017a8       0xb0 zephyr/drivers/gpio/libdrivers__gpio.a(gpio_stm32.c.obj)
 .text.gpio_stm32_init
                0x0000000008001858       0x38 zephyr/drivers/gpio/libdrivers__gpio.a(gpio_stm32.c.obj)
 .text.pinctrl_configure_pins
                0x0000000008001890       0x84 zephyr/drivers/pinctrl/libdrivers__pinctrl.a(pinctrl_stm32.c.obj)
                0x0000000008001890                pinctrl_configure_pins
 .text.uart_stm32_cfg2ll_stopbits
                0x0000000008001914       0x4c zephyr/drivers/serial/libdrivers__serial.a(uart_stm32.c.obj)
 .text.lpuartdiv_calc
                0x0000000008001960       0x30 zephyr/drivers/serial/libdrivers__serial.a(uart_stm32.c.obj)
                0x0000000008001960                lpuartdiv_calc
 .text.uart_stm32_set_baudrate
                0x0000000008001990       0xbc zephyr/drivers/serial/libdrivers__serial.a(uart_stm32.c.obj)
 .text.uart_stm32_configure
                0x0000000008001a4c      0x1c8 zephyr/drivers/serial/libdrivers__serial.a(uart_stm32.c.obj)
 .text.uart_stm32_init
                0x0000000008001c14      0x21c zephyr/drivers/serial/libdrivers__serial.a(uart_stm32.c.obj)
 .text.elapsed  0x0000000008001e30       0x4c zephyr/drivers/timer/libdrivers__timer.a(cortex_m_systick.c.obj)
 .text.sys_clock_driver_init
                0x0000000008001e7c       0x38 zephyr/drivers/timer/libdrivers__timer.a(cortex_m_systick.c.obj)
 .text.sys_clock_isr
                0x0000000008001eb4       0x60 zephyr/drivers/timer/libdrivers__timer.a(cortex_m_systick.c.obj)
                0x0000000008001eb4                sys_clock_isr
 .text.sys_clock_set_timeout
                0x0000000008001f14       0xfc zephyr/drivers/timer/libdrivers__timer.a(cortex_m_systick.c.obj)
                0x0000000008001f14                sys_clock_set_timeout
 .text.sys_clock_elapsed
                0x0000000008002010       0x3c zephyr/drivers/timer/libdrivers__timer.a(cortex_m_systick.c.obj)
                0x0000000008002010                sys_clock_elapsed
 .text.LL_SetFlashLatency
                0x000000000800204c      0x140 modules/hal_stm32/stm32cube/lib..__modules__hal__stm32__stm32cube.a(stm32h5xx_ll_utils.c.obj)
                0x000000000800204c                LL_SetFlashLatency
 .text.z_fatal_error
                0x000000000800218c       0x30 zephyr/kernel/libkernel.a(fatal.c.obj)
                0x000000000800218c                z_fatal_error
 .text.z_sys_init_run_level
                0x00000000080021bc       0x30 zephyr/kernel/libkernel.a(init.c.obj)
 .text.bg_thread_main
                0x00000000080021ec       0xc0 zephyr/kernel/libkernel.a(init.c.obj)
 .text.z_bss_zero
                0x00000000080022ac       0x18 zephyr/kernel/libkernel.a(init.c.obj)
                0x00000000080022ac                z_bss_zero
 .text.z_init_cpu
                0x00000000080022c4       0x68 zephyr/kernel/libkernel.a(init.c.obj)
                0x00000000080022c4                z_init_cpu
 .text.z_cstart
                0x000000000800232c       0xd0 zephyr/kernel/libkernel.a(init.c.obj)
                0x000000000800232c                z_cstart
 .text.z_setup_new_thread
                0x00000000080023fc       0x7c zephyr/kernel/libkernel.a(thread.c.obj)
                0x00000000080023fc                z_setup_new_thread
 .text.z_impl_k_thread_create
                0x0000000008002478       0x58 zephyr/kernel/libkernel.a(thread.c.obj)
                0x0000000008002478                z_impl_k_thread_create
 .text.z_dummy_thread_init
                0x00000000080024d0       0x18 zephyr/kernel/libkernel.a(thread.c.obj)
                0x00000000080024d0                z_dummy_thread_init
 .text.z_swap_irqlock
                0x00000000080024e8       0x30 zephyr/kernel/libkernel.a(sched.c.obj)
 .text.ready_thread
                0x0000000008002518       0x84 zephyr/kernel/libkernel.a(sched.c.obj)
 .text.unready_thread
                0x000000000800259c       0x54 zephyr/kernel/libkernel.a(sched.c.obj)
 .text.move_thread_to_end_of_prio_q
                0x00000000080025f0       0x90 zephyr/kernel/libkernel.a(sched.c.obj)
                0x00000000080025f0                move_thread_to_end_of_prio_q
 .text.z_reschedule
                0x0000000008002680       0x24 zephyr/kernel/libkernel.a(sched.c.obj)
                0x0000000008002680                z_reschedule
 .text.z_reschedule_irqlock
                0x00000000080026a4       0x28 zephyr/kernel/libkernel.a(sched.c.obj)
                0x00000000080026a4                z_reschedule_irqlock
 .text.k_sched_lock
                0x00000000080026cc       0x28 zephyr/kernel/libkernel.a(sched.c.obj)
                0x00000000080026cc                k_sched_lock
 .text.k_sched_unlock
                0x00000000080026f4       0x68 zephyr/kernel/libkernel.a(sched.c.obj)
                0x00000000080026f4                k_sched_unlock
 .text.z_sched_init
                0x000000000800275c       0x10 zephyr/kernel/libkernel.a(sched.c.obj)
                0x000000000800275c                z_sched_init
 .text.z_impl_k_yield
                0x000000000800276c       0x88 zephyr/kernel/libkernel.a(sched.c.obj)
                0x000000000800276c                z_impl_k_yield
 .text.z_tick_sleep
                0x00000000080027f4       0x78 zephyr/kernel/libkernel.a(sched.c.obj)
 .text.z_impl_k_wakeup
                0x000000000800286c       0x48 zephyr/kernel/libkernel.a(sched.c.obj)
                0x000000000800286c                z_impl_k_wakeup
 .text.z_impl_k_sched_current_thread_query
                0x00000000080028b4        0xc zephyr/kernel/libkernel.a(sched.c.obj)
                0x00000000080028b4                z_impl_k_sched_current_thread_query
 .text.z_thread_abort
                0x00000000080028c0      0x140 zephyr/kernel/libkernel.a(sched.c.obj)
                0x00000000080028c0                z_thread_abort
 .text.slice_timeout
                0x0000000008002a00       0x20 zephyr/kernel/libkernel.a(timeslicing.c.obj)
 .text.thread_is_sliceable
                0x0000000008002a20       0x3c zephyr/kernel/libkernel.a(timeslicing.c.obj)
                0x0000000008002a20                thread_is_sliceable
 .text.z_reset_time_slice
                0x0000000008002a5c       0x50 zephyr/kernel/libkernel.a(timeslicing.c.obj)
                0x0000000008002a5c                z_reset_time_slice
 .text.z_time_slice
                0x0000000008002aac       0x60 zephyr/kernel/libkernel.a(timeslicing.c.obj)
                0x0000000008002aac                z_time_slice
 .text.z_data_copy
                0x0000000008002b0c       0x38 zephyr/kernel/libkernel.a(xip.c.obj)
                0x0000000008002b0c                z_data_copy
 .text.first    0x0000000008002b44       0x10 zephyr/kernel/libkernel.a(timeout.c.obj)
 .text.elapsed  0x0000000008002b54       0x14 zephyr/kernel/libkernel.a(timeout.c.obj)
 .text.remove_timeout
                0x0000000008002b68       0x38 zephyr/kernel/libkernel.a(timeout.c.obj)
 .text.z_add_timeout
                0x0000000008002ba0      0x120 zephyr/kernel/libkernel.a(timeout.c.obj)
                0x0000000008002ba0                z_add_timeout
 .text.sys_clock_announce
                0x0000000008002cc0       0xbc zephyr/kernel/libkernel.a(timeout.c.obj)
                0x0000000008002cc0                sys_clock_announce
 .text.sys_clock_tick_get
                0x0000000008002d7c       0x30 zephyr/kernel/libkernel.a(timeout.c.obj)
                0x0000000008002d7c                sys_clock_tick_get
 .text.boot_banner
                0x0000000008002dac        0xc zephyr/kernel/libkernel.a(banner.c.obj)
                0x0000000008002dac                boot_banner
 .text.__l_vfprintf
                0x0000000008002db8      0x4b4 /Users/austinbowman/zephyr-sdk-0.17.2/arm-zephyr-eabi/bin/../lib/gcc/../../picolibc/arm-zephyr-eabi/lib/thumb/v8-m.main/nofp/libc.a(libc_tinystdio_vflprintf.c.o)
                0x0000000008002db8                __l_vfprintf
 .text._OffsetAbsSyms
                0x000000000800326c        0x2 zephyr/CMakeFiles/offsets.dir/./arch/arm/core/offsets/offsets.c.obj
                0x000000000800326c                _OffsetAbsSyms
 .text.chunk_size
                0x000000000800326e        0xa zephyr/libzephyr.a(heap.c.obj)
 .text.free_list_add
                0x0000000008003278       0x4e zephyr/libzephyr.a(heap.c.obj)
 .text.sys_heap_init
                0x00000000080032c6       0x7a zephyr/libzephyr.a(heap.c.obj)
                0x00000000080032c6                sys_heap_init
 .text.arch_printk_char_out
                0x0000000008003340        0x4 zephyr/libzephyr.a(printk.c.obj)
                0x0000000008003340                arch_printk_char_out
 .text.printk   0x0000000008003344       0x1a zephyr/libzephyr.a(printk.c.obj)
                0x0000000008003344                printk
 .text._ConfigAbsSyms
                0x000000000800335e        0x2 zephyr/libzephyr.a(configs.c.obj)
                0x000000000800335e                _ConfigAbsSyms
 .text.z_do_kernel_oops
                0x0000000008003360        0x8 zephyr/arch/arch/arm/core/libarch__arm__core.a(fatal.c.obj)
                0x0000000008003360                z_do_kernel_oops
 .text.z_arm_nmi
                0x0000000008003368        0xe zephyr/arch/arch/arm/core/libarch__arm__core.a(nmi.c.obj)
                0x0000000008003368                z_arm_nmi
 .text.z_irq_spurious
                0x0000000008003376        0x8 zephyr/arch/arch/arm/core/cortex_m/libarch__arm__core__cortex_m.a(irq_manage.c.obj)
                0x0000000008003376                z_irq_spurious
 .text.configure_builtin_stack_guard
                0x000000000800337e        0x8 zephyr/arch/arch/arm/core/cortex_m/libarch__arm__core__cortex_m.a(thread.c.obj)
                0x000000000800337e                configure_builtin_stack_guard
 .text.arch_coprocessors_disable
                0x0000000008003386        0x6 zephyr/arch/arch/arm/core/cortex_m/libarch__arm__core__cortex_m.a(thread.c.obj)
                0x0000000008003386                arch_coprocessors_disable
 .text.arch_irq_unlock_outlined
                0x000000000800338c        0xe zephyr/arch/arch/arm/core/cortex_m/libarch__arm__core__cortex_m.a(thread.c.obj)
                0x000000000800338c                arch_irq_unlock_outlined
 .text.arch_cpu_idle
                0x000000000800339a       0x1a zephyr/arch/arch/arm/core/cortex_m/libarch__arm__core__cortex_m.a(cpu_idle.c.obj)
                0x000000000800339a                arch_cpu_idle
 .text.arm_cmse_mpu_region_get
                0x00000000080033b4       0x12 zephyr/arch/arch/arm/core/cortex_m/cmse/libarch__arm__core__cortex_m__cmse.a(arm_core_cmse.c.obj)
                0x00000000080033b4                arm_cmse_mpu_region_get
 .text.mpu_configure_region
                0x00000000080033c6       0x32 zephyr/arch/arch/arm/core/mpu/libarch__arm__core__mpu.a(arm_mpu.c.obj)
 .text.picolibc_put
                0x00000000080033f8        0xa zephyr/lib/libc/picolibc/liblib__libc__picolibc.a(stdio.c.obj)
 .text.stm32_exti_gpio_intc_init
                0x0000000008003402      0x126 zephyr/drivers/interrupt_controller/libdrivers__interrupt_controller.a(intc_gpio_stm32.c.obj)
 .text.stm32_gpio_intc_get_pin_irq_line
                0x0000000008003528        0xa zephyr/drivers/interrupt_controller/libdrivers__interrupt_controller.a(intc_gpio_stm32.c.obj)
                0x0000000008003528                stm32_gpio_intc_get_pin_irq_line
 .text.stm32_exti_set_line_src_port
                0x0000000008003532       0x26 zephyr/drivers/interrupt_controller/libdrivers__interrupt_controller.a(intc_gpio_stm32.c.obj)
                0x0000000008003532                stm32_exti_set_line_src_port
 .text.stm32_clock_control_on
                0x0000000008003558       0x44 zephyr/drivers/clock_control/libdrivers__clock_control.a(clock_stm32_ll_h5.c.obj)
 .text.stm32_clock_control_off
                0x000000000800359c       0x2c zephyr/drivers/clock_control/libdrivers__clock_control.a(clock_stm32_ll_h5.c.obj)
 .text.enabled_clock
                0x00000000080035c8       0x18 zephyr/drivers/clock_control/libdrivers__clock_control.a(clock_stm32_ll_h5.c.obj)
                0x00000000080035c8                enabled_clock
 .text.stm32_clock_control_configure
                0x00000000080035e0       0x2e zephyr/drivers/clock_control/libdrivers__clock_control.a(clock_stm32_ll_h5.c.obj)
 .text.stm32_clock_control_get_status
                0x000000000800360e       0x38 zephyr/drivers/clock_control/libdrivers__clock_control.a(clock_stm32_ll_h5.c.obj)
 .text.gpio_stm32_port_get_raw
                0x0000000008003646        0xc zephyr/drivers/gpio/libdrivers__gpio.a(gpio_stm32.c.obj)
 .text.gpio_stm32_port_set_masked_raw
                0x0000000008003652       0x12 zephyr/drivers/gpio/libdrivers__gpio.a(gpio_stm32.c.obj)
 .text.gpio_stm32_port_set_bits_raw
                0x0000000008003664        0xa zephyr/drivers/gpio/libdrivers__gpio.a(gpio_stm32.c.obj)
 .text.gpio_stm32_port_clear_bits_raw
                0x000000000800366e        0xa zephyr/drivers/gpio/libdrivers__gpio.a(gpio_stm32.c.obj)
 .text.gpio_stm32_port_toggle_bits
                0x0000000008003678        0xe zephyr/drivers/gpio/libdrivers__gpio.a(gpio_stm32.c.obj)
 .text.gpio_stm32_manage_callback
                0x0000000008003686       0x52 zephyr/drivers/gpio/libdrivers__gpio.a(gpio_stm32.c.obj)
 .text.gpio_stm32_configure_raw.isra.0
                0x00000000080036d8      0x106 zephyr/drivers/gpio/libdrivers__gpio.a(gpio_stm32.c.obj)
 .text.gpio_stm32_config
                0x00000000080037de       0xd4 zephyr/drivers/gpio/libdrivers__gpio.a(gpio_stm32.c.obj)
 .text.gpio_stm32_isr
                0x00000000080038b2       0x2c zephyr/drivers/gpio/libdrivers__gpio.a(gpio_stm32.c.obj)
 .text.gpio_stm32_configure
                0x00000000080038de       0x2a zephyr/drivers/gpio/libdrivers__gpio.a(gpio_stm32.c.obj)
                0x00000000080038de                gpio_stm32_configure
 .text.pinctrl_lookup_state
                0x0000000008003908       0x26 zephyr/drivers/pinctrl/libdrivers__pinctrl.a(common.c.obj)
                0x0000000008003908                pinctrl_lookup_state
 .text.reset_stm32_status
                0x000000000800392e       0x20 zephyr/drivers/reset/libdrivers__reset.a(reset_stm32.c.obj)
 .text.reset_stm32_line_assert
                0x000000000800394e       0x1c zephyr/drivers/reset/libdrivers__reset.a(reset_stm32.c.obj)
 .text.reset_stm32_line_deassert
                0x000000000800396a       0x1e zephyr/drivers/reset/libdrivers__reset.a(reset_stm32.c.obj)
 .text.reset_stm32_line_toggle
                0x0000000008003988       0x16 zephyr/drivers/reset/libdrivers__reset.a(reset_stm32.c.obj)
 .text.uart_stm32_ll2cfg_databits
                0x000000000800399e       0x2a zephyr/drivers/serial/libdrivers__serial.a(uart_stm32.c.obj)
 .text.uart_stm32_err_check
                0x00000000080039c8       0x5a zephyr/drivers/serial/libdrivers__serial.a(uart_stm32.c.obj)
 .text.uart_stm32_poll_out
                0x0000000008003a22       0x36 zephyr/drivers/serial/libdrivers__serial.a(uart_stm32.c.obj)
 .text.uart_stm32_poll_in
                0x0000000008003a58       0x20 zephyr/drivers/serial/libdrivers__serial.a(uart_stm32.c.obj)
 .text.uart_stm32_config_get
                0x0000000008003a78       0x92 zephyr/drivers/serial/libdrivers__serial.a(uart_stm32.c.obj)
 .text.uart_stm32_parameters_set
                0x0000000008003b0a      0x142 zephyr/drivers/serial/libdrivers__serial.a(uart_stm32.c.obj)
 .text.z_device_state_init
                0x0000000008003c4c        0x2 zephyr/kernel/libkernel.a(device.c.obj)
                0x0000000008003c4c                z_device_state_init
 .text.z_impl_device_is_ready
                0x0000000008003c4e       0x16 zephyr/kernel/libkernel.a(device.c.obj)
                0x0000000008003c4e                z_impl_device_is_ready
 .text.arch_system_halt
                0x0000000008003c64       0x10 zephyr/kernel/libkernel.a(fatal.c.obj)
                0x0000000008003c64                arch_system_halt
 .text.k_sys_fatal_error_handler
                0x0000000008003c74        0x6 zephyr/kernel/libkernel.a(fatal.c.obj)
                0x0000000008003c74                k_sys_fatal_error_handler
 .text.do_device_init
                0x0000000008003c7a       0x2e zephyr/kernel/libkernel.a(init.c.obj)
 .text.z_early_memset
                0x0000000008003ca8        0x4 zephyr/kernel/libkernel.a(init.c.obj)
                0x0000000008003ca8                z_early_memset
 .text.z_early_memcpy
                0x0000000008003cac        0x4 zephyr/kernel/libkernel.a(init.c.obj)
                0x0000000008003cac                z_early_memcpy
 .text.idle     0x0000000008003cb0       0x16 zephyr/kernel/libkernel.a(idle.c.obj)
                0x0000000008003cb0                idle
 .text.sys_dlist_remove
                0x0000000008003cc6       0x10 zephyr/kernel/libkernel.a(sched.c.obj)
 .text.unpend_thread_no_timeout
                0x0000000008003cd6       0x14 zephyr/kernel/libkernel.a(sched.c.obj)
 .text.z_ready_thread
                0x0000000008003cea       0x1e zephyr/kernel/libkernel.a(sched.c.obj)
                0x0000000008003cea                z_ready_thread
 .text.z_sched_wake_thread
                0x0000000008003d08       0x3a zephyr/kernel/libkernel.a(sched.c.obj)
                0x0000000008003d08                z_sched_wake_thread
 .text.z_thread_timeout
                0x0000000008003d42        0x8 zephyr/kernel/libkernel.a(sched.c.obj)
                0x0000000008003d42                z_thread_timeout
 .text.z_impl_k_sleep
                0x0000000008003d4a       0x50 zephyr/kernel/libkernel.a(sched.c.obj)
                0x0000000008003d4a                z_impl_k_sleep
 .text.next_timeout
                0x0000000008003d9a       0x2e zephyr/kernel/libkernel.a(timeout.c.obj)
 .text.z_abort_timeout
                0x0000000008003dc8       0x50 zephyr/kernel/libkernel.a(timeout.c.obj)
                0x0000000008003dc8                z_abort_timeout
 .text.sys_clock_tick_get_32
                0x0000000008003e18        0x8 zephyr/kernel/libkernel.a(timeout.c.obj)
                0x0000000008003e18                sys_clock_tick_get_32
 .text.memcpy   0x0000000008003e20       0x1a /Users/austinbowman/zephyr-sdk-0.17.2/arm-zephyr-eabi/bin/../lib/gcc/../../picolibc/arm-zephyr-eabi/lib/thumb/v8-m.main/nofp/libc.a(memcpy.c.o)
                0x0000000008003e20                memcpy
                0x0000000008003e20                __aeabi_memcpy
                0x0000000008003e20                __aeabi_memcpy4
                0x0000000008003e20                __aeabi_memcpy8
 .text.memset   0x0000000008003e3a       0x10 /Users/austinbowman/zephyr-sdk-0.17.2/arm-zephyr-eabi/bin/../lib/gcc/../../picolibc/arm-zephyr-eabi/lib/thumb/v8-m.main/nofp/libc.a(memset.c.o)
                0x0000000008003e3a                memset
 .text.strnlen  0x0000000008003e4a       0x18 /Users/austinbowman/zephyr-sdk-0.17.2/arm-zephyr-eabi/bin/../lib/gcc/../../picolibc/arm-zephyr-eabi/lib/thumb/v8-m.main/nofp/libc.a(libc_string_strnlen.c.o)
                0x0000000008003e4a                strnlen
 .text.__ultoa_invert
                0x0000000008003e62       0xac /Users/austinbowman/zephyr-sdk-0.17.2/arm-zephyr-eabi/bin/../lib/gcc/../../picolibc/arm-zephyr-eabi/lib/thumb/v8-m.main/nofp/libc.a(libc_tinystdio_vflprintf.c.o)
 *(SORT_BY_ALIGNMENT(.TEXT.*))
 *fill*         0x0000000008003f0e        0x2 
 .TEXT.__aeabi_read_tp
                0x0000000008003f10        0xc zephyr/arch/arch/arm/core/cortex_m/libarch__arm__core__cortex_m.a(__aeabi_read_tp.S.obj)
                0x0000000008003f10                __aeabi_read_tp
 *(SORT_BY_ALIGNMENT(.gnu.linkonce.t.*))
 *(SORT_BY_ALIGNMENT(.glue_7t))
 .glue_7t       0x0000000008003f1c        0x0 linker stubs
 *(SORT_BY_ALIGNMENT(.glue_7))
 .glue_7        0x0000000008003f1c        0x0 linker stubs
 *(SORT_BY_ALIGNMENT(.vfp11_veneer))
 .vfp11_veneer  0x0000000008003f1c        0x0 linker stubs
 *(SORT_BY_ALIGNMENT(.v4_bx))
 .v4_bx         0x0000000008003f1c        0x0 linker stubs
                0x0000000008003f1c                . = ALIGN (0x4)
                0x0000000008003f1c                __text_region_end = .

.ARM.exidx      0x0000000008003f1c        0x8
                0x0000000008003f1c                __exidx_start = .
 *(SORT_BY_ALIGNMENT(.ARM.exidx*) SORT_BY_ALIGNMENT(gnu.linkonce.armexidx.*))
 .ARM.exidx     0x0000000008003f1c        0x8 /Users/austinbowman/zephyr-sdk-0.17.2/arm-zephyr-eabi/bin/../lib/gcc/arm-zephyr-eabi/12.2.0/thumb/v8-m.main/nofp/libgcc.a(_udivmoddi4.o)
                0x0000000008003f24                __exidx_end = .
                0x0000000008003f24                __rodata_region_start = .

initlevel       0x0000000008003f24       0x98
                0x0000000008003f24                __init_start = .
                0x0000000008003f24                __init_EARLY_start = .
 *(SORT_BY_NAME(SORT_BY_ALIGNMENT(.z_init_EARLY_P_?_*)))
 *(SORT_BY_NAME(SORT_BY_ALIGNMENT(.z_init_EARLY_P_??_*)))
 *(SORT_BY_NAME(SORT_BY_ALIGNMENT(.z_init_EARLY_P_???_*)))
                0x0000000008003f24                __init_PRE_KERNEL_1_start = .
 *(SORT_BY_NAME(SORT_BY_ALIGNMENT(.z_init_PRE_KERNEL_1_P_?_*)))
 .z_init_PRE_KERNEL_1_P_1_SUB_00009_
                0x0000000008003f24        0x8 zephyr/drivers/clock_control/libdrivers__clock_control.a(clock_stm32_ll_h5.c.obj)
 .z_init_PRE_KERNEL_1_P_1_SUB_0_
                0x0000000008003f2c        0x8 zephyr/libzephyr.a(soc_config.c.obj)
 *(SORT_BY_NAME(SORT_BY_ALIGNMENT(.z_init_PRE_KERNEL_1_P_??_*)))
 .z_init_PRE_KERNEL_1_P_35_SUB_00054_
                0x0000000008003f34        0x8 zephyr/drivers/reset/libdrivers__reset.a(reset_stm32.c.obj)
 .z_init_PRE_KERNEL_1_P_40_SUB_00040_
                0x0000000008003f3c        0x8 zephyr/drivers/gpio/libdrivers__gpio.a(gpio_stm32.c.obj)
 .z_init_PRE_KERNEL_1_P_40_SUB_00043_
                0x0000000008003f44        0x8 zephyr/drivers/gpio/libdrivers__gpio.a(gpio_stm32.c.obj)
 .z_init_PRE_KERNEL_1_P_40_SUB_00044_
                0x0000000008003f4c        0x8 zephyr/drivers/gpio/libdrivers__gpio.a(gpio_stm32.c.obj)
 .z_init_PRE_KERNEL_1_P_40_SUB_00045_
                0x0000000008003f54        0x8 zephyr/drivers/gpio/libdrivers__gpio.a(gpio_stm32.c.obj)
 .z_init_PRE_KERNEL_1_P_40_SUB_00078_
                0x0000000008003f5c        0x8 zephyr/drivers/interrupt_controller/libdrivers__interrupt_controller.a(intc_exti_stm32.c.obj)
 .z_init_PRE_KERNEL_1_P_40_SUB_00109_
                0x0000000008003f64        0x8 zephyr/drivers/gpio/libdrivers__gpio.a(gpio_stm32.c.obj)
 .z_init_PRE_KERNEL_1_P_40_SUB_00151_
                0x0000000008003f6c        0x8 zephyr/drivers/gpio/libdrivers__gpio.a(gpio_stm32.c.obj)
 .z_init_PRE_KERNEL_1_P_40_SUB_00152_
                0x0000000008003f74        0x8 zephyr/drivers/gpio/libdrivers__gpio.a(gpio_stm32.c.obj)
 .z_init_PRE_KERNEL_1_P_40_SUB_00153_
                0x0000000008003f7c        0x8 zephyr/drivers/gpio/libdrivers__gpio.a(gpio_stm32.c.obj)
 .z_init_PRE_KERNEL_1_P_40_SUB_00154_
                0x0000000008003f84        0x8 zephyr/drivers/gpio/libdrivers__gpio.a(gpio_stm32.c.obj)
 .z_init_PRE_KERNEL_1_P_40_SUB_0_
                0x0000000008003f8c        0x8 zephyr/drivers/interrupt_controller/libdrivers__interrupt_controller.a(intc_gpio_stm32.c.obj)
 .z_init_PRE_KERNEL_1_P_50_SUB_00093_
                0x0000000008003f94        0x8 zephyr/drivers/serial/libdrivers__serial.a(uart_stm32.c.obj)
 .z_init_PRE_KERNEL_1_P_50_SUB_00106_
                0x0000000008003f9c        0x8 zephyr/drivers/serial/libdrivers__serial.a(uart_stm32.c.obj)
 .z_init_PRE_KERNEL_1_P_60_SUB_0_
                0x0000000008003fa4        0x8 zephyr/drivers/console/libdrivers__console.a(uart_console.c.obj)
 *(SORT_BY_NAME(SORT_BY_ALIGNMENT(.z_init_PRE_KERNEL_1_P_???_*)))
                0x0000000008003fac                __init_PRE_KERNEL_2_start = .
 *(SORT_BY_NAME(SORT_BY_ALIGNMENT(.z_init_PRE_KERNEL_2_P_?_*)))
 .z_init_PRE_KERNEL_2_P_0_SUB_0_
                0x0000000008003fac        0x8 zephyr/drivers/timer/libdrivers__timer.a(cortex_m_systick.c.obj)
 *(SORT_BY_NAME(SORT_BY_ALIGNMENT(.z_init_PRE_KERNEL_2_P_??_*)))
 *(SORT_BY_NAME(SORT_BY_ALIGNMENT(.z_init_PRE_KERNEL_2_P_???_*)))
                0x0000000008003fb4                __init_POST_KERNEL_start = .
 *(SORT_BY_NAME(SORT_BY_ALIGNMENT(.z_init_POST_KERNEL_P_?_*)))
 *(SORT_BY_NAME(SORT_BY_ALIGNMENT(.z_init_POST_KERNEL_P_??_*)))
 .z_init_POST_KERNEL_P_35_SUB_0_
                0x0000000008003fb4        0x8 zephyr/lib/libc/common/liblib__libc__common.a(malloc.c.obj)
 *(SORT_BY_NAME(SORT_BY_ALIGNMENT(.z_init_POST_KERNEL_P_???_*)))
                0x0000000008003fbc                __init_APPLICATION_start = .
 *(SORT_BY_NAME(SORT_BY_ALIGNMENT(.z_init_APPLICATION_P_?_*)))
 *(SORT_BY_NAME(SORT_BY_ALIGNMENT(.z_init_APPLICATION_P_??_*)))
 *(SORT_BY_NAME(SORT_BY_ALIGNMENT(.z_init_APPLICATION_P_???_*)))
                0x0000000008003fbc                __init_SMP_start = .
 *(SORT_BY_NAME(SORT_BY_ALIGNMENT(.z_init_SMP_P_?_*)))
 *(SORT_BY_NAME(SORT_BY_ALIGNMENT(.z_init_SMP_P_??_*)))
 *(SORT_BY_NAME(SORT_BY_ALIGNMENT(.z_init_SMP_P_???_*)))
                0x0000000008003fbc                __init_end = .

device_area     0x0000000008003fbc      0x1c0
                0x0000000008003fbc                _device_list_start = .
 *(SORT_BY_NAME(SORT_BY_ALIGNMENT(._device.static.*_?_*)))
 ._device.static.1_1_
                0x0000000008003fbc       0x20 zephyr/drivers/clock_control/libdrivers__clock_control.a(clock_stm32_ll_h5.c.obj)
                0x0000000008003fbc                __device_dts_ord_9
 *(SORT_BY_NAME(SORT_BY_ALIGNMENT(._device.static.*_??_*)))
 ._device.static.1_35_
                0x0000000008003fdc       0x20 zephyr/drivers/reset/libdrivers__reset.a(reset_stm32.c.obj)
                0x0000000008003fdc                __device_dts_ord_54
 ._device.static.1_40_
                0x0000000008003ffc       0x20 zephyr/drivers/interrupt_controller/libdrivers__interrupt_controller.a(intc_exti_stm32.c.obj)
                0x0000000008003ffc                __device_dts_ord_78
 ._device.static.1_40_
                0x000000000800401c      0x120 zephyr/drivers/gpio/libdrivers__gpio.a(gpio_stm32.c.obj)
                0x000000000800401c                __device_dts_ord_154
                0x000000000800403c                __device_dts_ord_153
                0x000000000800405c                __device_dts_ord_45
                0x000000000800407c                __device_dts_ord_44
                0x000000000800409c                __device_dts_ord_152
                0x00000000080040bc                __device_dts_ord_109
                0x00000000080040dc                __device_dts_ord_40
                0x00000000080040fc                __device_dts_ord_43
                0x000000000800411c                __device_dts_ord_151
 ._device.static.1_50_
                0x000000000800413c       0x40 zephyr/drivers/serial/libdrivers__serial.a(uart_stm32.c.obj)
                0x000000000800413c                __device_dts_ord_106
                0x000000000800415c                __device_dts_ord_93
 *(SORT_BY_NAME(SORT_BY_ALIGNMENT(._device.static.*_???_*)))
 *(SORT_BY_NAME(SORT_BY_ALIGNMENT(._device.static.*_????_*)))
 *(SORT_BY_NAME(SORT_BY_ALIGNMENT(._device.static.*_?????_*)))
                0x000000000800417c                _device_list_end = .

sw_isr_table    0x000000000800417c      0x418
                0x000000000800417c                . = ALIGN (0x4)
 *(SORT_BY_ALIGNMENT(.gnu.linkonce.sw_isr_table*))
 .gnu.linkonce.sw_isr_table
                0x000000000800417c      0x418 zephyr/arch/common/libisr_tables.a(isr_tables.c.obj)
                0x000000000800417c                _sw_isr_table

initlevel_error
                0x0000000008003f24        0x0
 *(SORT_BY_NAME(SORT_BY_ALIGNMENT(.z_init_*)))
                0x0000000000000001                ASSERT ((SIZEOF (initlevel_error) == 0x0), Undefined initialization levels used.)

app_shmem_regions
                0x0000000008004594        0x0
                0x0000000008004594                __app_shmem_regions_start = .
 *(SORT_BY_NAME(SORT_BY_ALIGNMENT(.app_regions.*)))
                0x0000000008004594                __app_shmem_regions_end = .

k_p4wq_initparam_area
                0x0000000008004594        0x0
                0x0000000008004594                _k_p4wq_initparam_list_start = .
 *(SORT_BY_NAME(SORT_BY_ALIGNMENT(._k_p4wq_initparam.static.*)))
                0x0000000008004594                _k_p4wq_initparam_list_end = .

_static_thread_data_area
                0x0000000008004594        0x0
                0x0000000008004594                __static_thread_data_list_start = .
 *(SORT_BY_NAME(SORT_BY_ALIGNMENT(.__static_thread_data.static.*)))
                0x0000000008004594                __static_thread_data_list_end = .

device_deps     0x0000000008004594        0x0
                0x0000000008004594                __device_deps_start = .
 *(SORT_BY_NAME(SORT_BY_ALIGNMENT(.__device_deps_pass2*)))
                0x0000000008004594                __device_deps_end = .

gpio_driver_api_area
                0x0000000008004594       0x24
                0x0000000008004594                _gpio_driver_api_list_start = .
 *(SORT_BY_NAME(SORT_BY_ALIGNMENT(._gpio_driver_api.static.*)))
 ._gpio_driver_api.static.gpio_stm32_driver_
                0x0000000008004594       0x24 zephyr/drivers/gpio/libdrivers__gpio.a(gpio_stm32.c.obj)
                0x00000000080045b8                _gpio_driver_api_list_end = .

reset_driver_api_area
                0x00000000080045b8       0x10
                0x00000000080045b8                _reset_driver_api_list_start = .
 *(SORT_BY_NAME(SORT_BY_ALIGNMENT(._reset_driver_api.static.*)))
 ._reset_driver_api.static.reset_stm32_driver_api_
                0x00000000080045b8       0x10 zephyr/drivers/reset/libdrivers__reset.a(reset_stm32.c.obj)
                0x00000000080045c8                _reset_driver_api_list_end = .

blink_driver_api_area
                0x00000000080045c8        0x0
                0x00000000080045c8                _blink_driver_api_list_start = .
 *(SORT_BY_NAME(SORT_BY_ALIGNMENT(._blink_driver_api.static.*)))
                0x00000000080045c8                _blink_driver_api_list_end = .

shared_irq_driver_api_area
                0x00000000080045c8        0x0
                0x00000000080045c8                _shared_irq_driver_api_list_start = .
 *(SORT_BY_NAME(SORT_BY_ALIGNMENT(._shared_irq_driver_api.static.*)))
                0x00000000080045c8                _shared_irq_driver_api_list_end = .

crypto_driver_api_area
                0x00000000080045c8        0x0
                0x00000000080045c8                _crypto_driver_api_list_start = .
 *(SORT_BY_NAME(SORT_BY_ALIGNMENT(._crypto_driver_api.static.*)))
                0x00000000080045c8                _crypto_driver_api_list_end = .

adc_driver_api_area
                0x00000000080045c8        0x0
                0x00000000080045c8                _adc_driver_api_list_start = .
 *(SORT_BY_NAME(SORT_BY_ALIGNMENT(._adc_driver_api.static.*)))
                0x00000000080045c8                _adc_driver_api_list_end = .

auxdisplay_driver_api_area
                0x00000000080045c8        0x0
                0x00000000080045c8                _auxdisplay_driver_api_list_start = .
 *(SORT_BY_NAME(SORT_BY_ALIGNMENT(._auxdisplay_driver_api.static.*)))
                0x00000000080045c8                _auxdisplay_driver_api_list_end = .

bbram_driver_api_area
                0x00000000080045c8        0x0
                0x00000000080045c8                _bbram_driver_api_list_start = .
 *(SORT_BY_NAME(SORT_BY_ALIGNMENT(._bbram_driver_api.static.*)))
                0x00000000080045c8                _bbram_driver_api_list_end = .

bt_hci_driver_api_area
                0x00000000080045c8        0x0
                0x00000000080045c8                _bt_hci_driver_api_list_start = .
 *(SORT_BY_NAME(SORT_BY_ALIGNMENT(._bt_hci_driver_api.static.*)))
                0x00000000080045c8                _bt_hci_driver_api_list_end = .

can_driver_api_area
                0x00000000080045c8        0x0
                0x00000000080045c8                _can_driver_api_list_start = .
 *(SORT_BY_NAME(SORT_BY_ALIGNMENT(._can_driver_api.static.*)))
                0x00000000080045c8                _can_driver_api_list_end = .

cellular_driver_api_area
                0x00000000080045c8        0x0
                0x00000000080045c8                _cellular_driver_api_list_start = .
 *(SORT_BY_NAME(SORT_BY_ALIGNMENT(._cellular_driver_api.static.*)))
                0x00000000080045c8                _cellular_driver_api_list_end = .

charger_driver_api_area
                0x00000000080045c8        0x0
                0x00000000080045c8                _charger_driver_api_list_start = .
 *(SORT_BY_NAME(SORT_BY_ALIGNMENT(._charger_driver_api.static.*)))
                0x00000000080045c8                _charger_driver_api_list_end = .

clock_control_driver_api_area
                0x00000000080045c8       0x1c
                0x00000000080045c8                _clock_control_driver_api_list_start = .
 *(SORT_BY_NAME(SORT_BY_ALIGNMENT(._clock_control_driver_api.static.*)))
 ._clock_control_driver_api.static.stm32_clock_control_api_
                0x00000000080045c8       0x1c zephyr/drivers/clock_control/libdrivers__clock_control.a(clock_stm32_ll_h5.c.obj)
                0x00000000080045e4                _clock_control_driver_api_list_end = .

comparator_driver_api_area
                0x00000000080045e4        0x0
                0x00000000080045e4                _comparator_driver_api_list_start = .
 *(SORT_BY_NAME(SORT_BY_ALIGNMENT(._comparator_driver_api.static.*)))
                0x00000000080045e4                _comparator_driver_api_list_end = .

coredump_driver_api_area
                0x00000000080045e4        0x0
                0x00000000080045e4                _coredump_driver_api_list_start = .
 *(SORT_BY_NAME(SORT_BY_ALIGNMENT(._coredump_driver_api.static.*)))
                0x00000000080045e4                _coredump_driver_api_list_end = .

counter_driver_api_area
                0x00000000080045e4        0x0
                0x00000000080045e4                _counter_driver_api_list_start = .
 *(SORT_BY_NAME(SORT_BY_ALIGNMENT(._counter_driver_api.static.*)))
                0x00000000080045e4                _counter_driver_api_list_end = .

dac_driver_api_area
                0x00000000080045e4        0x0
                0x00000000080045e4                _dac_driver_api_list_start = .
 *(SORT_BY_NAME(SORT_BY_ALIGNMENT(._dac_driver_api.static.*)))
                0x00000000080045e4                _dac_driver_api_list_end = .

dai_driver_api_area
                0x00000000080045e4        0x0
                0x00000000080045e4                _dai_driver_api_list_start = .
 *(SORT_BY_NAME(SORT_BY_ALIGNMENT(._dai_driver_api.static.*)))
                0x00000000080045e4                _dai_driver_api_list_end = .

display_driver_api_area
                0x00000000080045e4        0x0
                0x00000000080045e4                _display_driver_api_list_start = .
 *(SORT_BY_NAME(SORT_BY_ALIGNMENT(._display_driver_api.static.*)))
                0x00000000080045e4                _display_driver_api_list_end = .

dma_driver_api_area
                0x00000000080045e4        0x0
                0x00000000080045e4                _dma_driver_api_list_start = .
 *(SORT_BY_NAME(SORT_BY_ALIGNMENT(._dma_driver_api.static.*)))
                0x00000000080045e4                _dma_driver_api_list_end = .

edac_driver_api_area
                0x00000000080045e4        0x0
                0x00000000080045e4                _edac_driver_api_list_start = .
 *(SORT_BY_NAME(SORT_BY_ALIGNMENT(._edac_driver_api.static.*)))
                0x00000000080045e4                _edac_driver_api_list_end = .

eeprom_driver_api_area
                0x00000000080045e4        0x0
                0x00000000080045e4                _eeprom_driver_api_list_start = .
 *(SORT_BY_NAME(SORT_BY_ALIGNMENT(._eeprom_driver_api.static.*)))
                0x00000000080045e4                _eeprom_driver_api_list_end = .

emul_bbram_driver_api_area
                0x00000000080045e4        0x0
                0x00000000080045e4                _emul_bbram_driver_api_list_start = .
 *(SORT_BY_NAME(SORT_BY_ALIGNMENT(._emul_bbram_driver_api.static.*)))
                0x00000000080045e4                _emul_bbram_driver_api_list_end = .

fuel_gauge_emul_driver_api_area
                0x00000000080045e4        0x0
                0x00000000080045e4                _fuel_gauge_emul_driver_api_list_start = .
 *(SORT_BY_NAME(SORT_BY_ALIGNMENT(._fuel_gauge_emul_driver_api.static.*)))
                0x00000000080045e4                _fuel_gauge_emul_driver_api_list_end = .

emul_sensor_driver_api_area
                0x00000000080045e4        0x0
                0x00000000080045e4                _emul_sensor_driver_api_list_start = .
 *(SORT_BY_NAME(SORT_BY_ALIGNMENT(._emul_sensor_driver_api.static.*)))
                0x00000000080045e4                _emul_sensor_driver_api_list_end = .

entropy_driver_api_area
                0x00000000080045e4        0x0
                0x00000000080045e4                _entropy_driver_api_list_start = .
 *(SORT_BY_NAME(SORT_BY_ALIGNMENT(._entropy_driver_api.static.*)))
                0x00000000080045e4                _entropy_driver_api_list_end = .

espi_driver_api_area
                0x00000000080045e4        0x0
                0x00000000080045e4                _espi_driver_api_list_start = .
 *(SORT_BY_NAME(SORT_BY_ALIGNMENT(._espi_driver_api.static.*)))
                0x00000000080045e4                _espi_driver_api_list_end = .

espi_saf_driver_api_area
                0x00000000080045e4        0x0
                0x00000000080045e4                _espi_saf_driver_api_list_start = .
 *(SORT_BY_NAME(SORT_BY_ALIGNMENT(._espi_saf_driver_api.static.*)))
                0x00000000080045e4                _espi_saf_driver_api_list_end = .

flash_driver_api_area
                0x00000000080045e4        0x0
                0x00000000080045e4                _flash_driver_api_list_start = .
 *(SORT_BY_NAME(SORT_BY_ALIGNMENT(._flash_driver_api.static.*)))
                0x00000000080045e4                _flash_driver_api_list_end = .

fpga_driver_api_area
                0x00000000080045e4        0x0
                0x00000000080045e4                _fpga_driver_api_list_start = .
 *(SORT_BY_NAME(SORT_BY_ALIGNMENT(._fpga_driver_api.static.*)))
                0x00000000080045e4                _fpga_driver_api_list_end = .

fuel_gauge_driver_api_area
                0x00000000080045e4        0x0
                0x00000000080045e4                _fuel_gauge_driver_api_list_start = .
 *(SORT_BY_NAME(SORT_BY_ALIGNMENT(._fuel_gauge_driver_api.static.*)))
                0x00000000080045e4                _fuel_gauge_driver_api_list_end = .

gnss_driver_api_area
                0x00000000080045e4        0x0
                0x00000000080045e4                _gnss_driver_api_list_start = .
 *(SORT_BY_NAME(SORT_BY_ALIGNMENT(._gnss_driver_api.static.*)))
                0x00000000080045e4                _gnss_driver_api_list_end = .

haptics_driver_api_area
                0x00000000080045e4        0x0
                0x00000000080045e4                _haptics_driver_api_list_start = .
 *(SORT_BY_NAME(SORT_BY_ALIGNMENT(._haptics_driver_api.static.*)))
                0x00000000080045e4                _haptics_driver_api_list_end = .

hwspinlock_driver_api_area
                0x00000000080045e4        0x0
                0x00000000080045e4                _hwspinlock_driver_api_list_start = .
 *(SORT_BY_NAME(SORT_BY_ALIGNMENT(._hwspinlock_driver_api.static.*)))
                0x00000000080045e4                _hwspinlock_driver_api_list_end = .

i2c_driver_api_area
                0x00000000080045e4        0x0
                0x00000000080045e4                _i2c_driver_api_list_start = .
 *(SORT_BY_NAME(SORT_BY_ALIGNMENT(._i2c_driver_api.static.*)))
                0x00000000080045e4                _i2c_driver_api_list_end = .

i2c_target_driver_api_area
                0x00000000080045e4        0x0
                0x00000000080045e4                _i2c_target_driver_api_list_start = .
 *(SORT_BY_NAME(SORT_BY_ALIGNMENT(._i2c_target_driver_api.static.*)))
                0x00000000080045e4                _i2c_target_driver_api_list_end = .

i2s_driver_api_area
                0x00000000080045e4        0x0
                0x00000000080045e4                _i2s_driver_api_list_start = .
 *(SORT_BY_NAME(SORT_BY_ALIGNMENT(._i2s_driver_api.static.*)))
                0x00000000080045e4                _i2s_driver_api_list_end = .

i3c_driver_api_area
                0x00000000080045e4        0x0
                0x00000000080045e4                _i3c_driver_api_list_start = .
 *(SORT_BY_NAME(SORT_BY_ALIGNMENT(._i3c_driver_api.static.*)))
                0x00000000080045e4                _i3c_driver_api_list_end = .

ipm_driver_api_area
                0x00000000080045e4        0x0
                0x00000000080045e4                _ipm_driver_api_list_start = .
 *(SORT_BY_NAME(SORT_BY_ALIGNMENT(._ipm_driver_api.static.*)))
                0x00000000080045e4                _ipm_driver_api_list_end = .

led_driver_api_area
                0x00000000080045e4        0x0
                0x00000000080045e4                _led_driver_api_list_start = .
 *(SORT_BY_NAME(SORT_BY_ALIGNMENT(._led_driver_api.static.*)))
                0x00000000080045e4                _led_driver_api_list_end = .

led_strip_driver_api_area
                0x00000000080045e4        0x0
                0x00000000080045e4                _led_strip_driver_api_list_start = .
 *(SORT_BY_NAME(SORT_BY_ALIGNMENT(._led_strip_driver_api.static.*)))
                0x00000000080045e4                _led_strip_driver_api_list_end = .

lora_driver_api_area
                0x00000000080045e4        0x0
                0x00000000080045e4                _lora_driver_api_list_start = .
 *(SORT_BY_NAME(SORT_BY_ALIGNMENT(._lora_driver_api.static.*)))
                0x00000000080045e4                _lora_driver_api_list_end = .

mbox_driver_api_area
                0x00000000080045e4        0x0
                0x00000000080045e4                _mbox_driver_api_list_start = .
 *(SORT_BY_NAME(SORT_BY_ALIGNMENT(._mbox_driver_api.static.*)))
                0x00000000080045e4                _mbox_driver_api_list_end = .

mdio_driver_api_area
                0x00000000080045e4        0x0
                0x00000000080045e4                _mdio_driver_api_list_start = .
 *(SORT_BY_NAME(SORT_BY_ALIGNMENT(._mdio_driver_api.static.*)))
                0x00000000080045e4                _mdio_driver_api_list_end = .

mipi_dbi_driver_api_area
                0x00000000080045e4        0x0
                0x00000000080045e4                _mipi_dbi_driver_api_list_start = .
 *(SORT_BY_NAME(SORT_BY_ALIGNMENT(._mipi_dbi_driver_api.static.*)))
                0x00000000080045e4                _mipi_dbi_driver_api_list_end = .

mipi_dsi_driver_api_area
                0x00000000080045e4        0x0
                0x00000000080045e4                _mipi_dsi_driver_api_list_start = .
 *(SORT_BY_NAME(SORT_BY_ALIGNMENT(._mipi_dsi_driver_api.static.*)))
                0x00000000080045e4                _mipi_dsi_driver_api_list_end = .

mspi_driver_api_area
                0x00000000080045e4        0x0
                0x00000000080045e4                _mspi_driver_api_list_start = .
 *(SORT_BY_NAME(SORT_BY_ALIGNMENT(._mspi_driver_api.static.*)))
                0x00000000080045e4                _mspi_driver_api_list_end = .

peci_driver_api_area
                0x00000000080045e4        0x0
                0x00000000080045e4                _peci_driver_api_list_start = .
 *(SORT_BY_NAME(SORT_BY_ALIGNMENT(._peci_driver_api.static.*)))
                0x00000000080045e4                _peci_driver_api_list_end = .

ps2_driver_api_area
                0x00000000080045e4        0x0
                0x00000000080045e4                _ps2_driver_api_list_start = .
 *(SORT_BY_NAME(SORT_BY_ALIGNMENT(._ps2_driver_api.static.*)))
                0x00000000080045e4                _ps2_driver_api_list_end = .

ptp_clock_driver_api_area
                0x00000000080045e4        0x0
                0x00000000080045e4                _ptp_clock_driver_api_list_start = .
 *(SORT_BY_NAME(SORT_BY_ALIGNMENT(._ptp_clock_driver_api.static.*)))
                0x00000000080045e4                _ptp_clock_driver_api_list_end = .

pwm_driver_api_area
                0x00000000080045e4        0x0
                0x00000000080045e4                _pwm_driver_api_list_start = .
 *(SORT_BY_NAME(SORT_BY_ALIGNMENT(._pwm_driver_api.static.*)))
                0x00000000080045e4                _pwm_driver_api_list_end = .

regulator_parent_driver_api_area
                0x00000000080045e4        0x0
                0x00000000080045e4                _regulator_parent_driver_api_list_start = .
 *(SORT_BY_NAME(SORT_BY_ALIGNMENT(._regulator_parent_driver_api.static.*)))
                0x00000000080045e4                _regulator_parent_driver_api_list_end = .

regulator_driver_api_area
                0x00000000080045e4        0x0
                0x00000000080045e4                _regulator_driver_api_list_start = .
 *(SORT_BY_NAME(SORT_BY_ALIGNMENT(._regulator_driver_api.static.*)))
                0x00000000080045e4                _regulator_driver_api_list_end = .

retained_mem_driver_api_area
                0x00000000080045e4        0x0
                0x00000000080045e4                _retained_mem_driver_api_list_start = .
 *(SORT_BY_NAME(SORT_BY_ALIGNMENT(._retained_mem_driver_api.static.*)))
                0x00000000080045e4                _retained_mem_driver_api_list_end = .

rtc_driver_api_area
                0x00000000080045e4        0x0
                0x00000000080045e4                _rtc_driver_api_list_start = .
 *(SORT_BY_NAME(SORT_BY_ALIGNMENT(._rtc_driver_api.static.*)))
                0x00000000080045e4                _rtc_driver_api_list_end = .

sdhc_driver_api_area
                0x00000000080045e4        0x0
                0x00000000080045e4                _sdhc_driver_api_list_start = .
 *(SORT_BY_NAME(SORT_BY_ALIGNMENT(._sdhc_driver_api.static.*)))
                0x00000000080045e4                _sdhc_driver_api_list_end = .

sensor_driver_api_area
                0x00000000080045e4        0x0
                0x00000000080045e4                _sensor_driver_api_list_start = .
 *(SORT_BY_NAME(SORT_BY_ALIGNMENT(._sensor_driver_api.static.*)))
                0x00000000080045e4                _sensor_driver_api_list_end = .

smbus_driver_api_area
                0x00000000080045e4        0x0
                0x00000000080045e4                _smbus_driver_api_list_start = .
 *(SORT_BY_NAME(SORT_BY_ALIGNMENT(._smbus_driver_api.static.*)))
                0x00000000080045e4                _smbus_driver_api_list_end = .

spi_driver_api_area
                0x00000000080045e4        0x0
                0x00000000080045e4                _spi_driver_api_list_start = .
 *(SORT_BY_NAME(SORT_BY_ALIGNMENT(._spi_driver_api.static.*)))
                0x00000000080045e4                _spi_driver_api_list_end = .

stepper_driver_api_area
                0x00000000080045e4        0x0
                0x00000000080045e4                _stepper_driver_api_list_start = .
 *(SORT_BY_NAME(SORT_BY_ALIGNMENT(._stepper_driver_api.static.*)))
                0x00000000080045e4                _stepper_driver_api_list_end = .

syscon_driver_api_area
                0x00000000080045e4        0x0
                0x00000000080045e4                _syscon_driver_api_list_start = .
 *(SORT_BY_NAME(SORT_BY_ALIGNMENT(._syscon_driver_api.static.*)))
                0x00000000080045e4                _syscon_driver_api_list_end = .

tee_driver_api_area
                0x00000000080045e4        0x0
                0x00000000080045e4                _tee_driver_api_list_start = .
 *(SORT_BY_NAME(SORT_BY_ALIGNMENT(._tee_driver_api.static.*)))
                0x00000000080045e4                _tee_driver_api_list_end = .

video_driver_api_area
                0x00000000080045e4        0x0
                0x00000000080045e4                _video_driver_api_list_start = .
 *(SORT_BY_NAME(SORT_BY_ALIGNMENT(._video_driver_api.static.*)))
                0x00000000080045e4                _video_driver_api_list_end = .

virtio_driver_api_area
                0x00000000080045e4        0x0
                0x00000000080045e4                _virtio_driver_api_list_start = .
 *(SORT_BY_NAME(SORT_BY_ALIGNMENT(._virtio_driver_api.static.*)))
                0x00000000080045e4                _virtio_driver_api_list_end = .

w1_driver_api_area
                0x00000000080045e4        0x0
                0x00000000080045e4                _w1_driver_api_list_start = .
 *(SORT_BY_NAME(SORT_BY_ALIGNMENT(._w1_driver_api.static.*)))
                0x00000000080045e4                _w1_driver_api_list_end = .

wdt_driver_api_area
                0x00000000080045e4        0x0
                0x00000000080045e4                _wdt_driver_api_list_start = .
 *(SORT_BY_NAME(SORT_BY_ALIGNMENT(._wdt_driver_api.static.*)))
                0x00000000080045e4                _wdt_driver_api_list_end = .

can_transceiver_driver_api_area
                0x00000000080045e4        0x0
                0x00000000080045e4                _can_transceiver_driver_api_list_start = .
 *(SORT_BY_NAME(SORT_BY_ALIGNMENT(._can_transceiver_driver_api.static.*)))
                0x00000000080045e4                _can_transceiver_driver_api_list_end = .

nrf_clock_control_driver_api_area
                0x00000000080045e4        0x0
                0x00000000080045e4                _nrf_clock_control_driver_api_list_start = .
 *(SORT_BY_NAME(SORT_BY_ALIGNMENT(._nrf_clock_control_driver_api.static.*)))
                0x00000000080045e4                _nrf_clock_control_driver_api_list_end = .

i3c_target_driver_api_area
                0x00000000080045e4        0x0
                0x00000000080045e4                _i3c_target_driver_api_list_start = .
 *(SORT_BY_NAME(SORT_BY_ALIGNMENT(._i3c_target_driver_api.static.*)))
                0x00000000080045e4                _i3c_target_driver_api_list_end = .

its_driver_api_area
                0x00000000080045e4        0x0
                0x00000000080045e4                _its_driver_api_list_start = .
 *(SORT_BY_NAME(SORT_BY_ALIGNMENT(._its_driver_api.static.*)))
                0x00000000080045e4                _its_driver_api_list_end = .

vtd_driver_api_area
                0x00000000080045e4        0x0
                0x00000000080045e4                _vtd_driver_api_list_start = .
 *(SORT_BY_NAME(SORT_BY_ALIGNMENT(._vtd_driver_api.static.*)))
                0x00000000080045e4                _vtd_driver_api_list_end = .

renesas_elc_driver_api_area
                0x00000000080045e4        0x0
                0x00000000080045e4                _renesas_elc_driver_api_list_start = .
 *(SORT_BY_NAME(SORT_BY_ALIGNMENT(._renesas_elc_driver_api.static.*)))
                0x00000000080045e4                _renesas_elc_driver_api_list_end = .

tgpio_driver_api_area
                0x00000000080045e4        0x0
                0x00000000080045e4                _tgpio_driver_api_list_start = .
 *(SORT_BY_NAME(SORT_BY_ALIGNMENT(._tgpio_driver_api.static.*)))
                0x00000000080045e4                _tgpio_driver_api_list_end = .

pcie_ctrl_driver_api_area
                0x00000000080045e4        0x0
                0x00000000080045e4                _pcie_ctrl_driver_api_list_start = .
 *(SORT_BY_NAME(SORT_BY_ALIGNMENT(._pcie_ctrl_driver_api.static.*)))
                0x00000000080045e4                _pcie_ctrl_driver_api_list_end = .

pcie_ep_driver_api_area
                0x00000000080045e4        0x0
                0x00000000080045e4                _pcie_ep_driver_api_list_start = .
 *(SORT_BY_NAME(SORT_BY_ALIGNMENT(._pcie_ep_driver_api.static.*)))
                0x00000000080045e4                _pcie_ep_driver_api_list_end = .

psi5_driver_api_area
                0x00000000080045e4        0x0
                0x00000000080045e4                _psi5_driver_api_list_start = .
 *(SORT_BY_NAME(SORT_BY_ALIGNMENT(._psi5_driver_api.static.*)))
                0x00000000080045e4                _psi5_driver_api_list_end = .

sent_driver_api_area
                0x00000000080045e4        0x0
                0x00000000080045e4                _sent_driver_api_list_start = .
 *(SORT_BY_NAME(SORT_BY_ALIGNMENT(._sent_driver_api.static.*)))
                0x00000000080045e4                _sent_driver_api_list_end = .

svc_driver_api_area
                0x00000000080045e4        0x0
                0x00000000080045e4                _svc_driver_api_list_start = .
 *(SORT_BY_NAME(SORT_BY_ALIGNMENT(._svc_driver_api.static.*)))
                0x00000000080045e4                _svc_driver_api_list_end = .

uart_driver_api_area
                0x00000000080045e4       0x14
                0x00000000080045e4                _uart_driver_api_list_start = .
 *(SORT_BY_NAME(SORT_BY_ALIGNMENT(._uart_driver_api.static.*)))
 ._uart_driver_api.static.uart_stm32_driver_api_
                0x00000000080045e4       0x14 zephyr/drivers/serial/libdrivers__serial.a(uart_stm32.c.obj)
                0x00000000080045f8                _uart_driver_api_list_end = .

bc12_emul_driver_api_area
                0x00000000080045f8        0x0
                0x00000000080045f8                _bc12_emul_driver_api_list_start = .
 *(SORT_BY_NAME(SORT_BY_ALIGNMENT(._bc12_emul_driver_api.static.*)))
                0x00000000080045f8                _bc12_emul_driver_api_list_end = .

bc12_driver_api_area
                0x00000000080045f8        0x0
                0x00000000080045f8                _bc12_driver_api_list_start = .
 *(SORT_BY_NAME(SORT_BY_ALIGNMENT(._bc12_driver_api.static.*)))
                0x00000000080045f8                _bc12_driver_api_list_end = .

usbc_ppc_driver_api_area
                0x00000000080045f8        0x0
                0x00000000080045f8                _usbc_ppc_driver_api_list_start = .
 *(SORT_BY_NAME(SORT_BY_ALIGNMENT(._usbc_ppc_driver_api.static.*)))
                0x00000000080045f8                _usbc_ppc_driver_api_list_end = .

tcpc_driver_api_area
                0x00000000080045f8        0x0
                0x00000000080045f8                _tcpc_driver_api_list_start = .
 *(SORT_BY_NAME(SORT_BY_ALIGNMENT(._tcpc_driver_api.static.*)))
                0x00000000080045f8                _tcpc_driver_api_list_end = .

usbc_vbus_driver_api_area
                0x00000000080045f8        0x0
                0x00000000080045f8                _usbc_vbus_driver_api_list_start = .
 *(SORT_BY_NAME(SORT_BY_ALIGNMENT(._usbc_vbus_driver_api.static.*)))
                0x00000000080045f8                _usbc_vbus_driver_api_list_end = .

ivshmem_driver_api_area
                0x00000000080045f8        0x0
                0x00000000080045f8                _ivshmem_driver_api_list_start = .
 *(SORT_BY_NAME(SORT_BY_ALIGNMENT(._ivshmem_driver_api.static.*)))
                0x00000000080045f8                _ivshmem_driver_api_list_end = .

ethphy_driver_api_area
                0x00000000080045f8        0x0
                0x00000000080045f8                _ethphy_driver_api_list_start = .
 *(SORT_BY_NAME(SORT_BY_ALIGNMENT(._ethphy_driver_api.static.*)))
                0x00000000080045f8                _ethphy_driver_api_list_end = .

ztest           0x00000000080045f8        0x0
                0x00000000080045f8                _ztest_expected_result_entry_list_start = .
 *(SORT_BY_NAME(SORT_BY_ALIGNMENT(._ztest_expected_result_entry.static.*)))
                0x00000000080045f8                _ztest_expected_result_entry_list_end = .
                0x00000000080045f8                _ztest_suite_node_list_start = .
 *(SORT_BY_NAME(SORT_BY_ALIGNMENT(._ztest_suite_node.static.*)))
                0x00000000080045f8                _ztest_suite_node_list_end = .
                0x00000000080045f8                _ztest_unit_test_list_start = .
 *(SORT_BY_NAME(SORT_BY_ALIGNMENT(._ztest_unit_test.static.*)))
                0x00000000080045f8                _ztest_unit_test_list_end = .
                0x00000000080045f8                _ztest_test_rule_list_start = .
 *(SORT_BY_NAME(SORT_BY_ALIGNMENT(._ztest_test_rule.static.*)))
                0x00000000080045f8                _ztest_test_rule_list_end = .

init_array      0x00000000080045f8        0x0
                0x00000000080045f8                __zephyr_init_array_start = .
 *(SORT_BY_INIT_PRIORITY(.init_array.*) SORT_BY_INIT_PRIORITY(.ctors.*))
 *(SORT_BY_ALIGNMENT(.init_array) SORT_BY_ALIGNMENT(.ctors))
                0x00000000080045f8                __zephyr_init_array_end = .
                0x0000000000000001                ASSERT ((__zephyr_init_array_start == __zephyr_init_array_end), GNU-style constructors required but STATIC_INIT_GNU not enabled)

bt_l2cap_fixed_chan_area
                0x00000000080045f8        0x0
                0x00000000080045f8                _bt_l2cap_fixed_chan_list_start = .
 *(SORT_BY_NAME(SORT_BY_ALIGNMENT(._bt_l2cap_fixed_chan.static.*)))
                0x00000000080045f8                _bt_l2cap_fixed_chan_list_end = .

bt_gatt_service_static_area
                0x00000000080045f8        0x0
                0x00000000080045f8                _bt_gatt_service_static_list_start = .
 *(SORT_BY_NAME(SORT_BY_ALIGNMENT(._bt_gatt_service_static.static.*)))
                0x00000000080045f8                _bt_gatt_service_static_list_end = .

log_strings_area
                0x00000000080045f8        0x0
                0x00000000080045f8                _log_strings_list_start = .
 *(SORT_BY_NAME(SORT_BY_ALIGNMENT(._log_strings.static.*)))
                0x00000000080045f8                _log_strings_list_end = .

log_stmesp_ptr_area
                0x00000000080045f8        0x0
                0x00000000080045f8                _log_stmesp_ptr_list_start = .
 *(SORT_BY_NAME(SORT_BY_ALIGNMENT(._log_stmesp_ptr.static.*)))
                0x00000000080045f8                _log_stmesp_ptr_list_end = .

log_stmesp_str_area
                0x00000000080045f8        0x0
                0x00000000080045f8                _log_stmesp_str_list_start = .
 *(SORT_BY_NAME(SORT_BY_ALIGNMENT(._log_stmesp_str.static.*)))
                0x00000000080045f8                _log_stmesp_str_list_end = .

log_const_area  0x00000000080045f8        0x0
                0x00000000080045f8                _log_const_list_start = .
 *(SORT_BY_NAME(SORT_BY_ALIGNMENT(._log_const.static.*)))
                0x00000000080045f8                _log_const_list_end = .

log_backend_area
                0x00000000080045f8        0x0
                0x00000000080045f8                _log_backend_list_start = .
 *(SORT_BY_NAME(SORT_BY_ALIGNMENT(._log_backend.static.*)))
                0x00000000080045f8                _log_backend_list_end = .

log_link_area   0x00000000080045f8        0x0
                0x00000000080045f8                _log_link_list_start = .
 *(SORT_BY_NAME(SORT_BY_ALIGNMENT(._log_link.static.*)))
                0x00000000080045f8                _log_link_list_end = .

tracing_backend_area
                0x00000000080045f8        0x0
                0x00000000080045f8                _tracing_backend_list_start = .
 *(SORT_BY_NAME(SORT_BY_ALIGNMENT(._tracing_backend.static.*)))
                0x00000000080045f8                _tracing_backend_list_end = .

zephyr_dbg_info
 *(SORT_BY_ALIGNMENT(.dbg_thread_info))

intc_table_area
                0x00000000080045f8        0x0
                0x00000000080045f8                _intc_table_list_start = .
 *(SORT_BY_NAME(SORT_BY_ALIGNMENT(._intc_table.static.*)))
                0x00000000080045f8                _intc_table_list_end = .

symbol_to_keep  0x00000000080045f8        0x0
                0x00000000080045f8                __symbol_to_keep_start = .
 *(SORT_BY_NAME(SORT_BY_ALIGNMENT(.symbol_to_keep*)))
                0x00000000080045f8                __symbol_to_keep_end = .

shell_area      0x00000000080045f8        0x0
                0x00000000080045f8                _shell_list_start = .
 *(SORT_BY_NAME(SORT_BY_ALIGNMENT(._shell.static.*)))
                0x00000000080045f8                _shell_list_end = .

shell_root_cmds_area
                0x00000000080045f8        0x0
                0x00000000080045f8                _shell_root_cmds_list_start = .
 *(SORT_BY_NAME(SORT_BY_ALIGNMENT(._shell_root_cmds.static.*)))
                0x00000000080045f8                _shell_root_cmds_list_end = .

shell_subcmds_area
                0x00000000080045f8        0x0
                0x00000000080045f8                _shell_subcmds_list_start = .
 *(SORT_BY_NAME(SORT_BY_ALIGNMENT(._shell_subcmds.static.*)))
                0x00000000080045f8                _shell_subcmds_list_end = .

shell_dynamic_subcmds_area
                0x00000000080045f8        0x0
                0x00000000080045f8                _shell_dynamic_subcmds_list_start = .
 *(SORT_BY_NAME(SORT_BY_ALIGNMENT(._shell_dynamic_subcmds.static.*)))
                0x00000000080045f8                _shell_dynamic_subcmds_list_end = .

cfb_font_area   0x00000000080045f8        0x0
                0x00000000080045f8                _cfb_font_list_start = .
 *(SORT_BY_NAME(SORT_BY_ALIGNMENT(._cfb_font.static.*)))
                0x00000000080045f8                _cfb_font_list_end = .

tdata           0x00000000080045f8        0x0
 *(SORT_BY_ALIGNMENT(.tdata) SORT_BY_ALIGNMENT(.tdata.*) SORT_BY_ALIGNMENT(.gnu.linkonce.td.*))

tbss            0x00000000080045f8        0x4
 *(SORT_BY_ALIGNMENT(.tbss) SORT_BY_ALIGNMENT(.tbss.*) SORT_BY_ALIGNMENT(.gnu.linkonce.tb.*) SORT_BY_ALIGNMENT(.tcommon))
 .tbss.z_tls_current
                0x00000000080045f8        0x4 zephyr/libzephyr.a(thread_entry.c.obj)
                0x00000000080045f8                z_tls_current
                0x00000000080045f8                PROVIDE (__tdata_start = LOADADDR (tdata))
                0x0000000000000001                PROVIDE (__tdata_align = ALIGNOF (tdata))
                0x0000000000000000                PROVIDE (__tdata_size = (((SIZEOF (tdata) + __tdata_align) - 0x1) & ~ ((__tdata_align - 0x1))))
                [!provide]                        PROVIDE (__tdata_end = (__tdata_start + __tdata_size))
                0x0000000000000004                PROVIDE (__tbss_align = ALIGNOF (tbss))
                [!provide]                        PROVIDE (__tbss_start = ADDR (tbss))
                0x0000000000000004                PROVIDE (__tbss_size = (((SIZEOF (tbss) + __tbss_align) - 0x1) & ~ ((__tbss_align - 0x1))))
                [!provide]                        PROVIDE (__tbss_end = (__tbss_start + __tbss_size))
                [!provide]                        PROVIDE (__tls_start = __tdata_start)
                [!provide]                        PROVIDE (__tls_end = __tbss_end)
                [!provide]                        PROVIDE (__tls_size = (__tbss_end - __tdata_start))

rodata          0x00000000080045f8      0x7fc
 *(SORT_BY_ALIGNMENT(.rodata))
 *(SORT_BY_ALIGNMENT(.rodata.*))
 .rodata.mem_attr_region
                0x00000000080045f8        0x0 zephyr/libzephyr.a(mem_attr.c.obj)
 .rodata.static_regions
                0x00000000080045f8        0xc zephyr/arch/arch/arm/core/mpu/libarch__arm__core__mpu.a(arm_core_mpu.c.obj)
 .rodata.mpu_config
                0x0000000008004604        0x8 zephyr/arch/arch/arm/core/mpu/libarch__arm__core__mpu.a(arm_mpu_regions.c.obj)
                0x0000000008004604                mpu_config
 .rodata.mpu_regions
                0x000000000800460c       0x20 zephyr/arch/arch/arm/core/mpu/libarch__arm__core__mpu.a(arm_mpu_regions.c.obj)
 .rodata.gpio_stm32_cfg_i
                0x000000000800462c       0x14 zephyr/drivers/gpio/libdrivers__gpio.a(gpio_stm32.c.obj)
 .rodata.gpio_stm32_cfg_h
                0x0000000008004640       0x14 zephyr/drivers/gpio/libdrivers__gpio.a(gpio_stm32.c.obj)
 .rodata.gpio_stm32_cfg_g
                0x0000000008004654       0x14 zephyr/drivers/gpio/libdrivers__gpio.a(gpio_stm32.c.obj)
 .rodata.gpio_stm32_cfg_f
                0x0000000008004668       0x14 zephyr/drivers/gpio/libdrivers__gpio.a(gpio_stm32.c.obj)
 .rodata.gpio_stm32_cfg_e
                0x000000000800467c       0x14 zephyr/drivers/gpio/libdrivers__gpio.a(gpio_stm32.c.obj)
 .rodata.gpio_stm32_cfg_d
                0x0000000008004690       0x14 zephyr/drivers/gpio/libdrivers__gpio.a(gpio_stm32.c.obj)
 .rodata.gpio_stm32_cfg_c
                0x00000000080046a4       0x14 zephyr/drivers/gpio/libdrivers__gpio.a(gpio_stm32.c.obj)
 .rodata.gpio_stm32_cfg_b
                0x00000000080046b8       0x14 zephyr/drivers/gpio/libdrivers__gpio.a(gpio_stm32.c.obj)
 .rodata.gpio_stm32_cfg_a
                0x00000000080046cc       0x14 zephyr/drivers/gpio/libdrivers__gpio.a(gpio_stm32.c.obj)
 .rodata.gpio_ports
                0x00000000080046e0       0x44 zephyr/drivers/pinctrl/libdrivers__pinctrl.a(pinctrl_stm32.c.obj)
 .rodata.reset_stm32_config
                0x0000000008004724        0x4 zephyr/drivers/reset/libdrivers__reset.a(reset_stm32.c.obj)
 .rodata.uart_stm32_cfg_1
                0x0000000008004728       0x24 zephyr/drivers/serial/libdrivers__serial.a(uart_stm32.c.obj)
 .rodata.pclken_1
                0x000000000800474c        0x8 zephyr/drivers/serial/libdrivers__serial.a(uart_stm32.c.obj)
 .rodata.__pinctrl_dev_config__device_dts_ord_106
                0x0000000008004754        0x8 zephyr/drivers/serial/libdrivers__serial.a(uart_stm32.c.obj)
 .rodata.__pinctrl_states__device_dts_ord_106
                0x000000000800475c        0x8 zephyr/drivers/serial/libdrivers__serial.a(uart_stm32.c.obj)
 .rodata.__pinctrl_state_pins_0__device_dts_ord_106
                0x0000000008004764       0x10 zephyr/drivers/serial/libdrivers__serial.a(uart_stm32.c.obj)
 .rodata.uart_stm32_cfg_0
                0x0000000008004774       0x24 zephyr/drivers/serial/libdrivers__serial.a(uart_stm32.c.obj)
 .rodata.pclken_0
                0x0000000008004798        0x8 zephyr/drivers/serial/libdrivers__serial.a(uart_stm32.c.obj)
 .rodata.__pinctrl_dev_config__device_dts_ord_93
                0x00000000080047a0        0x8 zephyr/drivers/serial/libdrivers__serial.a(uart_stm32.c.obj)
 .rodata.__pinctrl_states__device_dts_ord_93
                0x00000000080047a8        0x8 zephyr/drivers/serial/libdrivers__serial.a(uart_stm32.c.obj)
 .rodata.__pinctrl_state_pins_0__device_dts_ord_93
                0x00000000080047b0       0x10 zephyr/drivers/serial/libdrivers__serial.a(uart_stm32.c.obj)
 .rodata.levels.0
                0x00000000080047c0       0x18 zephyr/kernel/libkernel.a(init.c.obj)
 .rodata.LPUART_PRESCALER_TAB
                0x00000000080047d8       0x20 zephyr/drivers/serial/libdrivers__serial.a(uart_stm32.c.obj)
 .rodata.blink_thread_start.str1.1
                0x00000000080047f8       0x1e app/libapp.a(main.c.obj)
 .rodata.main.str1.1
                0x0000000008004816       0x4d app/libapp.a(main.c.obj)
 .rodata.z_arm_fatal_error.str1.1
                0x0000000008004863       0xb3 zephyr/arch/arch/arm/core/libarch__arm__core.a(fatal.c.obj)
 .rodata.usage_fault.constprop.0.str1.1
                0x0000000008004916       0xff zephyr/arch/arch/arm/core/cortex_m/libarch__arm__core__cortex_m.a(fault.c.obj)
 .rodata.bus_fault.constprop.0.str1.1
                0x0000000008004a15       0xd2 zephyr/arch/arch/arm/core/cortex_m/libarch__arm__core__cortex_m.a(fault.c.obj)
 .rodata.mem_manage_fault.constprop.0.str1.1
                0x0000000008004ae7       0x9b zephyr/arch/arch/arm/core/cortex_m/libarch__arm__core__cortex_m.a(fault.c.obj)
 .rodata.z_arm_fault.str1.1
                0x0000000008004b82      0x119 zephyr/arch/arch/arm/core/cortex_m/libarch__arm__core__cortex_m.a(fault.c.obj)
 .rodata.str1.1
                0x0000000008004c9b        0xf zephyr/arch/arch/arm/core/mpu/libarch__arm__core__mpu.a(arm_mpu_regions.c.obj)
 .rodata.line_range_15.0
                0x0000000008004caa        0x2 zephyr/drivers/interrupt_controller/libdrivers__interrupt_controller.a(intc_gpio_stm32.c.obj)
 .rodata.line_range_14.1
                0x0000000008004cac        0x2 zephyr/drivers/interrupt_controller/libdrivers__interrupt_controller.a(intc_gpio_stm32.c.obj)
 .rodata.line_range_13.2
                0x0000000008004cae        0x2 zephyr/drivers/interrupt_controller/libdrivers__interrupt_controller.a(intc_gpio_stm32.c.obj)
 .rodata.line_range_12.3
                0x0000000008004cb0        0x2 zephyr/drivers/interrupt_controller/libdrivers__interrupt_controller.a(intc_gpio_stm32.c.obj)
 .rodata.line_range_11.4
                0x0000000008004cb2        0x2 zephyr/drivers/interrupt_controller/libdrivers__interrupt_controller.a(intc_gpio_stm32.c.obj)
 .rodata.line_range_10.5
                0x0000000008004cb4        0x2 zephyr/drivers/interrupt_controller/libdrivers__interrupt_controller.a(intc_gpio_stm32.c.obj)
 .rodata.line_range_9.6
                0x0000000008004cb6        0x2 zephyr/drivers/interrupt_controller/libdrivers__interrupt_controller.a(intc_gpio_stm32.c.obj)
 .rodata.line_range_8.7
                0x0000000008004cb8        0x2 zephyr/drivers/interrupt_controller/libdrivers__interrupt_controller.a(intc_gpio_stm32.c.obj)
 .rodata.line_range_7.8
                0x0000000008004cba        0x2 zephyr/drivers/interrupt_controller/libdrivers__interrupt_controller.a(intc_gpio_stm32.c.obj)
 .rodata.line_range_6.9
                0x0000000008004cbc        0x2 zephyr/drivers/interrupt_controller/libdrivers__interrupt_controller.a(intc_gpio_stm32.c.obj)
 .rodata.line_range_5.10
                0x0000000008004cbe        0x2 zephyr/drivers/interrupt_controller/libdrivers__interrupt_controller.a(intc_gpio_stm32.c.obj)
 .rodata.line_range_4.11
                0x0000000008004cc0        0x2 zephyr/drivers/interrupt_controller/libdrivers__interrupt_controller.a(intc_gpio_stm32.c.obj)
 .rodata.line_range_3.12
                0x0000000008004cc2        0x2 zephyr/drivers/interrupt_controller/libdrivers__interrupt_controller.a(intc_gpio_stm32.c.obj)
 .rodata.line_range_2.13
                0x0000000008004cc4        0x2 zephyr/drivers/interrupt_controller/libdrivers__interrupt_controller.a(intc_gpio_stm32.c.obj)
 .rodata.line_range_1.14
                0x0000000008004cc6        0x2 zephyr/drivers/interrupt_controller/libdrivers__interrupt_controller.a(intc_gpio_stm32.c.obj)
 .rodata.line_range_0.15
                0x0000000008004cc8        0x2 zephyr/drivers/interrupt_controller/libdrivers__interrupt_controller.a(intc_gpio_stm32.c.obj)
 .rodata.str1.1
                0x0000000008004cca       0x1e zephyr/drivers/interrupt_controller/libdrivers__interrupt_controller.a(intc_exti_stm32.c.obj)
 .rodata.str1.1
                0x0000000008004ce8        0xd zephyr/drivers/clock_control/libdrivers__clock_control.a(clock_stm32_ll_h5.c.obj)
 .rodata.str1.1
                0x0000000008004cf5       0x7e zephyr/drivers/gpio/libdrivers__gpio.a(gpio_stm32.c.obj)
 .rodata.str1.1
                0x0000000008004d73       0x11 zephyr/drivers/reset/libdrivers__reset.a(reset_stm32.c.obj)
 .rodata.str1.1
                0x0000000008004d84       0x20 zephyr/drivers/serial/libdrivers__serial.a(uart_stm32.c.obj)
 .rodata.z_cstart.str1.1
                0x0000000008004da4        0x5 zephyr/kernel/libkernel.a(init.c.obj)
 .rodata.boot_banner.str1.1
                0x0000000008004da9       0x3b zephyr/kernel/libkernel.a(banner.c.obj)
 .rodata.__l_vfprintf.str1.1
                0x0000000008004de4        0xf /Users/austinbowman/zephyr-sdk-0.17.2/arm-zephyr-eabi/bin/../lib/gcc/../../picolibc/arm-zephyr-eabi/lib/thumb/v8-m.main/nofp/libc.a(libc_tinystdio_vflprintf.c.o)
 *(SORT_BY_ALIGNMENT(.gnu.linkonce.r.*))
                0x0000000008004df4                . = ALIGN (0x4)
 *fill*         0x0000000008004df3        0x1 

/DISCARD/
 *(SORT_BY_ALIGNMENT(.eh_frame))
                0x0000000008004df4                __rodata_region_end = .
                0x0000000008004e00                . = ALIGN (_region_min_align)
                0x0000000008004e00                __rom_region_end = ((__rom_region_start + .) - ADDR (rom_start))

/DISCARD/
 *(SORT_BY_ALIGNMENT(.got.plt))
 *(SORT_BY_ALIGNMENT(.igot.plt))
 *(SORT_BY_ALIGNMENT(.got))
 *(SORT_BY_ALIGNMENT(.igot))
                0x0000000020000000                . = 0x20000000
                0x0000000020000000                . = ALIGN (_region_min_align)
                0x0000000020000000                _image_ram_start = .

.ramfunc        0x0000000020000000        0x0 load address 0x0000000008004df4
                0x0000000020000000                __ramfunc_region_start = .
                0x0000000020000000                . = ALIGN (_region_min_align)
                0x0000000020000000                __ramfunc_start = .
 *(SORT_BY_ALIGNMENT(.ramfunc))
 *(SORT_BY_ALIGNMENT(.ramfunc.*))
                0x0000000020000000                . = ALIGN (_region_min_align)
                0x0000000020000000                __ramfunc_end = .
                0x0000000000000000                __ramfunc_size = (__ramfunc_end - __ramfunc_start)
                0x0000000008004df4                __ramfunc_load_start = LOADADDR (.ramfunc)

datas           0x0000000020000000       0x64 load address 0x0000000008004df4
                0x0000000020000000                __data_region_start = .
                0x0000000020000000                __data_start = .
 *(SORT_BY_ALIGNMENT(.data))
 *(SORT_BY_ALIGNMENT(.data.*))
 .data._char_out
                0x0000000020000000        0x4 zephyr/libzephyr.a(printk.c.obj)
 .data.__stdout
                0x0000000020000004       0x10 zephyr/lib/libc/picolibc/liblib__libc__picolibc.a(stdio.c.obj)
 .data.uart_stm32_data_1
                0x0000000020000014        0x8 zephyr/drivers/serial/libdrivers__serial.a(uart_stm32.c.obj)
 .data.uart_cfg_1
                0x000000002000001c        0x8 zephyr/drivers/serial/libdrivers__serial.a(uart_stm32.c.obj)
 .data.uart_stm32_data_0
                0x0000000020000024        0x8 zephyr/drivers/serial/libdrivers__serial.a(uart_stm32.c.obj)
 .data.uart_cfg_0
                0x000000002000002c        0x8 zephyr/drivers/serial/libdrivers__serial.a(uart_stm32.c.obj)
 .data.SystemCoreClock
                0x0000000020000034        0x4 modules/hal_stm32/stm32cube/lib..__modules__hal__stm32__stm32cube.a(system_stm32h5xx.c.obj)
                0x0000000020000034                SystemCoreClock
 .data.slice_ticks
                0x0000000020000038        0x4 zephyr/kernel/libkernel.a(timeslicing.c.obj)
 .data.timeout_list
                0x000000002000003c        0x8 zephyr/kernel/libkernel.a(timeout.c.obj)
 .data.exti_irq_table
                0x0000000020000044       0x20 zephyr/drivers/interrupt_controller/libdrivers__interrupt_controller.a(intc_gpio_stm32.c.obj)
 *(SORT_BY_ALIGNMENT(.kernel.*))
                0x0000000020000064                __data_end = .
                0x0000000000000064                __data_size = (__data_end - __data_start)
                0x0000000008004df4                __data_load_start = LOADADDR (datas)
                0x0000000008004df4                __data_region_load_start = LOADADDR (datas)

device_states   0x0000000020000064       0x1c load address 0x0000000008004e58
                0x0000000020000064                . = ALIGN (0x4)
                0x0000000020000064                __device_states_start = .
 *(SORT_BY_ALIGNMENT(.z_devstate))
 .z_devstate    0x0000000020000064        0x2 zephyr/drivers/interrupt_controller/libdrivers__interrupt_controller.a(intc_exti_stm32.c.obj)
 .z_devstate    0x0000000020000066        0x2 zephyr/drivers/clock_control/libdrivers__clock_control.a(clock_stm32_ll_h5.c.obj)
 .z_devstate    0x0000000020000068       0x12 zephyr/drivers/gpio/libdrivers__gpio.a(gpio_stm32.c.obj)
 .z_devstate    0x000000002000007a        0x2 zephyr/drivers/reset/libdrivers__reset.a(reset_stm32.c.obj)