Archive member included to satisfy reference by file (symbol)

app/libapp.a(main.cpp.obj)    (--whole-archive)
zephyr/libzephyr.a(validate_libc.c.obj)
                              (--whole-archive)
zephyr/libzephyr.a(cpp_dtors.c.obj)
                              (--whole-archive)
zephyr/libzephyr.a(cpp_virtual.c.obj)
                              (--whole-archive)
zephyr/libzephyr.a(cpp_vtable.cpp.obj)
                              (--whole-archive)
zephyr/libzephyr.a(cpp_new.cpp.obj)
                              (--whole-archive)
zephyr/libzephyr.a(heap.c.obj)
                              (--whole-archive)
zephyr/libzephyr.a(cbprintf_packaged.c.obj)
                              (--whole-archive)
zephyr/libzephyr.a(clock.c.obj)
                              (--whole-archive)
zephyr/libzephyr.a(printk.c.obj)
                              (--whole-archive)
zephyr/libzephyr.a(sem.c.obj)
                              (--whole-archive)
zephyr/libzephyr.a(thread_entry.c.obj)
                              (--whole-archive)
zephyr/libzephyr.a(cbprintf_complete.c.obj)
                              (--whole-archive)
zephyr/libzephyr.a(assert.c.obj)
                              (--whole-archive)
zephyr/libzephyr.a(mpsc_pbuf.c.obj)
                              (--whole-archive)
zephyr/libzephyr.a(dec.c.obj)
                              (--whole-archive)
zephyr/libzephyr.a(hex.c.obj)
                              (--whole-archive)
zephyr/libzephyr.a(rb.c.obj)  (--whole-archive)
zephyr/libzephyr.a(timeutil.c.obj)
                              (--whole-archive)
zephyr/libzephyr.a(bitarray.c.obj)
                              (--whole-archive)
zephyr/libzephyr.a(bitmask.c.obj)
                              (--whole-archive)
zephyr/libzephyr.a(ring_buffer.c.obj)
                              (--whole-archive)
zephyr/libzephyr.a(last_section_id.c.obj)
                              (--whole-archive)
zephyr/libzephyr.a(configs.c.obj)
                              (--whole-archive)
zephyr/libzephyr.a(stm32cube_hal.c.obj)
                              (--whole-archive)
zephyr/libzephyr.a(soc_config.c.obj)
                              (--whole-archive)
zephyr/libzephyr.a(stm32_cache.c.obj)
                              (--whole-archive)
zephyr/libzephyr.a(stm32_backup_domain.c.obj)
                              (--whole-archive)
zephyr/libzephyr.a(soc.c.obj)
                              (--whole-archive)
zephyr/libzephyr.a(log_core.c.obj)
                              (--whole-archive)
zephyr/libzephyr.a(log_mgmt.c.obj)
                              (--whole-archive)
zephyr/libzephyr.a(log_cache.c.obj)
                              (--whole-archive)
zephyr/libzephyr.a(log_msg.c.obj)
                              (--whole-archive)
zephyr/libzephyr.a(log_output.c.obj)
                              (--whole-archive)
zephyr/libzephyr.a(log_backend_uart.c.obj)
                              (--whole-archive)
zephyr/libzephyr.a(mem_attr.c.obj)
                              (--whole-archive)
zephyr/libzephyr.a(tracing_none.c.obj)
                              (--whole-archive)
zephyr/arch/common/libarch__common.a(sw_isr_common.c.obj)
                              (--whole-archive)
zephyr/arch/common/libarch__common.a(init.c.obj)
                              (--whole-archive)
zephyr/arch/common/libarch__common.a(xip.c.obj)
                              (--whole-archive)
zephyr/arch/arch/arm/core/libarch__arm__core.a(fatal.c.obj)
                              (--whole-archive)
zephyr/arch/arch/arm/core/libarch__arm__core.a(nmi.c.obj)
                              (--whole-archive)
zephyr/arch/arch/arm/core/libarch__arm__core.a(nmi_on_reset.S.obj)
                              (--whole-archive)
zephyr/arch/arch/arm/core/libarch__arm__core.a(__aeabi_atexit.c.obj)
                              (--whole-archive)
zephyr/arch/arch/arm/core/libarch__arm__core.a(tls.c.obj)
                              (--whole-archive)
zephyr/arch/arch/arm/core/cortex_m/libarch__arm__core__cortex_m.a(exc_exit.c.obj)
                              (--whole-archive)
zephyr/arch/arch/arm/core/cortex_m/libarch__arm__core__cortex_m.a(fault.c.obj)
                              (--whole-archive)
zephyr/arch/arch/arm/core/cortex_m/libarch__arm__core__cortex_m.a(fault_s.S.obj)
                              (--whole-archive)
zephyr/arch/arch/arm/core/cortex_m/libarch__arm__core__cortex_m.a(fpu.c.obj)
                              (--whole-archive)
zephyr/arch/arch/arm/core/cortex_m/libarch__arm__core__cortex_m.a(reset.S.obj)
                              (--whole-archive)
zephyr/arch/arch/arm/core/cortex_m/libarch__arm__core__cortex_m.a(scb.c.obj)
                              (--whole-archive)
zephyr/arch/arch/arm/core/cortex_m/libarch__arm__core__cortex_m.a(thread_abort.c.obj)
                              (--whole-archive)
zephyr/arch/arch/arm/core/cortex_m/libarch__arm__core__cortex_m.a(vector_table.S.obj)
                              (--whole-archive)
[...]
Memory Configuration

Name             Origin             Length             Attributes
FLASH            0x0000000008000000 0x0000000000200000 xr
RAM              0x0000000020000000 0x0000000000040000 xw
SRAM1            0x0000000020000000 0x0000000000040000 rw
SRAM2            0x0000000020040000 0x0000000000010000 rw
SRAM3            0x0000000020050000 0x0000000000050000 rw
IDT_LIST         0x00000000ffff7fff 0x0000000000008000 xw
*default*        0x0000000000000000 0xffffffffffffffff

Linker script and memory map

                0x0000000008006d2c                vfprintf = __d_vfprintf
                0x0000000000000000                vfscanf = __d_vfscanf
LOAD zephyr/CMakeFiles/zephyr_pre0.dir/misc/empty_file.c.obj
LOAD zephyr/CMakeFiles/offsets.dir/./arch/arm/core/offsets/offsets.c.obj
LOAD app/libapp.a
LOAD zephyr/libzephyr.a
LOAD zephyr/arch/common/libarch__common.a
LOAD zephyr/arch/arch/arm/core/libarch__arm__core.a
LOAD zephyr/arch/arch/arm/core/cortex_m/libarch__arm__core__cortex_m.a
LOAD zephyr/arch/arch/arm/core/cortex_m/cmse/libarch__arm__core__cortex_m__cmse.a
LOAD zephyr/arch/arch/arm/core/mpu/libarch__arm__core__mpu.a
LOAD zephyr/lib/libc/picolibc/liblib__libc__picolibc.a
LOAD zephyr/lib/libc/common/liblib__libc__common.a
LOAD zephyr/subsys/crc/libsubsys__crc.a
LOAD zephyr/drivers/interrupt_controller/libdrivers__interrupt_controller.a
LOAD zephyr/drivers/adc/libdrivers__adc.a
LOAD zephyr/drivers/cache/libdrivers__cache.a
LOAD zephyr/drivers/clock_control/libdrivers__clock_control.a
LOAD zephyr/drivers/console/libdrivers__console.a
LOAD zephyr/drivers/gpio/libdrivers__gpio.a
LOAD zephyr/drivers/i2c/libdrivers__i2c.a
LOAD zephyr/drivers/pinctrl/libdrivers__pinctrl.a
LOAD zephyr/drivers/reset/libdrivers__reset.a
LOAD zephyr/drivers/serial/libdrivers__serial.a
LOAD zephyr/drivers/spi/libdrivers__spi.a
LOAD zephyr/drivers/timer/libdrivers__timer.a
LOAD modules/example-application/modules/tps55287/drivers/tps55287/lib..__example-application__modules__tps55287__drivers__tps55287.a
LOAD modules/hal_stm32/stm32cube/lib..__modules__hal__stm32__stm32cube.a
LOAD zephyr/kernel/libkernel.a
LOAD zephyr/arch/common/libisr_tables.a
LOAD /Users/austinbowman/zephyr-sdk-0.17.2/arm-zephyr-eabi/bin/../lib/gcc/../../picolibc/arm-zephyr-eabi/lib/thumb/v8-m.main/nofp/libc.a
LOAD /Users/austinbowman/zephyr-sdk-0.17.2/arm-zephyr-eabi/bin/../lib/gcc/arm-zephyr-eabi/12.2.0/thumb/v8-m.main/nofp/libgcc.a
                0x0000000000000020                _region_min_align = 0x20

.rel.plt        0x0000000008000000        0x0
 *(SORT_BY_ALIGNMENT(.rel.plt))
                [!provide]                        PROVIDE (__rel_iplt_start = .)
 *(SORT_BY_ALIGNMENT(.rel.iplt))
 .rel.iplt      0x0000000008000000        0x0 app/libapp.a(main.cpp.obj)
                [!provide]                        PROVIDE (__rel_iplt_end = .)

.rela.plt       0x0000000000000000        0x0
 *(SORT_BY_ALIGNMENT(.rela.plt))
                [!provide]                        PROVIDE (__rela_iplt_start = .)
 *(SORT_BY_ALIGNMENT(.rela.iplt))
                [!provide]                        PROVIDE (__rela_iplt_end = .)

.rel.dyn
 *(SORT_BY_ALIGNMENT(.rel.*))

.rela.dyn
 *(SORT_BY_ALIGNMENT(.rela.*))

/DISCARD/
 *(SORT_BY_ALIGNMENT(.plt))

/DISCARD/
 *(SORT_BY_ALIGNMENT(.iplt))
                0x0000000008000000                __rom_region_start = 0x8000000

rom_start       0x0000000008000000      0x24c
                0x0000000008000000                __rom_start_address = .
 FILL mask 0x00
                0x0000000008000000                . = (. + (0x0 - (. - __rom_start_address)))
                0x0000000008000000                . = ALIGN (0x4)
                0x0000000008000000                . = ALIGN (0x80)
                0x0000000008000000                . = ALIGN (0x400)
                0x0000000008000000                _vector_start = .
 *(SORT_BY_ALIGNMENT(.exc_vector_table))
 *(SORT_BY_ALIGNMENT(.exc_vector_table.*))
 .exc_vector_table._vector_table_section
                0x0000000008000000       0x40 zephyr/arch/arch/arm/core/cortex_m/libarch__arm__core__cortex_m.a(vector_table.S.obj)
                0x0000000008000000                _vector_table
 *(SORT_BY_ALIGNMENT(.vectors))
                0x000000000800024c                _vector_end = .
                0x0000000008000040                . = ALIGN (0x4)
 *(SORT_BY_ALIGNMENT(.gnu.linkonce.irq_vector_table*))
 .gnu.linkonce.irq_vector_table
                0x0000000008000040      0x20c zephyr/arch/common/libisr_tables.a(isr_tables.c.obj)
                0x0000000008000040                _irq_vector_table
                0x000000000800024c                _vector_end = .

text            0x0000000008000250     0x9f94
                0x0000000008000250                __text_region_start = .
 *(SORT_BY_ALIGNMENT(.text))
 .text          0x0000000008000250      0x378 /Users/austinbowman/zephyr-sdk-0.17.2/arm-zephyr-eabi/bin/../lib/gcc/arm-zephyr-eabi/12.2.0/thumb/v8-m.main/nofp/libgcc.a(_arm_addsubdf3.o)
                0x0000000008000250                __aeabi_drsub
                0x0000000008000258                __subdf3
                0x0000000008000258                __aeabi_dsub
                0x000000000800025c                __aeabi_dadd
                0x000000000800025c                __adddf3
                0x00000000080004d4                __aeabi_ui2d
                0x00000000080004d4                __floatunsidf
                0x00000000080004f4                __floatsidf
                0x00000000080004f4                __aeabi_i2d
                0x0000000008000518                __extendsfdf2
                0x0000000008000518                __aeabi_f2d
                0x000000000800055c                __aeabi_ul2d
                0x000000000800055c                __floatundidf
                0x000000000800056c                __aeabi_l2d
                0x000000000800056c                __floatdidf
 .text          0x00000000080005c8      0x424 /Users/austinbowman/zephyr-sdk-0.17.2/arm-zephyr-eabi/bin/../lib/gcc/arm-zephyr-eabi/12.2.0/thumb/v8-m.main/nofp/libgcc.a(_arm_muldivdf3.o)
                0x00000000080005c8                __aeabi_dmul
                0x00000000080005c8                __muldf3
                0x000000000800081c                __aeabi_ddiv
                0x000000000800081c                __divdf3
 .text          0x00000000080009ec       0x30 /Users/austinbowman/zephyr-sdk-0.17.2/arm-zephyr-eabi/bin/../lib/gcc/arm-zephyr-eabi/12.2.0/thumb/v8-m.main/nofp/libgcc.a(_aeabi_uldivmod.o)
                0x00000000080009ec                __aeabi_uldivmod
 .text          0x0000000008000a1c        0x4 /Users/austinbowman/zephyr-sdk-0.17.2/arm-zephyr-eabi/bin/../lib/gcc/arm-zephyr-eabi/12.2.0/thumb/v8-m.main/nofp/libgcc.a(_dvmd_tls.o)
                0x0000000008000a1c                __aeabi_ldiv0
                0x0000000008000a1c                __aeabi_idiv0
 .text          0x0000000008000a20       0x10 /Users/austinbowman/zephyr-sdk-0.17.2/arm-zephyr-eabi/bin/../lib/gcc/../../picolibc/arm-zephyr-eabi/lib/thumb/v8-m.main/nofp/libc.a(strlen.S.o)
                0x0000000008000a20                strlen
 .text          0x0000000008000a30       0x26 /Users/austinbowman/zephyr-sdk-0.17.2/arm-zephyr-eabi/bin/../lib/gcc/arm-zephyr-eabi/12.2.0/thumb/v8-m.main/nofp/libgcc.a(_popcountsi2.o)
                0x0000000008000a30                __popcountsi2
 .text          0x0000000008000a56      0x29c /Users/austinbowman/zephyr-sdk-0.17.2/arm-zephyr-eabi/bin/../lib/gcc/arm-zephyr-eabi/12.2.0/thumb/v8-m.main/nofp/libgcc.a(_udivmoddi4.o)
                0x0000000008000a56                __udivmoddi4
 *(SORT_BY_ALIGNMENT(.text.*))
 *fill*         0x0000000008000cf2        0x6 
 .text.main     0x0000000008000cf8      0x28c app/libapp.a(main.cpp.obj)
                0x0000000008000cf8                main
 .text._ZL2rdhPhj
                0x0000000008000f84       0x74 app/libapp.a(main.cpp.obj)
 .text._ZL2wrhPKhj
                0x0000000008000ff8       0x40 app/libapp.a(main.cpp.obj)
 .text.cbvprintf_package
                0x0000000008001038      0x3a4 zephyr/libzephyr.a(cbprintf_packaged.c.obj)
                0x0000000008001038                cbvprintf_package
 .text.cbprintf_package_convert
                0x00000000080013dc      0x3cc zephyr/libzephyr.a(cbprintf_packaged.c.obj)
                0x00000000080013dc                cbprintf_package_convert
 .text.__printk_hook_install
                0x00000000080017a8        0xc zephyr/libzephyr.a(printk.c.obj)
                0x00000000080017a8                __printk_hook_install
 .text.z_thread_entry
                0x00000000080017b4       0x34 zephyr/libzephyr.a(thread_entry.c.obj)
                0x00000000080017b4                z_thread_entry
 .text.st_stm32_common_config
                0x00000000080017e8       0x14 zephyr/libzephyr.a(soc_config.c.obj)
 .text.stm32_backup_domain_enable_access
                0x00000000080017fc       0x3c zephyr/libzephyr.a(stm32_backup_domain.c.obj)
                0x00000000080017fc                stm32_backup_domain_enable_access
 .text.stm32_backup_domain_disable_access
                0x0000000008001838       0x6c zephyr/libzephyr.a(stm32_backup_domain.c.obj)
                0x0000000008001838                stm32_backup_domain_disable_access
 .text.soc_early_init_hook
                0x00000000080018a4       0x24 zephyr/libzephyr.a(soc.c.obj)
                0x00000000080018a4                soc_early_init_hook
 .text.activate_foreach_backend
                0x00000000080018c8       0x64 zephyr/libzephyr.a(log_core.c.obj)
 .text.enable_logger
                0x000000000800192c       0x5c zephyr/libzephyr.a(log_core.c.obj)
 .text.log_process_thread_timer_expiry_fn
                0x0000000008001988        0xc zephyr/libzephyr.a(log_core.c.obj)
 .text.z_log_init
                0x0000000008001994       0x94 zephyr/libzephyr.a(log_core.c.obj)
 .text.log_format_func_t_get
                0x0000000008001a28        0xc zephyr/libzephyr.a(log_core.c.obj)
                0x0000000008001a28                log_format_func_t_get
 .text.log_set_timestamp_func
                0x0000000008001a34       0x20 zephyr/libzephyr.a(log_core.c.obj)
                0x0000000008001a34                log_set_timestamp_func
 .text.z_log_notify_backend_enabled
                0x0000000008001a54       0x1c zephyr/libzephyr.a(log_core.c.obj)
                0x0000000008001a54                z_log_notify_backend_enabled
 .text.z_log_dropped
                0x0000000008001a70       0x3c zephyr/libzephyr.a(log_core.c.obj)
                0x0000000008001a70                z_log_dropped
 .text.z_log_dropped_read_and_clear
                0x0000000008001aac       0x18 zephyr/libzephyr.a(log_core.c.obj)
                0x0000000008001aac                z_log_dropped_read_and_clear
 .text.dropped_notify
                0x0000000008001ac4       0x30 zephyr/libzephyr.a(log_core.c.obj)
                0x0000000008001ac4                dropped_notify
 .text.z_log_msg_init
                0x0000000008001af4       0x20 zephyr/libzephyr.a(log_core.c.obj)
                0x0000000008001af4                z_log_msg_init
 .text.log_core_init
                0x0000000008001b14       0x50 zephyr/libzephyr.a(log_core.c.obj)
                0x0000000008001b14                log_core_init
 .text.z_log_msg_alloc
                0x0000000008001b64       0x10 zephyr/libzephyr.a(log_core.c.obj)
                0x0000000008001b64                z_log_msg_alloc
 .text.z_log_msg_local_claim
                0x0000000008001b74        0xc zephyr/libzephyr.a(log_core.c.obj)
                0x0000000008001b74                z_log_msg_local_claim
 .text.z_log_msg_free
                0x0000000008001b80       0x10 zephyr/libzephyr.a(log_core.c.obj)
                0x0000000008001b80                z_log_msg_free
 .text.z_log_msg_pending
                0x0000000008001b90        0xc zephyr/libzephyr.a(log_core.c.obj)
                0x0000000008001b90                z_log_msg_pending
 .text.z_impl_log_process
                0x0000000008001b9c       0xac zephyr/libzephyr.a(log_core.c.obj)
                0x0000000008001b9c                z_impl_log_process
 .text.z_impl_log_panic
                0x0000000008001c48       0x44 zephyr/libzephyr.a(log_core.c.obj)
                0x0000000008001c48                z_impl_log_panic
 .text.log_process_thread_func
                0x0000000008001c8c       0xa4 zephyr/libzephyr.a(log_core.c.obj)
 .text.z_log_msg_post_finalize
                0x0000000008001d30       0x78 zephyr/libzephyr.a(log_core.c.obj)
 .text.z_log_msg_commit
                0x0000000008001da8       0x24 zephyr/libzephyr.a(log_core.c.obj)
                0x0000000008001da8                z_log_msg_commit
 .text.log_source_name_get
                0x0000000008001dcc       0x1c zephyr/libzephyr.a(log_mgmt.c.obj)
                0x0000000008001dcc                log_source_name_get
 .text.z_impl_z_log_msg_static_create
                0x0000000008001de8      0x108 zephyr/libzephyr.a(log_msg.c.obj)
                0x0000000008001de8                z_impl_z_log_msg_static_create
 .text.z_log_msg_runtime_vcreate
                0x0000000008001ef0       0xa0 zephyr/libzephyr.a(log_msg.c.obj)
                0x0000000008001ef0                z_log_msg_runtime_vcreate
 .text.log_msg_get_source_id
                0x0000000008001f90       0x18 zephyr/libzephyr.a(log_msg.c.obj)
                0x0000000008001f90                log_msg_get_source_id
 .text.print_formatted
                0x0000000008001fa8       0x24 zephyr/libzephyr.a(log_output.c.obj)
 .text.newline_print
                0x0000000008001fcc       0x1c zephyr/libzephyr.a(log_output.c.obj)
 .text.log_output_process
                0x0000000008001fe8      0x2d4 zephyr/libzephyr.a(log_output.c.obj)
                0x0000000008001fe8                log_output_process
 .text.log_output_dropped_process
                0x00000000080022bc       0x58 zephyr/libzephyr.a(log_output.c.obj)
                0x00000000080022bc                log_output_dropped_process
 .text.log_output_timestamp_freq_set
                0x0000000008002314       0x2c zephyr/libzephyr.a(log_output.c.obj)
                0x0000000008002314                log_output_timestamp_freq_set
 .text.char_out
                0x0000000008002340       0x24 zephyr/libzephyr.a(log_backend_uart.c.obj)
 .text.mem_attr_get_regions
                0x0000000008002364        0xc zephyr/libzephyr.a(mem_attr.c.obj)
                0x0000000008002364                mem_attr_get_regions
 .text.arch_bss_zero
                0x0000000008002370       0x18 zephyr/arch/common/libarch__common.a(init.c.obj)
                0x0000000008002370                arch_bss_zero
 .text.arch_data_copy
                0x0000000008002388       0x38 zephyr/arch/common/libarch__common.a(xip.c.obj)
                0x0000000008002388                arch_data_copy
 .text.z_arm_fatal_error
                0x00000000080023c0       0xb8 zephyr/arch/arch/arm/core/libarch__arm__core.a(fatal.c.obj)
                0x00000000080023c0                z_arm_fatal_error
 .text.z_SysNmiOnReset
                0x0000000008002478        0x8 zephyr/arch/arch/arm/core/libarch__arm__core.a(nmi_on_reset.S.obj)
                0x0000000008002478                z_SysNmiOnReset
 .text.arch_tls_stack_setup
                0x0000000008002480       0x40 zephyr/arch/arch/arm/core/libarch__arm__core.a(tls.c.obj)
                0x0000000008002480                arch_tls_stack_setup
 .text._HandlerModeExit
                0x00000000080024c0       0x20 zephyr/arch/arch/arm/core/cortex_m/libarch__arm__core__cortex_m.a(exc_exit.c.obj)
                0x00000000080024c0                z_arm_exc_exit
                0x00000000080024c0                z_arm_int_exit
 .text.mem_manage_fault.constprop.0
                0x00000000080024e0       0xd0 zephyr/arch/arch/arm/core/cortex_m/libarch__arm__core__cortex_m.a(fault.c.obj)
 .text.usage_fault.constprop.0
                0x00000000080025b0       0xbc zephyr/arch/arch/arm/core/cortex_m/libarch__arm__core__cortex_m.a(fault.c.obj)
 .text.bus_fault.constprop.0
                0x000000000800266c       0xd0 zephyr/arch/arch/arm/core/cortex_m/libarch__arm__core__cortex_m.a(fault.c.obj)
 .text.z_arm_fault
                0x000000000800273c      0x1d0 zephyr/arch/arch/arm/core/cortex_m/libarch__arm__core__cortex_m.a(fault.c.obj)
                0x000000000800273c                z_arm_fault
 .text.z_arm_fault_init
                0x000000000800290c       0x20 zephyr/arch/arch/arm/core/cortex_m/libarch__arm__core__cortex_m.a(fault.c.obj)
                0x000000000800290c                z_arm_fault_init
 .text.__fault  0x000000000800292c       0x14 zephyr/arch/arch/arm/core/cortex_m/libarch__arm__core__cortex_m.a(fault_s.S.obj)
                0x000000000800292c                z_arm_bus_fault
                0x000000000800292c                z_arm_usage_fault
                0x000000000800292c                z_arm_mpu_fault
                0x000000000800292c                z_arm_exc_spurious
                0x000000000800292c                z_arm_debug_monitor
                0x000000000800292c                z_arm_hard_fault
 .text._reset_section
                0x0000000008002940       0x34 zephyr/arch/arch/arm/core/cortex_m/libarch__arm__core__cortex_m.a(reset.S.obj)
                0x0000000008002940                z_arm_reset
                0x0000000008002940                __start
 .text.z_impl_k_thread_abort
                0x0000000008002974       0x2c zephyr/arch/arch/arm/core/cortex_m/libarch__arm__core__cortex_m.a(thread_abort.c.obj)
                0x0000000008002974                z_impl_k_thread_abort
 .text.z_arm_pendsv
                0x00000000080029a0       0x60 zephyr/arch/arch/arm/core/cortex_m/libarch__arm__core__cortex_m.a(swap_helper.S.obj)
                0x00000000080029a0                z_arm_pendsv
 .text.z_arm_svc
                0x0000000008002a00       0x24 zephyr/arch/arch/arm/core/cortex_m/libarch__arm__core__cortex_m.a(swap_helper.S.obj)
                0x0000000008002a00                z_arm_svc
 .text.arm_irq_enable
                0x0000000008002a24       0x1c zephyr/arch/arch/arm/core/cortex_m/libarch__arm__core__cortex_m.a(irq_manage.c.obj)
                0x0000000008002a24                arm_irq_enable
 .text.arm_irq_priority_set
                0x0000000008002a40       0x2c zephyr/arch/arch/arm/core/cortex_m/libarch__arm__core__cortex_m.a(irq_manage.c.obj)
                0x0000000008002a40                arm_irq_priority_set
 .text.relocate_vector_table
                0x0000000008002a6c       0x1c zephyr/arch/arch/arm/core/cortex_m/libarch__arm__core__cortex_m.a(prep_c.c.obj)
                0x0000000008002a6c                relocate_vector_table
 .text.z_prep_c
                0x0000000008002a88       0x38 zephyr/arch/arch/arm/core/cortex_m/libarch__arm__core__cortex_m.a(prep_c.c.obj)
                0x0000000008002a88                z_prep_c
 .text.arch_new_thread
                0x0000000008002ac0       0x38 zephyr/arch/arch/arm/core/cortex_m/libarch__arm__core__cortex_m.a(thread.c.obj)
                0x0000000008002ac0                arch_new_thread
 .text.arch_switch_to_main_thread
                0x0000000008002af8       0x40 zephyr/arch/arch/arm/core/cortex_m/libarch__arm__core__cortex_m.a(thread.c.obj)
                0x0000000008002af8                arch_switch_to_main_thread
 .text.z_arm_cpu_idle_init
                0x0000000008002b38        0xc zephyr/arch/arch/arm/core/cortex_m/libarch__arm__core__cortex_m.a(cpu_idle.c.obj)
                0x0000000008002b38                z_arm_cpu_idle_init
 .text.z_arm_interrupt_init
                0x0000000008002b44       0x18 zephyr/arch/arch/arm/core/cortex_m/libarch__arm__core__cortex_m.a(irq_init.c.obj)
                0x0000000008002b44                z_arm_interrupt_init
 .text._isr_wrapper
                0x0000000008002b5c       0x24 zephyr/arch/arch/arm/core/cortex_m/libarch__arm__core__cortex_m.a(isr_wrapper.c.obj)
                0x0000000008002b5c                _isr_wrapper
 .text.z_arm_configure_static_mpu_regions
                0x0000000008002b80       0x38 zephyr/arch/arch/arm/core/mpu/libarch__arm__core__mpu.a(arm_core_mpu.c.obj)
                0x0000000008002b80                z_arm_configure_static_mpu_regions
 .text.region_init
                0x0000000008002bb8       0x34 zephyr/arch/arch/arm/core/mpu/libarch__arm__core__mpu.a(arm_mpu.c.obj)
 .text.region_allocate_and_init
                0x0000000008002bec       0x38 zephyr/arch/arch/arm/core/mpu/libarch__arm__core__mpu.a(arm_mpu.c.obj)
 .text.mpu_configure_regions_and_partition.constprop.0
                0x0000000008002c24      0x164 zephyr/arch/arch/arm/core/mpu/libarch__arm__core__mpu.a(arm_mpu.c.obj)
 .text.arm_core_mpu_enable
                0x0000000008002d88       0x18 zephyr/arch/arch/arm/core/mpu/libarch__arm__core__mpu.a(arm_mpu.c.obj)
                0x0000000008002d88                arm_core_mpu_enable
 .text.arm_core_mpu_disable
                0x0000000008002da0       0x14 zephyr/arch/arch/arm/core/mpu/libarch__arm__core__mpu.a(arm_mpu.c.obj)
                0x0000000008002da0                arm_core_mpu_disable
 .text.arm_core_mpu_configure_static_mpu_regions
                0x0000000008002db4       0x14 zephyr/arch/arch/arm/core/mpu/libarch__arm__core__mpu.a(arm_mpu.c.obj)
                0x0000000008002db4                arm_core_mpu_configure_static_mpu_regions
 .text.arm_core_mpu_mark_areas_for_dynamic_regions
                0x0000000008002dc8       0xb8 zephyr/arch/arch/arm/core/mpu/libarch__arm__core__mpu.a(arm_mpu.c.obj)
                0x0000000008002dc8                arm_core_mpu_mark_areas_for_dynamic_regions
 .text.z_arm_mpu_init
                0x0000000008002e80      0x11c zephyr/arch/arch/arm/core/mpu/libarch__arm__core__mpu.a(arm_mpu.c.obj)
                0x0000000008002e80                z_arm_mpu_init
 .text.cbvprintf
                0x0000000008002f9c       0x38 zephyr/lib/libc/picolibc/liblib__libc__picolibc.a(cbprintf.c.obj)
                0x0000000008002f9c                cbvprintf
 .text.z_impl_zephyr_fputc
                0x0000000008002fd4       0x10 zephyr/lib/libc/picolibc/liblib__libc__picolibc.a(stdio.c.obj)
                0x0000000008002fd4                z_impl_zephyr_fputc
 .text.__stdout_hook_install
                0x0000000008002fe4       0x18 zephyr/lib/libc/picolibc/liblib__libc__picolibc.a(stdio.c.obj)
                0x0000000008002fe4                __stdout_hook_install
 .text.malloc_prepare
                0x0000000008002ffc       0x24 zephyr/lib/libc/common/liblib__libc__common.a(malloc.c.obj)
 .text.stm32_intc_gpio_isr
                0x0000000008003020       0x4c zephyr/drivers/interrupt_controller/libdrivers__interrupt_controller.a(intc_gpio_stm32.c.obj)
 .text.stm32_fill_irq_table.constprop.0
                0x000000000800306c        0xc zephyr/drivers/interrupt_controller/libdrivers__interrupt_controller.a(intc_gpio_stm32.c.obj)
 .text.stm32_gpio_intc_enable_line
                0x0000000008003078       0x30 zephyr/drivers/interrupt_controller/libdrivers__interrupt_controller.a(intc_gpio_stm32.c.obj)
                0x0000000008003078                stm32_gpio_intc_enable_line
 .text.stm32_gpio_intc_disable_line
                0x00000000080030a8       0x14 zephyr/drivers/interrupt_controller/libdrivers__interrupt_controller.a(intc_gpio_stm32.c.obj)
                0x00000000080030a8                stm32_gpio_intc_disable_line
 .text.stm32_gpio_intc_select_line_trigger
                0x00000000080030bc       0x50 zephyr/drivers/interrupt_controller/libdrivers__interrupt_controller.a(intc_gpio_stm32.c.obj)
                0x00000000080030bc                stm32_gpio_intc_select_line_trigger
 .text.stm32_gpio_intc_set_irq_callback
                0x000000000800310c       0x40 zephyr/drivers/interrupt_controller/libdrivers__interrupt_controller.a(intc_gpio_stm32.c.obj)
                0x000000000800310c                stm32_gpio_intc_set_irq_callback
 .text.stm32_gpio_intc_remove_irq_callback
                0x000000000800314c       0x24 zephyr/drivers/interrupt_controller/libdrivers__interrupt_controller.a(intc_gpio_stm32.c.obj)
                0x000000000800314c                stm32_gpio_intc_remove_irq_callback
 .text.stm32_exti_get_line_src_port
                0x0000000008003170       0x24 zephyr/drivers/interrupt_controller/libdrivers__interrupt_controller.a(intc_gpio_stm32.c.obj)
                0x0000000008003170                stm32_exti_get_line_src_port
 .text.stm32_exti_init
                0x0000000008003194       0x48 zephyr/drivers/interrupt_controller/libdrivers__interrupt_controller.a(intc_exti_stm32.c.obj)
 .text.stm32_exti_is_pending
                0x00000000080031dc       0x54 zephyr/drivers/interrupt_controller/libdrivers__interrupt_controller.a(intc_exti_stm32.c.obj)
                0x00000000080031dc                stm32_exti_is_pending
 .text.stm32_exti_clear_pending
                0x0000000008003230       0x40 zephyr/drivers/interrupt_controller/libdrivers__interrupt_controller.a(intc_exti_stm32.c.obj)
                0x0000000008003230                stm32_exti_clear_pending
 .text.adc_stm32_isr_37
                0x0000000008003270       0xdc zephyr/drivers/adc/libdrivers__adc.a(adc_stm32.c.obj)
 .text.adc_stm32_channel_setup
                0x000000000800334c      0x180 zephyr/drivers/adc/libdrivers__adc.a(adc_stm32.c.obj)
 .text.adc_stm32_calibrate.isra.0
                0x00000000080034cc       0x68 zephyr/drivers/adc/libdrivers__adc.a(adc_stm32.c.obj)
 .text.adc_stm32_init
                0x0000000008003534      0x114 zephyr/drivers/adc/libdrivers__adc.a(adc_stm32.c.obj)
 .text.adc_stm32_read
                0x0000000008003648      0x2d4 zephyr/drivers/adc/libdrivers__adc.a(adc_stm32.c.obj)
 .text.adc_ad7124_channel_setup
                0x000000000800391c      0x44c zephyr/drivers/adc/libdrivers__adc.a(adc_ad7124.c.obj)
 .text.adc_ad7124_read
                0x0000000008003d68      0x2c0 zephyr/drivers/adc/libdrivers__adc.a(adc_ad7124.c.obj)
 .text.adc_ad7124_reset
                0x0000000008004028       0x3c zephyr/drivers/adc/libdrivers__adc.a(adc_ad7124.c.obj)
                0x0000000008004028                adc_ad7124_reset
 .text.adc_ad7124_init
                0x0000000008004064      0x164 zephyr/drivers/adc/libdrivers__adc.a(adc_ad7124.c.obj)
 .text.cache_instr_enable
                0x00000000080041c8       0x24 zephyr/drivers/cache/libdrivers__cache.a(cache_stm32.c.obj)
                0x00000000080041c8                cache_instr_enable
 .text.stm32_clock_control_get_subsys_rate
                0x00000000080041ec       0xe0 zephyr/drivers/clock_control/libdrivers__clock_control.a(clock_stm32_ll_h5.c.obj)
 .text.stm32_clock_control_init
                0x00000000080042cc      0x1c4 zephyr/drivers/clock_control/libdrivers__clock_control.a(clock_stm32_ll_h5.c.obj)
                0x00000000080042cc                stm32_clock_control_init
 .text.uart_console_init
                0x0000000008004490       0x28 zephyr/drivers/console/libdrivers__console.a(uart_console.c.obj)
 .text.console_out
                0x00000000080044b8       0x28 zephyr/drivers/console/libdrivers__console.a(uart_console.c.obj)
 .text.gpio_stm32_pin_interrupt_configure
                0x00000000080044e0       0xb0 zephyr/drivers/gpio/libdrivers__gpio.a(gpio_stm32.c.obj)
 .text.gpio_stm32_init
                0x0000000008004590       0x38 zephyr/drivers/gpio/libdrivers__gpio.a(gpio_stm32.c.obj)
 .text.i2c_stm32_get_config.part.0
                0x00000000080045c8       0x1c zephyr/drivers/i2c/libdrivers__i2c.a(i2c_ll_stm32.c.obj)
 .text.i2c_stm32_set_smbus_mode
                0x00000000080045e4       0x54 zephyr/drivers/i2c/libdrivers__i2c.a(i2c_ll_stm32.c.obj)
                0x00000000080045e4                i2c_stm32_set_smbus_mode
 .text.i2c_stm32_runtime_configure
                0x0000000008004638       0x88 zephyr/drivers/i2c/libdrivers__i2c.a(i2c_ll_stm32.c.obj)
                0x0000000008004638                i2c_stm32_runtime_configure
 .text.i2c_stm32_init
                0x00000000080046c0       0xe0 zephyr/drivers/i2c/libdrivers__i2c.a(i2c_ll_stm32.c.obj)
 .text.i2c_stm32_activate
                0x00000000080047a0       0x68 zephyr/drivers/i2c/libdrivers__i2c.a(i2c_ll_stm32_common.c.obj)
                0x00000000080047a0                i2c_stm32_activate
 .text.msg_init
                0x0000000008004808       0x9c zephyr/drivers/i2c/libdrivers__i2c.a(i2c_ll_stm32_v2.c.obj)
 .text.i2c_stm32_configure_timing
                0x00000000080048a4      0x158 zephyr/drivers/i2c/libdrivers__i2c.a(i2c_ll_stm32_v2.c.obj)
                0x00000000080048a4                i2c_stm32_configure_timing
 .text.pinctrl_configure_pins
                0x00000000080049fc       0x84 zephyr/drivers/pinctrl/libdrivers__pinctrl.a(pinctrl_stm32.c.obj)
                0x00000000080049fc                pinctrl_configure_pins
 .text.uart_stm32_cfg2ll_stopbits
                0x0000000008004a80       0x4c zephyr/drivers/serial/libdrivers__serial.a(uart_stm32.c.obj)
 .text.lpuartdiv_calc
                0x0000000008004acc       0x30 zephyr/drivers/serial/libdrivers__serial.a(uart_stm32.c.obj)
                0x0000000008004acc                lpuartdiv_calc
 .text.uart_stm32_set_baudrate
                0x0000000008004afc      0x11c zephyr/drivers/serial/libdrivers__serial.a(uart_stm32.c.obj)
 .text.uart_stm32_configure
                0x0000000008004c18      0x1b8 zephyr/drivers/serial/libdrivers__serial.a(uart_stm32.c.obj)
 .text.uart_stm32_init
                0x0000000008004dd0      0x288 zephyr/drivers/serial/libdrivers__serial.a(uart_stm32.c.obj)
 .text.spi_stm32_init
                0x0000000008005058      0x158 zephyr/drivers/spi/libdrivers__spi.a(spi_ll_stm32.c.obj)
 .text.spi_stm32_transceive
                0x00000000080051b0      0x70c zephyr/drivers/spi/libdrivers__spi.a(spi_ll_stm32.c.obj)
 .text.elapsed  0x00000000080058bc       0x4c zephyr/drivers/timer/libdrivers__timer.a(cortex_m_systick.c.obj)
 .text.sys_clock_driver_init
                0x0000000008005908       0x38 zephyr/drivers/timer/libdrivers__timer.a(cortex_m_systick.c.obj)
 .text.sys_clock_isr
                0x0000000008005940       0x60 zephyr/drivers/timer/libdrivers__timer.a(cortex_m_systick.c.obj)
                0x0000000008005940                sys_clock_isr
 .text.sys_clock_set_timeout
                0x00000000080059a0       0xfc zephyr/drivers/timer/libdrivers__timer.a(cortex_m_systick.c.obj)
                0x00000000080059a0                sys_clock_set_timeout
 .text.sys_clock_elapsed
                0x0000000008005a9c       0x3c zephyr/drivers/timer/libdrivers__timer.a(cortex_m_systick.c.obj)
                0x0000000008005a9c                sys_clock_elapsed
 .text.sys_clock_cycle_get_32
                0x0000000008005ad8       0x28 zephyr/drivers/timer/libdrivers__timer.a(cortex_m_systick.c.obj)
                0x0000000008005ad8                sys_clock_cycle_get_32
 .text.LL_SetFlashLatency
                0x0000000008005b00      0x140 modules/hal_stm32/stm32cube/lib..__modules__hal__stm32__stm32cube.a(stm32h5xx_ll_utils.c.obj)
                0x0000000008005b00                LL_SetFlashLatency
 .text.k_sys_fatal_error_handler
                0x0000000008005c40       0x20 zephyr/kernel/libkernel.a(fatal.c.obj)
                0x0000000008005c40                k_sys_fatal_error_handler
 .text.z_fatal_error
                0x0000000008005c60       0xe8 zephyr/kernel/libkernel.a(fatal.c.obj)
                0x0000000008005c60                z_fatal_error
 .text.z_sys_init_run_level
                0x0000000008005d48       0x30 zephyr/kernel/libkernel.a(init.c.obj)
 .text.bg_thread_main
                0x0000000008005d78       0xdc zephyr/kernel/libkernel.a(init.c.obj)
 .text.z_init_cpu
                0x0000000008005e54       0x68 zephyr/kernel/libkernel.a(init.c.obj)
                0x0000000008005e54                z_init_cpu
 .text.z_cstart
                0x0000000008005ebc       0xd0 zephyr/kernel/libkernel.a(init.c.obj)
                0x0000000008005ebc                z_cstart
 .text.z_impl_k_sem_give
                0x0000000008005f8c       0x68 zephyr/kernel/libkernel.a(sem.c.obj)
                0x0000000008005f8c                z_impl_k_sem_give
 .text.z_impl_k_sem_take
                0x0000000008005ff4       0x4c zephyr/kernel/libkernel.a(sem.c.obj)
                0x0000000008005ff4                z_impl_k_sem_take
 .text.z_setup_new_thread
                0x0000000008006040       0x7c zephyr/kernel/libkernel.a(thread.c.obj)
                0x0000000008006040                z_setup_new_thread
 .text.z_impl_k_thread_create
                0x00000000080060bc       0x58 zephyr/kernel/libkernel.a(thread.c.obj)
                0x00000000080060bc                z_impl_k_thread_create
 .text.z_dummy_thread_init
                0x0000000008006114       0x18 zephyr/kernel/libkernel.a(thread.c.obj)
                0x0000000008006114                z_dummy_thread_init
 .text.z_swap_irqlock
                0x000000000800612c       0x30 zephyr/kernel/libkernel.a(sched.c.obj)
 .text.ready_thread
                0x000000000800615c       0x84 zephyr/kernel/libkernel.a(sched.c.obj)
 .text.unready_thread
                0x00000000080061e0       0x54 zephyr/kernel/libkernel.a(sched.c.obj)
 .text.add_thread_timeout
                0x0000000008006234       0x1c zephyr/kernel/libkernel.a(sched.c.obj)
 .text.move_thread_to_end_of_prio_q
                0x0000000008006250       0x90 zephyr/kernel/libkernel.a(sched.c.obj)
                0x0000000008006250                move_thread_to_end_of_prio_q
 .text.z_pend_curr
                0x00000000080062e0       0x44 zephyr/kernel/libkernel.a(sched.c.obj)
                0x00000000080062e0                z_pend_curr
 .text.z_reschedule
                0x0000000008006324       0x24 zephyr/kernel/libkernel.a(sched.c.obj)
                0x0000000008006324                z_reschedule
 .text.z_reschedule_irqlock
                0x0000000008006348       0x28 zephyr/kernel/libkernel.a(sched.c.obj)
                0x0000000008006348                z_reschedule_irqlock
 .text.k_sched_lock
                0x0000000008006370       0x28 zephyr/kernel/libkernel.a(sched.c.obj)
                0x0000000008006370                k_sched_lock
 .text.k_sched_unlock
                0x0000000008006398       0x68 zephyr/kernel/libkernel.a(sched.c.obj)
                0x0000000008006398                k_sched_unlock
 .text.z_sched_init
                0x0000000008006400       0x10 zephyr/kernel/libkernel.a(sched.c.obj)
                0x0000000008006400                z_sched_init
 .text.z_impl_k_yield
                0x0000000008006410       0x88 zephyr/kernel/libkernel.a(sched.c.obj)
                0x0000000008006410                z_impl_k_yield
 .text.z_tick_sleep
                0x0000000008006498       0x78 zephyr/kernel/libkernel.a(sched.c.obj)
 .text.z_impl_k_wakeup
                0x0000000008006510       0x48 zephyr/kernel/libkernel.a(sched.c.obj)
                0x0000000008006510                z_impl_k_wakeup
 .text.z_impl_k_sched_current_thread_query
                0x0000000008006558        0xc zephyr/kernel/libkernel.a(sched.c.obj)
                0x0000000008006558                z_impl_k_sched_current_thread_query
 .text.z_thread_abort
                0x0000000008006564      0x140 zephyr/kernel/libkernel.a(sched.c.obj)
                0x0000000008006564                z_thread_abort
 .text.slice_timeout
                0x00000000080066a4       0x20 zephyr/kernel/libkernel.a(timeslicing.c.obj)
 .text.thread_is_sliceable
                0x00000000080066c4       0x3c zephyr/kernel/libkernel.a(timeslicing.c.obj)
                0x00000000080066c4                thread_is_sliceable
 .text.z_reset_time_slice
                0x0000000008006700       0x50 zephyr/kernel/libkernel.a(timeslicing.c.obj)
                0x0000000008006700                z_reset_time_slice
 .text.z_time_slice
                0x0000000008006750       0x60 zephyr/kernel/libkernel.a(timeslicing.c.obj)
                0x0000000008006750                z_time_slice
 .text.first    0x00000000080067b0       0x10 zephyr/kernel/libkernel.a(timeout.c.obj)
 .text.elapsed  0x00000000080067c0       0x14 zephyr/kernel/libkernel.a(timeout.c.obj)
 .text.remove_timeout
                0x00000000080067d4       0x38 zephyr/kernel/libkernel.a(timeout.c.obj)
 .text.z_add_timeout
                0x000000000800680c      0x120 zephyr/kernel/libkernel.a(timeout.c.obj)
                0x000000000800680c                z_add_timeout
 .text.sys_clock_announce
                0x000000000800692c       0xbc zephyr/kernel/libkernel.a(timeout.c.obj)
                0x000000000800692c                sys_clock_announce
 .text.sys_clock_tick_get
                0x00000000080069e8       0x30 zephyr/kernel/libkernel.a(timeout.c.obj)
                0x00000000080069e8                sys_clock_tick_get
 .text.z_timer_expiration_handler
                0x0000000008006a18      0x110 zephyr/kernel/libkernel.a(timer.c.obj)
                0x0000000008006a18                z_timer_expiration_handler
 .text.z_impl_k_timer_start
                0x0000000008006b28       0x70 zephyr/kernel/libkernel.a(timer.c.obj)
                0x0000000008006b28                z_impl_k_timer_start
 .text.boot_banner
                0x0000000008006b98        0xc zephyr/kernel/libkernel.a(banner.c.obj)
                0x0000000008006b98                boot_banner
 .text.snprintf
                0x0000000008006ba4       0x54 /Users/austinbowman/zephyr-sdk-0.17.2/arm-zephyr-eabi/bin/../lib/gcc/../../picolibc/arm-zephyr-eabi/lib/thumb/v8-m.main/nofp/libc.a(libc_tinystdio_snprintf.c.o)
                0x0000000008006ba4                snprintf
 .text.skip_to_arg
                0x0000000008006bf8      0x134 /Users/austinbowman/zephyr-sdk-0.17.2/arm-zephyr-eabi/bin/../lib/gcc/../../picolibc/arm-zephyr-eabi/lib/thumb/v8-m.main/nofp/libc.a(libc_tinystdio_vfprintf.c.o)
 .text.vfprintf
                0x0000000008006d2c      0x9a8 /Users/austinbowman/zephyr-sdk-0.17.2/arm-zephyr-eabi/bin/../lib/gcc/../../picolibc/arm-zephyr-eabi/lib/thumb/v8-m.main/nofp/libc.a(libc_tinystdio_vfprintf.c.o)
                0x0000000008006d2c                __d_vfprintf
 .text.div10    0x00000000080076d4       0x28 /Users/austinbowman/zephyr-sdk-0.17.2/arm-zephyr-eabi/bin/../lib/gcc/../../picolibc/arm-zephyr-eabi/lib/thumb/v8-m.main/nofp/libc.a(libc_tinystdio_dtoa_ryu.c.o)
 .text.__dtoa_engine
                0x00000000080076fc      0x4a8 /Users/austinbowman/zephyr-sdk-0.17.2/arm-zephyr-eabi/bin/../lib/gcc/../../picolibc/arm-zephyr-eabi/lib/thumb/v8-m.main/nofp/libc.a(libc_tinystdio_dtoa_ryu.c.o)
                0x00000000080076fc                __dtoa_engine
 .text.__log10Pow2
                0x0000000008007ba4        0xc /Users/austinbowman/zephyr-sdk-0.17.2/arm-zephyr-eabi/bin/../lib/gcc/../../picolibc/arm-zephyr-eabi/lib/thumb/v8-m.main/nofp/libc.a(libc_tinystdio_ryu_log10.c.o)
                0x0000000008007ba4                __log10Pow2
 .text.__log10Pow5
                0x0000000008007bb0        0xc /Users/austinbowman/zephyr-sdk-0.17.2/arm-zephyr-eabi/bin/../lib/gcc/../../picolibc/arm-zephyr-eabi/lib/thumb/v8-m.main/nofp/libc.a(libc_tinystdio_ryu_log10.c.o)
                0x0000000008007bb0                __log10Pow5
 .text.__pow5bits
                0x0000000008007bbc       0x10 /Users/austinbowman/zephyr-sdk-0.17.2/arm-zephyr-eabi/bin/../lib/gcc/../../picolibc/arm-zephyr-eabi/lib/thumb/v8-m.main/nofp/libc.a(libc_tinystdio_ryu_pow5bits.c.o)
                0x0000000008007bbc                __pow5bits
 .text.__pow5Factor
                0x0000000008007bcc       0x30 /Users/austinbowman/zephyr-sdk-0.17.2/arm-zephyr-eabi/bin/../lib/gcc/../../picolibc/arm-zephyr-eabi/lib/thumb/v8-m.main/nofp/libc.a(libc_tinystdio_ryu_table.c.o)
                0x0000000008007bcc                __pow5Factor
 .text.__double_computePow5
                0x0000000008007bfc       0xe4 /Users/austinbowman/zephyr-sdk-0.17.2/arm-zephyr-eabi/bin/../lib/gcc/../../picolibc/arm-zephyr-eabi/lib/thumb/v8-m.main/nofp/libc.a(libc_tinystdio_ryu_table.c.o)
                0x0000000008007bfc                __double_computePow5
 .text.__double_computeInvPow5
                0x0000000008007ce0       0xf8 /Users/austinbowman/zephyr-sdk-0.17.2/arm-zephyr-eabi/bin/../lib/gcc/../../picolibc/arm-zephyr-eabi/lib/thumb/v8-m.main/nofp/libc.a(libc_tinystdio_ryu_table.c.o)
                0x0000000008007ce0                __double_computeInvPow5
 .text._OffsetAbsSyms
                0x0000000008007dd8        0x2 zephyr/CMakeFiles/offsets.dir/./arch/arm/core/offsets/offsets.c.obj
                0x0000000008007dd8                _OffsetAbsSyms
 .text._ZL15z_cbprintf_wcpyPiS_j
                0x0000000008007dda        0xe app/libapp.a(main.cpp.obj)
 .text._ZL4rd16hRt.constprop.0.isra.0
                0x0000000008007de8       0x20 app/libapp.a(main.cpp.obj)
 .text.k_msleep.isra.0
                0x0000000008007e08        0xa app/libapp.a(main.cpp.obj)
 .text._ZL13wait_ready_msi
                0x0000000008007e12       0x30 app/libapp.a(main.cpp.obj)
 .text._ZL4wr16ht
                0x0000000008007e42       0x16 app/libapp.a(main.cpp.obj)
 .text.chunk_size
                0x0000000008007e58        0xa zephyr/libzephyr.a(heap.c.obj)
 .text.free_list_add
                0x0000000008007e62       0x4e zephyr/libzephyr.a(heap.c.obj)
 .text.sys_heap_init
                0x0000000008007eb0       0x7a zephyr/libzephyr.a(heap.c.obj)
                0x0000000008007eb0                sys_heap_init
 .text.cbpprintf_external
                0x0000000008007f2a       0x62 zephyr/libzephyr.a(cbprintf_packaged.c.obj)
                0x0000000008007f2a                cbpprintf_external
 .text.is_ptr   0x0000000008007f8c       0x4a zephyr/libzephyr.a(cbprintf_packaged.c.obj)
                0x0000000008007f8c                is_ptr
 .text.arch_printk_char_out
                0x0000000008007fd6        0x4 zephyr/libzephyr.a(printk.c.obj)
                0x0000000008007fd6                arch_printk_char_out
 .text.printk   0x0000000008007fda       0x1a zephyr/libzephyr.a(printk.c.obj)
                0x0000000008007fda                printk
 .text.free_space
                0x0000000008007ff4       0x26 zephyr/libzephyr.a(mpsc_pbuf.c.obj)
 .text.get_usage
                0x000000000800801a       0x22 zephyr/libzephyr.a(mpsc_pbuf.c.obj)
 .text.idx_inc  0x000000000800803c       0x1c zephyr/libzephyr.a(mpsc_pbuf.c.obj)
 .text.rd_idx_inc
                0x0000000008008058       0x18 zephyr/libzephyr.a(mpsc_pbuf.c.obj)
 .text.add_skip_item
                0x0000000008008070       0x3e zephyr/libzephyr.a(mpsc_pbuf.c.obj)
 .text.drop_item_locked
                0x00000000080080ae      0x100 zephyr/libzephyr.a(mpsc_pbuf.c.obj)
 .text.post_drop_action
                0x00000000080081ae       0x36 zephyr/libzephyr.a(mpsc_pbuf.c.obj)
 .text.max_utilization_update
                0x00000000080081e4       0x1a zephyr/libzephyr.a(mpsc_pbuf.c.obj)
 .text.mpsc_pbuf_init
                0x00000000080081fe       0x42 zephyr/libzephyr.a(mpsc_pbuf.c.obj)
                0x00000000080081fe                mpsc_pbuf_init
 .text.mpsc_pbuf_alloc
                0x0000000008008240       0xfe zephyr/libzephyr.a(mpsc_pbuf.c.obj)
                0x0000000008008240                mpsc_pbuf_alloc
 .text.mpsc_pbuf_commit
                0x000000000800833e       0x3e zephyr/libzephyr.a(mpsc_pbuf.c.obj)
                0x000000000800833e                mpsc_pbuf_commit
 .text.mpsc_pbuf_claim
                0x000000000800837c       0xa8 zephyr/libzephyr.a(mpsc_pbuf.c.obj)
                0x000000000800837c                mpsc_pbuf_claim
 .text.mpsc_pbuf_free
                0x0000000008008424       0x76 zephyr/libzephyr.a(mpsc_pbuf.c.obj)
                0x0000000008008424                mpsc_pbuf_free
 .text.mpsc_pbuf_is_pending
                0x000000000800849a       0x32 zephyr/libzephyr.a(mpsc_pbuf.c.obj)
                0x000000000800849a                mpsc_pbuf_is_pending
 .text._ConfigAbsSyms
                0x00000000080084cc        0x2 zephyr/libzephyr.a(configs.c.obj)
                0x00000000080084cc                _ConfigAbsSyms
 .text.log_msg_generic_get_wlen
                0x00000000080084ce       0x20 zephyr/libzephyr.a(log_core.c.obj)
 .text.dummy_timestamp
                0x00000000080084ee        0x4 zephyr/libzephyr.a(log_core.c.obj)
 .text.atomic_inc
                0x00000000080084f2       0x12 zephyr/libzephyr.a(log_core.c.obj)
 .text.default_lf_get_timestamp
                0x0000000008008504       0x10 zephyr/libzephyr.a(log_core.c.obj)
 .text.z_log_vprintk
                0x0000000008008514       0x1c zephyr/libzephyr.a(log_core.c.obj)
                0x0000000008008514                z_log_vprintk
 .text.z_log_notify_drop
                0x0000000008008530        0x6 zephyr/libzephyr.a(log_core.c.obj)
 .text.z_log_get_tag
                0x0000000008008536        0x4 zephyr/libzephyr.a(log_core.c.obj)
                0x0000000008008536                z_log_get_tag
 .text.log_backend_enable
                0x000000000800853a       0x12 zephyr/libzephyr.a(log_mgmt.c.obj)
                0x000000000800853a                log_backend_enable
 .text.z_cbprintf_cpy
                0x000000000800854c       0x2e zephyr/libzephyr.a(log_msg.c.obj)
 .text.z_log_msg_finalize
                0x000000000800857a       0x32 zephyr/libzephyr.a(log_msg.c.obj)
                0x000000000800857a                z_log_msg_finalize
 .text.z_log_msg_simple_create
                0x00000000080085ac       0x6e zephyr/libzephyr.a(log_msg.c.obj)
 .text.z_impl_z_log_msg_simple_create_0
                0x000000000800861a       0x12 zephyr/libzephyr.a(log_msg.c.obj)
                0x000000000800861a                z_impl_z_log_msg_simple_create_0
 .text.z_impl_z_log_msg_simple_create_1
                0x000000000800862c       0x14 zephyr/libzephyr.a(log_msg.c.obj)
                0x000000000800862c                z_impl_z_log_msg_simple_create_1
 .text.z_impl_z_log_msg_simple_create_2
                0x0000000008008640       0x18 zephyr/libzephyr.a(log_msg.c.obj)
                0x0000000008008640                z_impl_z_log_msg_simple_create_2
 .text.log_output_write
                0x0000000008008658       0x1c zephyr/libzephyr.a(log_output.c.obj)
 .text.log_output_flush
                0x0000000008008674       0x1a zephyr/libzephyr.a(log_output.c.obj)
 .text.out_func
                0x000000000800868e       0x2e zephyr/libzephyr.a(log_output.c.obj)
 .text.cr_out_func
                0x00000000080086bc       0x1c zephyr/libzephyr.a(log_output.c.obj)
 .text.log_output_msg_process
                0x00000000080086d8       0x6a zephyr/libzephyr.a(log_output.c.obj)
                0x00000000080086d8                log_output_msg_process
 .text.format_set
                0x0000000008008742        0xc zephyr/libzephyr.a(log_backend_uart.c.obj)
 .text.log_backend_uart_init
                0x000000000800874e        0xc zephyr/libzephyr.a(log_backend_uart.c.obj)
 .text.panic    0x000000000800875a       0x32 zephyr/libzephyr.a(log_backend_uart.c.obj)
 .text.dropped  0x000000000800878c        0xa zephyr/libzephyr.a(log_backend_uart.c.obj)
 .text.process  0x0000000008008796       0x1e zephyr/libzephyr.a(log_backend_uart.c.obj)
 .text.arch_early_memset
                0x00000000080087b4        0x4 zephyr/arch/common/libarch__common.a(init.c.obj)
                0x00000000080087b4                arch_early_memset
 .text.arch_early_memcpy
                0x00000000080087b8        0x4 zephyr/arch/common/libarch__common.a(init.c.obj)
                0x00000000080087b8                arch_early_memcpy
 .text.z_do_kernel_oops
                0x00000000080087bc        0x8 zephyr/arch/arch/arm/core/libarch__arm__core.a(fatal.c.obj)
                0x00000000080087bc                z_do_kernel_oops
 .text.z_arm_nmi
                0x00000000080087c4        0xe zephyr/arch/arch/arm/core/libarch__arm__core.a(nmi.c.obj)
                0x00000000080087c4                z_arm_nmi
 .text.z_log_msg_simple_create_0.constprop.0
                0x00000000080087d2        0x8 zephyr/arch/arch/arm/core/cortex_m/libarch__arm__core__cortex_m.a(fault.c.obj)
 .text.z_irq_spurious
                0x00000000080087da        0x8 zephyr/arch/arch/arm/core/cortex_m/libarch__arm__core__cortex_m.a(irq_manage.c.obj)
                0x00000000080087da                z_irq_spurious
 .text.configure_builtin_stack_guard
                0x00000000080087e2        0x8 zephyr/arch/arch/arm/core/cortex_m/libarch__arm__core__cortex_m.a(thread.c.obj)
                0x00000000080087e2                configure_builtin_stack_guard
 .text.arch_coprocessors_disable
                0x00000000080087ea        0x6 zephyr/arch/arch/arm/core/cortex_m/libarch__arm__core__cortex_m.a(thread.c.obj)
                0x00000000080087ea                arch_coprocessors_disable
 .text.arch_irq_unlock_outlined
                0x00000000080087f0        0xe zephyr/arch/arch/arm/core/cortex_m/libarch__arm__core__cortex_m.a(thread.c.obj)
                0x00000000080087f0                arch_irq_unlock_outlined
 .text.arch_cpu_idle
                0x00000000080087fe       0x1a zephyr/arch/arch/arm/core/cortex_m/libarch__arm__core__cortex_m.a(cpu_idle.c.obj)
                0x00000000080087fe                arch_cpu_idle
 .text.arm_cmse_mpu_region_get
                0x0000000008008818       0x12 zephyr/arch/arch/arm/core/cortex_m/cmse/libarch__arm__core__cortex_m__cmse.a(arm_core_cmse.c.obj)
                0x0000000008008818                arm_cmse_mpu_region_get
 .text.mpu_configure_region
                0x000000000800882a       0x32 zephyr/arch/arch/arm/core/mpu/libarch__arm__core__mpu.a(arm_mpu.c.obj)
 .text.cbputc   0x000000000800885c        0xc zephyr/lib/libc/picolibc/liblib__libc__picolibc.a(cbprintf.c.obj)
 .text.picolibc_put
                0x0000000008008868        0xa zephyr/lib/libc/picolibc/liblib__libc__picolibc.a(stdio.c.obj)
 .text.crc8     0x0000000008008872       0x54 zephyr/subsys/crc/libsubsys__crc.a(crc8_sw.c.obj)
                0x0000000008008872                crc8
 .text.stm32_exti_gpio_intc_init
                0x00000000080088c6      0x126 zephyr/drivers/interrupt_controller/libdrivers__interrupt_controller.a(intc_gpio_stm32.c.obj)
 .text.stm32_gpio_intc_get_pin_irq_line
                0x00000000080089ec        0xa zephyr/drivers/interrupt_controller/libdrivers__interrupt_controller.a(intc_gpio_stm32.c.obj)
                0x00000000080089ec                stm32_gpio_intc_get_pin_irq_line
 .text.stm32_exti_set_line_src_port
                0x00000000080089f6       0x26 zephyr/drivers/interrupt_controller/libdrivers__interrupt_controller.a(intc_gpio_stm32.c.obj)
                0x00000000080089f6                stm32_exti_set_line_src_port
 .text.adc_stm32_isr_37_init
                0x0000000008008a1c       0x16 zephyr/drivers/adc/libdrivers__adc.a(adc_stm32.c.obj)
 .text.z_log_msg_simple_create_0.constprop.0
                0x0000000008008a32        0x8 zephyr/drivers/adc/libdrivers__adc.a(adc_stm32.c.obj)
 .text.adc_stm32_calibration_start.isra.0
                0x0000000008008a3a       0x26 zephyr/drivers/adc/libdrivers__adc.a(adc_stm32.c.obj)
 .text.adc_context_start_sampling
                0x0000000008008a60       0x1e zephyr/drivers/adc/libdrivers__adc.a(adc_stm32.c.obj)
 .text.adc_context_on_timer_expired
                0x0000000008008a7e       0x26 zephyr/drivers/adc/libdrivers__adc.a(adc_stm32.c.obj)
 .text.adc_stm32_enable.isra.0
                0x0000000008008aa4       0x32 zephyr/drivers/adc/libdrivers__adc.a(adc_stm32.c.obj)
 .text.adc_stm32_disable
                0x0000000008008ad6       0x56 zephyr/drivers/adc/libdrivers__adc.a(adc_stm32.c.obj)
 .text.k_sem_give
                0x0000000008008b2c        0x4 zephyr/drivers/adc/libdrivers__adc.a(adc_ad7124.c.obj)
 .text.z_log_msg_simple_create_0.constprop.0
                0x0000000008008b30        0x8 zephyr/drivers/adc/libdrivers__adc.a(adc_ad7124.c.obj)
 .text.spi_transceive_dt.constprop.0
                0x0000000008008b38       0x18 zephyr/drivers/adc/libdrivers__adc.a(adc_ad7124.c.obj)
 .text.adc_ad7124_read_reg
                0x0000000008008b50      0x116 zephyr/drivers/adc/libdrivers__adc.a(adc_ad7124.c.obj)
 .text.adc_ad7124_wait_for_spi_ready
                0x0000000008008c66       0x30 zephyr/drivers/adc/libdrivers__adc.a(adc_ad7124.c.obj)
 .text.adc_ad7124_reg_write_msk
                0x0000000008008c96       0xb8 zephyr/drivers/adc/libdrivers__adc.a(adc_ad7124.c.obj)
 .text.adc_context_on_timer_expired
                0x0000000008008d4e       0x30 zephyr/drivers/adc/libdrivers__adc.a(adc_ad7124.c.obj)
 .text.adc_ad7124_wait_to_power_up
                0x0000000008008d7e       0x30 zephyr/drivers/adc/libdrivers__adc.a(adc_ad7124.c.obj)
                0x0000000008008d7e                adc_ad7124_wait_to_power_up
 .text.stm32_clock_control_on
                0x0000000008008dae       0x44 zephyr/drivers/clock_control/libdrivers__clock_control.a(clock_stm32_ll_h5.c.obj)
 .text.stm32_clock_control_off
                0x0000000008008df2       0x2c zephyr/drivers/clock_control/libdrivers__clock_control.a(clock_stm32_ll_h5.c.obj)
 .text.enabled_clock
                0x0000000008008e1e       0x18 zephyr/drivers/clock_control/libdrivers__clock_control.a(clock_stm32_ll_h5.c.obj)
                0x0000000008008e1e                enabled_clock
 .text.stm32_clock_control_configure
                0x0000000008008e36       0x34 zephyr/drivers/clock_control/libdrivers__clock_control.a(clock_stm32_ll_h5.c.obj)
 .text.stm32_clock_control_get_status
                0x0000000008008e6a       0x38 zephyr/drivers/clock_control/libdrivers__clock_control.a(clock_stm32_ll_h5.c.obj)
 .text.gpio_stm32_port_get_raw
                0x0000000008008ea2        0xc zephyr/drivers/gpio/libdrivers__gpio.a(gpio_stm32.c.obj)
 .text.gpio_stm32_port_set_masked_raw
                0x0000000008008eae       0x12 zephyr/drivers/gpio/libdrivers__gpio.a(gpio_stm32.c.obj)
 .text.gpio_stm32_port_set_bits_raw
                0x0000000008008ec0        0xa zephyr/drivers/gpio/libdrivers__gpio.a(gpio_stm32.c.obj)
 .text.gpio_stm32_port_clear_bits_raw
                0x0000000008008eca        0xa zephyr/drivers/gpio/libdrivers__gpio.a(gpio_stm32.c.obj)
 .text.gpio_stm32_port_toggle_bits
                0x0000000008008ed4        0xe zephyr/drivers/gpio/libdrivers__gpio.a(gpio_stm32.c.obj)
 .text.gpio_stm32_manage_callback
                0x0000000008008ee2       0x52 zephyr/drivers/gpio/libdrivers__gpio.a(gpio_stm32.c.obj)
 .text.gpio_stm32_configure_raw.isra.0
                0x0000000008008f34      0x106 zephyr/drivers/gpio/libdrivers__gpio.a(gpio_stm32.c.obj)
 .text.gpio_stm32_config
                0x000000000800903a       0xd4 zephyr/drivers/gpio/libdrivers__gpio.a(gpio_stm32.c.obj)
 .text.gpio_stm32_isr
                0x000000000800910e       0x2c zephyr/drivers/gpio/libdrivers__gpio.a(gpio_stm32.c.obj)
 .text.gpio_stm32_configure
                0x000000000800913a       0x2a zephyr/drivers/gpio/libdrivers__gpio.a(gpio_stm32.c.obj)
                0x000000000800913a                gpio_stm32_configure
 .text.i2c_stm32_irq_config_func_0
                0x0000000008009164       0x26 zephyr/drivers/i2c/libdrivers__i2c.a(i2c_ll_stm32.c.obj)
 .text.i2c_stm32_transfer
                0x000000000800918a       0x8e zephyr/drivers/i2c/libdrivers__i2c.a(i2c_ll_stm32.c.obj)
 .text.i2c_stm32_get_config
                0x0000000008009218       0x14 zephyr/drivers/i2c/libdrivers__i2c.a(i2c_ll_stm32.c.obj)
                0x0000000008009218                i2c_stm32_get_config
 .text.i2c_stm32_event_isr
                0x000000000800922c        0x4 zephyr/drivers/i2c/libdrivers__i2c.a(i2c_ll_stm32_common.c.obj)
                0x000000000800922c                i2c_stm32_event_isr
 .text.i2c_stm32_error_isr
                0x0000000008009230        0x4 zephyr/drivers/i2c/libdrivers__i2c.a(i2c_ll_stm32_common.c.obj)
                0x0000000008009230                i2c_stm32_error_isr
 .text.i2c_stm32_disable_transfer_interrupts
                0x0000000008009234       0x3e zephyr/drivers/i2c/libdrivers__i2c.a(i2c_ll_stm32_v2.c.obj)
 .text.i2c_stm32_enable_transfer_interrupts.isra.0
                0x0000000008009272       0x24 zephyr/drivers/i2c/libdrivers__i2c.a(i2c_ll_stm32_v2.c.obj)
 .text.i2c_stm32_master_mode_end
                0x0000000008009296       0x32 zephyr/drivers/i2c/libdrivers__i2c.a(i2c_ll_stm32_v2.c.obj)
 .text.i2c_stm32_event
                0x00000000080092c8       0x8c zephyr/drivers/i2c/libdrivers__i2c.a(i2c_ll_stm32_v2.c.obj)
                0x00000000080092c8                i2c_stm32_event
 .text.i2c_stm32_error
                0x0000000008009354       0x3e zephyr/drivers/i2c/libdrivers__i2c.a(i2c_ll_stm32_v2.c.obj)
                0x0000000008009354                i2c_stm32_error
 .text.i2c_stm32_transaction
                0x0000000008009392      0x150 zephyr/drivers/i2c/libdrivers__i2c.a(i2c_ll_stm32_v2.c.obj)
                0x0000000008009392                i2c_stm32_transaction
 .text.pinctrl_lookup_state
                0x00000000080094e2       0x26 zephyr/drivers/pinctrl/libdrivers__pinctrl.a(common.c.obj)
                0x00000000080094e2                pinctrl_lookup_state
 .text.reset_stm32_status
                0x0000000008009508       0x20 zephyr/drivers/reset/libdrivers__reset.a(reset_stm32.c.obj)
 .text.reset_stm32_line_assert
                0x0000000008009528       0x1c zephyr/drivers/reset/libdrivers__reset.a(reset_stm32.c.obj)
 .text.reset_stm32_line_deassert
                0x0000000008009544       0x1e zephyr/drivers/reset/libdrivers__reset.a(reset_stm32.c.obj)
 .text.reset_stm32_line_toggle
                0x0000000008009562       0x16 zephyr/drivers/reset/libdrivers__reset.a(reset_stm32.c.obj)
 .text.uart_stm32_ll2cfg_databits
                0x0000000008009578       0x2a zephyr/drivers/serial/libdrivers__serial.a(uart_stm32.c.obj)
 .text.uart_stm32_err_check
                0x00000000080095a2       0x5a zephyr/drivers/serial/libdrivers__serial.a(uart_stm32.c.obj)
 .text.uart_stm32_poll_out
                0x00000000080095fc       0x36 zephyr/drivers/serial/libdrivers__serial.a(uart_stm32.c.obj)
 .text.uart_stm32_poll_in
                0x0000000008009632       0x20 zephyr/drivers/serial/libdrivers__serial.a(uart_stm32.c.obj)
 .text.uart_stm32_config_get
                0x0000000008009652       0x92 zephyr/drivers/serial/libdrivers__serial.a(uart_stm32.c.obj)
 .text.uart_stm32_parameters_set
                0x00000000080096e4      0x14a zephyr/drivers/serial/libdrivers__serial.a(uart_stm32.c.obj)
 .text.LL_SPI_SetTransferDirection
                0x000000000800982e       0x1e zephyr/drivers/spi/libdrivers__spi.a(spi_ll_stm32.c.obj)
 .text.spi_context_get_next_buf
                0x000000000800984c       0x2c zephyr/drivers/spi/libdrivers__spi.a(spi_ll_stm32.c.obj)
 .text.spi_context_buffers_setup
                0x0000000008009878       0x5e zephyr/drivers/spi/libdrivers__spi.a(spi_ll_stm32.c.obj)
 .text.ll_func_disable_spi
                0x00000000080098d6       0x1c zephyr/drivers/spi/libdrivers__spi.a(spi_ll_stm32.c.obj)
 .text.spi_stm32_send_next_frame
                0x00000000080098f2       0x92 zephyr/drivers/spi/libdrivers__spi.a(spi_ll_stm32.c.obj)
 .text.spi_stm32_read_next_frame
                0x0000000008009984       0x88 zephyr/drivers/spi/libdrivers__spi.a(spi_ll_stm32.c.obj)
 .text.ll_func_spi_is_busy
                0x0000000008009a0c       0x1c zephyr/drivers/spi/libdrivers__spi.a(spi_ll_stm32.c.obj)
 .text.spi_stm32_count_bufset_frames
                0x0000000008009a28       0x44 zephyr/drivers/spi/libdrivers__spi.a(spi_ll_stm32.c.obj)
 .text.spi_stm32_pinctrl_apply.isra.0
                0x0000000008009a6c       0x2a zephyr/drivers/spi/libdrivers__spi.a(spi_ll_stm32.c.obj)
 .text.gpio_pin_set_dt.isra.0
                0x0000000008009a96       0x28 zephyr/drivers/spi/libdrivers__spi.a(spi_ll_stm32.c.obj)
 .text.spi_context_unlock_unconditionally
                0x0000000008009abe       0x30 zephyr/drivers/spi/libdrivers__spi.a(spi_ll_stm32.c.obj)
 .text.spi_stm32_release
                0x0000000008009aee       0x14 zephyr/drivers/spi/libdrivers__spi.a(spi_ll_stm32.c.obj)
 .text.z_impl_k_busy_wait
                0x0000000008009b02       0x1c zephyr/kernel/libkernel.a(busy_wait.c.obj)
                0x0000000008009b02                z_impl_k_busy_wait
 .text.do_device_init
                0x0000000008009b1e       0x30 zephyr/kernel/libkernel.a(device.c.obj)
                0x0000000008009b1e                do_device_init
 .text.z_impl_device_is_ready
                0x0000000008009b4e       0x16 zephyr/kernel/libkernel.a(device.c.obj)
                0x0000000008009b4e                z_impl_device_is_ready
 .text.arch_system_halt
                0x0000000008009b64       0x10 zephyr/kernel/libkernel.a(fatal.c.obj)
                0x0000000008009b64                arch_system_halt
 .text.idle     0x0000000008009b74       0x16 zephyr/kernel/libkernel.a(idle.c.obj)
                0x0000000008009b74                idle
 .text.z_impl_k_sem_init
                0x0000000008009b8a       0x18 zephyr/kernel/libkernel.a(sem.c.obj)
                0x0000000008009b8a                z_impl_k_sem_init
 .text.k_is_in_isr
                0x0000000008009ba2        0xc zephyr/kernel/libkernel.a(thread.c.obj)
                0x0000000008009ba2                k_is_in_isr
 .text.z_impl_k_thread_name_set
                0x0000000008009bae        0x6 zephyr/kernel/libkernel.a(thread.c.obj)
                0x0000000008009bae                z_impl_k_thread_name_set
 .text.k_thread_name_get
                0x0000000008009bb4        0x4 zephyr/kernel/libkernel.a(thread.c.obj)
                0x0000000008009bb4                k_thread_name_get
 .text.sys_dlist_remove
                0x0000000008009bb8       0x10 zephyr/kernel/libkernel.a(sched.c.obj)
 .text.unpend_thread_no_timeout
                0x0000000008009bc8       0x14 zephyr/kernel/libkernel.a(sched.c.obj)
 .text.add_to_waitq_locked
                0x0000000008009bdc       0x50 zephyr/kernel/libkernel.a(sched.c.obj)
 .text.z_ready_thread
                0x0000000008009c2c       0x1e zephyr/kernel/libkernel.a(sched.c.obj)
                0x0000000008009c2c                z_ready_thread
 .text.z_unpend_thread_no_timeout
                0x0000000008009c4a       0x22 zephyr/kernel/libkernel.a(sched.c.obj)
                0x0000000008009c4a                z_unpend_thread_no_timeout
 .text.z_sched_wake_thread
                0x0000000008009c6c       0x3a zephyr/kernel/libkernel.a(sched.c.obj)
                0x0000000008009c6c                z_sched_wake_thread
 .text.z_thread_timeout
                0x0000000008009ca6        0x8 zephyr/kernel/libkernel.a(sched.c.obj)
                0x0000000008009ca6                z_thread_timeout
 .text.z_unpend1_no_timeout
                0x0000000008009cae       0x2c zephyr/kernel/libkernel.a(sched.c.obj)
                0x0000000008009cae                z_unpend1_no_timeout
 .text.z_impl_k_sleep
                0x0000000008009cda       0x50 zephyr/kernel/libkernel.a(sched.c.obj)
                0x0000000008009cda                z_impl_k_sleep
 .text.next_timeout
                0x0000000008009d2a       0x2e zephyr/kernel/libkernel.a(timeout.c.obj)
 .text.z_abort_timeout
                0x0000000008009d58       0x50 zephyr/kernel/libkernel.a(timeout.c.obj)
                0x0000000008009d58                z_abort_timeout
 .text.sys_clock_tick_get_32
                0x0000000008009da8        0x8 zephyr/kernel/libkernel.a(timeout.c.obj)
                0x0000000008009da8                sys_clock_tick_get_32
 .text.z_impl_k_uptime_ticks
                0x0000000008009db0        0x4 zephyr/kernel/libkernel.a(timeout.c.obj)
                0x0000000008009db0                z_impl_k_uptime_ticks
 .text.k_timer_init
                0x0000000008009db4       0x18 zephyr/kernel/libkernel.a(timer.c.obj)
                0x0000000008009db4                k_timer_init
 .text.z_impl_k_timer_stop
                0x0000000008009dcc       0x38 zephyr/kernel/libkernel.a(timer.c.obj)
                0x0000000008009dcc                z_impl_k_timer_stop
 .text.memcpy   0x0000000008009e04       0x1a /Users/austinbowman/zephyr-sdk-0.17.2/arm-zephyr-eabi/bin/../lib/gcc/../../picolibc/arm-zephyr-eabi/lib/thumb/v8-m.main/nofp/libc.a(memcpy.c.o)
                0x0000000008009e04                memcpy
                0x0000000008009e04                __aeabi_memcpy
                0x0000000008009e04                __aeabi_memcpy4
                0x0000000008009e04                __aeabi_memcpy8
 .text.memset   0x0000000008009e1e       0x10 /Users/austinbowman/zephyr-sdk-0.17.2/arm-zephyr-eabi/bin/../lib/gcc/../../picolibc/arm-zephyr-eabi/lib/thumb/v8-m.main/nofp/libc.a(memset.c.o)
                0x0000000008009e1e                memset
 .text.memcmp   0x0000000008009e2e       0x20 /Users/austinbowman/zephyr-sdk-0.17.2/arm-zephyr-eabi/bin/../lib/gcc/../../picolibc/arm-zephyr-eabi/lib/thumb/v8-m.main/nofp/libc.a(libc_string_memcmp.c.o)
                0x0000000008009e2e                memcmp
 .text.strnlen  0x0000000008009e4e       0x18 /Users/austinbowman/zephyr-sdk-0.17.2/arm-zephyr-eabi/bin/../lib/gcc/../../picolibc/arm-zephyr-eabi/lib/thumb/v8-m.main/nofp/libc.a(libc_string_strnlen.c.o)
                0x0000000008009e4e                strnlen
 .text.__ultoa_invert
                0x0000000008009e66       0x4e /Users/austinbowman/zephyr-sdk-0.17.2/arm-zephyr-eabi/bin/../lib/gcc/../../picolibc/arm-zephyr-eabi/lib/thumb/v8-m.main/nofp/libc.a(libc_tinystdio_vfprintf.c.o)
 .text.mulShiftAll64
                0x0000000008009eb4      0x174 /Users/austinbowman/zephyr-sdk-0.17.2/arm-zephyr-eabi/bin/../lib/gcc/../../picolibc/arm-zephyr-eabi/lib/thumb/v8-m.main/nofp/libc.a(libc_tinystdio_dtoa_ryu.c.o)
 .text.__umul128
                0x000000000800a028       0x36 /Users/austinbowman/zephyr-sdk-0.17.2/arm-zephyr-eabi/bin/../lib/gcc/../../picolibc/arm-zephyr-eabi/lib/thumb/v8-m.main/nofp/libc.a(libc_tinystdio_ryu_umul128.c.o)
                0x000000000800a028                __umul128
 .text.__shiftright128
                0x000000000800a05e       0x3e /Users/austinbowman/zephyr-sdk-0.17.2/arm-zephyr-eabi/bin/../lib/gcc/../../picolibc/arm-zephyr-eabi/lib/thumb/v8-m.main/nofp/libc.a(libc_tinystdio_ryu_umul128.c.o)
                0x000000000800a05e                __shiftright128
 .text.__dtox_engine
                0x000000000800a09c      0x12c /Users/austinbowman/zephyr-sdk-0.17.2/arm-zephyr-eabi/bin/../lib/gcc/../../picolibc/arm-zephyr-eabi/lib/thumb/v8-m.main/nofp/libc.a(libc_tinystdio_dtox_engine.c.o)
                0x000000000800a09c                __dtox_engine
 .text.__file_str_put
                0x000000000800a1c8       0x10 /Users/austinbowman/zephyr-sdk-0.17.2/arm-zephyr-eabi/bin/../lib/gcc/../../picolibc/arm-zephyr-eabi/lib/thumb/v8-m.main/nofp/libc.a(libc_tinystdio_filestrput.c.o)
                0x000000000800a1c8                __file_str_put
 *(SORT_BY_ALIGNMENT(.TEXT.*))
 .TEXT.__aeabi_read_tp
                0x000000000800a1d8        0xc zephyr/arch/arch/arm/core/cortex_m/libarch__arm__core__cortex_m.a(__aeabi_read_tp.S.obj)
                0x000000000800a1d8                __aeabi_read_tp
 *(SORT_BY_ALIGNMENT(.gnu.linkonce.t.*))
 *(SORT_BY_ALIGNMENT(.glue_7t))
 .glue_7t       0x000000000800a1e4        0x0 linker stubs
 *(SORT_BY_ALIGNMENT(.glue_7))
 .glue_7        0x000000000800a1e4        0x0 linker stubs
 *(SORT_BY_ALIGNMENT(.vfp11_veneer))
 .vfp11_veneer  0x000000000800a1e4        0x0 linker stubs
 *(SORT_BY_ALIGNMENT(.v4_bx))
 .v4_bx         0x000000000800a1e4        0x0 linker stubs
                0x000000000800a1e4                . = ALIGN (0x4)
                0x000000000800a1e4                __text_region_end = .

.ARM.extab
 *(SORT_BY_ALIGNMENT(.ARM.extab*) SORT_BY_ALIGNMENT(.gnu.linkonce.armextab.*))

.ARM.exidx      0x000000000800a1e4        0x8
                0x000000000800a1e4                __exidx_start = .
 *(SORT_BY_ALIGNMENT(.ARM.exidx*) SORT_BY_ALIGNMENT(gnu.linkonce.armexidx.*))
 .ARM.exidx     0x000000000800a1e4        0x8 /Users/austinbowman/zephyr-sdk-0.17.2/arm-zephyr-eabi/bin/../lib/gcc/../../picolibc/arm-zephyr-eabi/lib/thumb/v8-m.main/nofp/libc.a(strlen.S.o)
 .ARM.exidx     0x000000000800a1ec        0x0 /Users/austinbowman/zephyr-sdk-0.17.2/arm-zephyr-eabi/bin/../lib/gcc/arm-zephyr-eabi/12.2.0/thumb/v8-m.main/nofp/libgcc.a(_udivmoddi4.o)
                                          0x8 (size before relaxing)
                0x000000000800a1ec                __exidx_end = .
                0x000000000800a1ec                __rodata_region_start = .

initlevel       0x000000000800a1ec       0xc0
                0x000000000800a1ec                __init_start = .
                0x000000000800a1ec                __init_EARLY_start = .
 *(SORT_BY_NAME(SORT_BY_ALIGNMENT(.z_init_EARLY_P_?_*)))
 *(SORT_BY_NAME(SORT_BY_ALIGNMENT(.z_init_EARLY_P_??_*)))
 *(SORT_BY_NAME(SORT_BY_ALIGNMENT(.z_init_EARLY_P_???_*)))
                0x000000000800a1ec                __init_PRE_KERNEL_1_start = .
 *(SORT_BY_NAME(SORT_BY_ALIGNMENT(.z_init_PRE_KERNEL_1_P_?_*)))
 .z_init_PRE_KERNEL_1_P_1_SUB_00009_
                0x000000000800a1ec        0x8 zephyr/drivers/clock_control/libdrivers__clock_control.a(clock_stm32_ll_h5.c.obj)
 .z_init_PRE_KERNEL_1_P_1_SUB_0_
                0x000000000800a1f4        0x8 zephyr/libzephyr.a(soc_config.c.obj)
 *(SORT_BY_NAME(SORT_BY_ALIGNMENT(.z_init_PRE_KERNEL_1_P_??_*)))
 .z_init_PRE_KERNEL_1_P_35_SUB_00053_
                0x000000000800a1fc        0x8 zephyr/drivers/reset/libdrivers__reset.a(reset_stm32.c.obj)
 .z_init_PRE_KERNEL_1_P_40_SUB_00040_
                0x000000000800a204        0x8 zephyr/drivers/gpio/libdrivers__gpio.a(gpio_stm32.c.obj)
 .z_init_PRE_KERNEL_1_P_40_SUB_00043_
                0x000000000800a20c        0x8 zephyr/drivers/gpio/libdrivers__gpio.a(gpio_stm32.c.obj)
 .z_init_PRE_KERNEL_1_P_40_SUB_00044_
                0x000000000800a214        0x8 zephyr/drivers/gpio/libdrivers__gpio.a(gpio_stm32.c.obj)
 .z_init_PRE_KERNEL_1_P_40_SUB_00045_
                0x000000000800a21c        0x8 zephyr/drivers/gpio/libdrivers__gpio.a(gpio_stm32.c.obj)
 .z_init_PRE_KERNEL_1_P_40_SUB_00077_
                0x000000000800a224        0x8 zephyr/drivers/interrupt_controller/libdrivers__interrupt_controller.a(intc_exti_stm32.c.obj)
 .z_init_PRE_KERNEL_1_P_40_SUB_00146_
                0x000000000800a22c        0x8 zephyr/drivers/gpio/libdrivers__gpio.a(gpio_stm32.c.obj)
 .z_init_PRE_KERNEL_1_P_40_SUB_00147_
                0x000000000800a234        0x8 zephyr/drivers/gpio/libdrivers__gpio.a(gpio_stm32.c.obj)
 .z_init_PRE_KERNEL_1_P_40_SUB_00148_
                0x000000000800a23c        0x8 zephyr/drivers/gpio/libdrivers__gpio.a(gpio_stm32.c.obj)
 .z_init_PRE_KERNEL_1_P_40_SUB_00149_
                0x000000000800a244        0x8 zephyr/drivers/gpio/libdrivers__gpio.a(gpio_stm32.c.obj)
 .z_init_PRE_KERNEL_1_P_40_SUB_00150_
                0x000000000800a24c        0x8 zephyr/drivers/gpio/libdrivers__gpio.a(gpio_stm32.c.obj)
 .z_init_PRE_KERNEL_1_P_40_SUB_0_
                0x000000000800a254        0x8 zephyr/drivers/interrupt_controller/libdrivers__interrupt_controller.a(intc_gpio_stm32.c.obj)
 .z_init_PRE_KERNEL_1_P_50_SUB_00092_
                0x000000000800a25c        0x8 zephyr/drivers/serial/libdrivers__serial.a(uart_stm32.c.obj)
 .z_init_PRE_KERNEL_1_P_50_SUB_00105_
                0x000000000800a264        0x8 zephyr/drivers/serial/libdrivers__serial.a(uart_stm32.c.obj)
 .z_init_PRE_KERNEL_1_P_60_SUB_0_
                0x000000000800a26c        0x8 zephyr/drivers/console/libdrivers__console.a(uart_console.c.obj)
 *(SORT_BY_NAME(SORT_BY_ALIGNMENT(.z_init_PRE_KERNEL_1_P_???_*)))
                0x000000000800a274                __init_PRE_KERNEL_2_start = .
 *(SORT_BY_NAME(SORT_BY_ALIGNMENT(.z_init_PRE_KERNEL_2_P_?_*)))
 .z_init_PRE_KERNEL_2_P_0_SUB_0_
                0x000000000800a274        0x8 zephyr/drivers/timer/libdrivers__timer.a(cortex_m_systick.c.obj)
 *(SORT_BY_NAME(SORT_BY_ALIGNMENT(.z_init_PRE_KERNEL_2_P_??_*)))
 *(SORT_BY_NAME(SORT_BY_ALIGNMENT(.z_init_PRE_KERNEL_2_P_???_*)))
                0x000000000800a27c                __init_POST_KERNEL_start = .
 *(SORT_BY_NAME(SORT_BY_ALIGNMENT(.z_init_POST_KERNEL_P_?_*)))
 .z_init_POST_KERNEL_P_0_SUB_0_
                0x000000000800a27c        0x8 zephyr/libzephyr.a(log_core.c.obj)
 *(SORT_BY_NAME(SORT_BY_ALIGNMENT(.z_init_POST_KERNEL_P_??_*)))
 .z_init_POST_KERNEL_P_35_SUB_0_
                0x000000000800a284        0x8 zephyr/lib/libc/common/liblib__libc__common.a(malloc.c.obj)
 .z_init_POST_KERNEL_P_50_SUB_00013_
                0x000000000800a28c        0x8 zephyr/drivers/adc/libdrivers__adc.a(adc_stm32.c.obj)
 .z_init_POST_KERNEL_P_50_SUB_00017_
                0x000000000800a294        0x8 zephyr/drivers/i2c/libdrivers__i2c.a(i2c_ll_stm32.c.obj)
 .z_init_POST_KERNEL_P_50_SUB_00154_
                0x000000000800a29c        0x8 zephyr/drivers/spi/libdrivers__spi.a(spi_ll_stm32.c.obj)
 .z_init_POST_KERNEL_P_50_SUB_00155_
                0x000000000800a2a4        0x8 zephyr/drivers/adc/libdrivers__adc.a(adc_ad7124.c.obj)
 *(SORT_BY_NAME(SORT_BY_ALIGNMENT(.z_init_POST_KERNEL_P_???_*)))
                0x000000000800a2ac                __init_APPLICATION_start = .
 *(SORT_BY_NAME(SORT_BY_ALIGNMENT(.z_init_APPLICATION_P_?_*)))
 *(SORT_BY_NAME(SORT_BY_ALIGNMENT(.z_init_APPLICATION_P_??_*)))
 *(SORT_BY_NAME(SORT_BY_ALIGNMENT(.z_init_APPLICATION_P_???_*)))
                0x000000000800a2ac                __init_SMP_start = .
 *(SORT_BY_NAME(SORT_BY_ALIGNMENT(.z_init_SMP_P_?_*)))
 *(SORT_BY_NAME(SORT_BY_ALIGNMENT(.z_init_SMP_P_??_*)))
 *(SORT_BY_NAME(SORT_BY_ALIGNMENT(.z_init_SMP_P_???_*)))
                0x000000000800a2ac                __init_end = .

device_area     0x000000000800a2ac      0x240
                0x000000000800a2ac                _device_list_start = .
 *(SORT_BY_NAME(SORT_BY_ALIGNMENT(._device.static.*_?_*)))
 ._device.static.1_1_
                0x000000000800a2ac       0x20 zephyr/drivers/clock_control/libdrivers__clock_control.a(clock_stm32_ll_h5.c.obj)
                0x000000000800a2ac                __device_dts_ord_9
 *(SORT_BY_NAME(SORT_BY_ALIGNMENT(._device.static.*_??_*)))
 ._device.static.1_35_
                0x000000000800a2cc       0x20 zephyr/drivers/reset/libdrivers__reset.a(reset_stm32.c.obj)
                0x000000000800a2cc                __device_dts_ord_53
 ._device.static.1_40_
                0x000000000800a2ec       0x20 zephyr/drivers/interrupt_controller/libdrivers__interrupt_controller.a(intc_exti_stm32.c.obj)
                0x000000000800a2ec                __device_dts_ord_77
 ._device.static.1_40_
                0x000000000800a30c      0x120 zephyr/drivers/gpio/libdrivers__gpio.a(gpio_stm32.c.obj)
                0x000000000800a30c                __device_dts_ord_149
                0x000000000800a32c                __device_dts_ord_148
                0x000000000800a34c                __device_dts_ord_45
                0x000000000800a36c                __device_dts_ord_44
                0x000000000800a38c                __device_dts_ord_147
                0x000000000800a3ac                __device_dts_ord_150
                0x000000000800a3cc                __device_dts_ord_40
                0x000000000800a3ec                __device_dts_ord_43
                0x000000000800a40c                __device_dts_ord_146
 ._device.static.1_50_
                0x000000000800a42c       0x40 zephyr/drivers/serial/libdrivers__serial.a(uart_stm32.c.obj)
                0x000000000800a42c                __device_dts_ord_105
                0x000000000800a44c                __device_dts_ord_92
 ._device.static.3_50_
                0x000000000800a46c       0x20 zephyr/drivers/adc/libdrivers__adc.a(adc_stm32.c.obj)
                0x000000000800a46c                __device_dts_ord_13
 ._device.static.3_50_
                0x000000000800a48c       0x20 zephyr/drivers/adc/libdrivers__adc.a(adc_ad7124.c.obj)
                0x000000000800a48c                __device_dts_ord_155
 ._device.static.3_50_
                0x000000000800a4ac       0x20 zephyr/drivers/i2c/libdrivers__i2c.a(i2c_ll_stm32.c.obj)
                0x000000000800a4ac                __device_dts_ord_17
 ._device.static.3_50_
                0x000000000800a4cc       0x20 zephyr/drivers/spi/libdrivers__spi.a(spi_ll_stm32.c.obj)
                0x000000000800a4cc                __device_dts_ord_154
 *(SORT_BY_NAME(SORT_BY_ALIGNMENT(._device.static.*_???_*)))
 *(SORT_BY_NAME(SORT_BY_ALIGNMENT(._device.static.*_????_*)))
 *(SORT_BY_NAME(SORT_BY_ALIGNMENT(._device.static.*_?????_*)))
                0x000000000800a4ec                _device_list_end = .

sw_isr_table    0x000000000800a4ec      0x418
                0x000000000800a4ec                . = ALIGN (0x4)
 *(SORT_BY_ALIGNMENT(.gnu.linkonce.sw_isr_table*))
 .gnu.linkonce.sw_isr_table
                0x000000000800a4ec      0x418 zephyr/arch/common/libisr_tables.a(isr_tables.c.obj)
                0x000000000800a4ec                _sw_isr_table

initlevel_error
                0x000000000800a1ec        0x0
 *(SORT_BY_NAME(SORT_BY_ALIGNMENT(.z_init_*)))
                0x0000000000000001                ASSERT ((SIZEOF (initlevel_error) == 0x0), Undefined initialization levels used.)

app_shmem_regions
                0x000000000800a904        0x0
                0x000000000800a904                __app_shmem_regions_start = .
 *(SORT_BY_NAME(SORT_BY_ALIGNMENT(.app_regions.*)))
                0x000000000800a904                __app_shmem_regions_end = .

k_p4wq_initparam_area
                0x000000000800a904        0x0
                0x000000000800a904                _k_p4wq_initparam_list_start = .
 *(SORT_BY_NAME(SORT_BY_ALIGNMENT(._k_p4wq_initparam.static.*)))
                0x000000000800a904                _k_p4wq_initparam_list_end = .

_static_thread_data_area
                0x000000000800a904        0x0
                0x000000000800a904                __static_thread_data_list_start = .
 *(SORT_BY_NAME(SORT_BY_ALIGNMENT(.__static_thread_data.static.*)))
                0x000000000800a904                __static_thread_data_list_end = .

device_deps     0x000000000800a904        0x0
                0x000000000800a904                __device_deps_start = .
 *(SORT_BY_NAME(SORT_BY_ALIGNMENT(.__device_deps_pass2*)))
                0x000000000800a904                __device_deps_end = .

adc_driver_api_area
                0x000000000800a904       0x18
                0x000000000800a904                _adc_driver_api_list_start = .
 *(SORT_BY_NAME(SORT_BY_ALIGNMENT(._adc_driver_api.static.*)))
 ._adc_driver_api.static.adc_ad7124_api_
                0x000000000800a904        0xc zephyr/drivers/adc/libdrivers__adc.a(adc_ad7124.c.obj)
 ._adc_driver_api.static.api_stm32_driver_api_
                0x000000000800a910        0xc zephyr/drivers/adc/libdrivers__adc.a(adc_stm32.c.obj)
                0x000000000800a91c                _adc_driver_api_list_end = .

gpio_driver_api_area
                0x000000000800a91c       0x24
                0x000000000800a91c                _gpio_driver_api_list_start = .
 *(SORT_BY_NAME(SORT_BY_ALIGNMENT(._gpio_driver_api.static.*)))
 ._gpio_driver_api.static.gpio_stm32_driver_
                0x000000000800a91c       0x24 zephyr/drivers/gpio/libdrivers__gpio.a(gpio_stm32.c.obj)
                0x000000000800a940                _gpio_driver_api_list_end = .

i2c_driver_api_area
                0x000000000800a940       0x18
                0x000000000800a940                _i2c_driver_api_list_start = .
 *(SORT_BY_NAME(SORT_BY_ALIGNMENT(._i2c_driver_api.static.*)))
 ._i2c_driver_api.static.api_funcs_
                0x000000000800a940       0x18 zephyr/drivers/i2c/libdrivers__i2c.a(i2c_ll_stm32.c.obj)
                0x000000000800a958                _i2c_driver_api_list_end = .

i2c_target_driver_api_area
                0x000000000800a958        0x0
                0x000000000800a958                _i2c_target_driver_api_list_start = .
 *(SORT_BY_NAME(SORT_BY_ALIGNMENT(._i2c_target_driver_api.static.*)))
                0x000000000800a958                _i2c_target_driver_api_list_end = .

reset_driver_api_area
                0x000000000800a958       0x10
                0x000000000800a958                _reset_driver_api_list_start = .
 *(SORT_BY_NAME(SORT_BY_ALIGNMENT(._reset_driver_api.static.*)))
 ._reset_driver_api.static.reset_stm32_driver_api_
                0x000000000800a958       0x10 zephyr/drivers/reset/libdrivers__reset.a(reset_stm32.c.obj)
                0x000000000800a968                _reset_driver_api_list_end = .

spi_driver_api_area
                0x000000000800a968        0x8
                0x000000000800a968                _spi_driver_api_list_start = .
 *(SORT_BY_NAME(SORT_BY_ALIGNMENT(._spi_driver_api.static.*)))
 ._spi_driver_api.static.api_funcs_
                0x000000000800a968        0x8 zephyr/drivers/spi/libdrivers__spi.a(spi_ll_stm32.c.obj)
                0x000000000800a970                _spi_driver_api_list_end = .

shared_irq_driver_api_area
                0x000000000800a970        0x0
                0x000000000800a970                _shared_irq_driver_api_list_start = .
 *(SORT_BY_NAME(SORT_BY_ALIGNMENT(._shared_irq_driver_api.static.*)))
                0x000000000800a970                _shared_irq_driver_api_list_end = .

crypto_driver_api_area
                0x000000000800a970        0x0
                0x000000000800a970                _crypto_driver_api_list_start = .
 *(SORT_BY_NAME(SORT_BY_ALIGNMENT(._crypto_driver_api.static.*)))
                0x000000000800a970                _crypto_driver_api_list_end = .

auxdisplay_driver_api_area
                0x000000000800a970        0x0
                0x000000000800a970                _auxdisplay_driver_api_list_start = .
 *(SORT_BY_NAME(SORT_BY_ALIGNMENT(._auxdisplay_driver_api.static.*)))
                0x000000000800a970                _auxdisplay_driver_api_list_end = .

bbram_driver_api_area
                0x000000000800a970        0x0
                0x000000000800a970                _bbram_driver_api_list_start = .
 *(SORT_BY_NAME(SORT_BY_ALIGNMENT(._bbram_driver_api.static.*)))
                0x000000000800a970                _bbram_driver_api_list_end = .

bt_hci_driver_api_area
                0x000000000800a970        0x0
                0x000000000800a970                _bt_hci_driver_api_list_start = .
 *(SORT_BY_NAME(SORT_BY_ALIGNMENT(._bt_hci_driver_api.static.*)))
                0x000000000800a970                _bt_hci_driver_api_list_end = .

can_driver_api_area
                0x000000000800a970        0x0
                0x000000000800a970                _can_driver_api_list_start = .
 *(SORT_BY_NAME(SORT_BY_ALIGNMENT(._can_driver_api.static.*)))
                0x000000000800a970                _can_driver_api_list_end = .

cellular_driver_api_area
                0x000000000800a970        0x0
                0x000000000800a970                _cellular_driver_api_list_start = .
 *(SORT_BY_NAME(SORT_BY_ALIGNMENT(._cellular_driver_api.static.*)))
                0x000000000800a970                _cellular_driver_api_list_end = .

charger_driver_api_area
                0x000000000800a970        0x0
                0x000000000800a970                _charger_driver_api_list_start = .
 *(SORT_BY_NAME(SORT_BY_ALIGNMENT(._charger_driver_api.static.*)))
                0x000000000800a970                _charger_driver_api_list_end = .

clock_control_driver_api_area
                0x000000000800a970       0x1c
                0x000000000800a970                _clock_control_driver_api_list_start = .
 *(SORT_BY_NAME(SORT_BY_ALIGNMENT(._clock_control_driver_api.static.*)))
 ._clock_control_driver_api.static.stm32_clock_control_api_
                0x000000000800a970       0x1c zephyr/drivers/clock_control/libdrivers__clock_control.a(clock_stm32_ll_h5.c.obj)
                0x000000000800a98c                _clock_control_driver_api_list_end = .

comparator_driver_api_area
                0x000000000800a98c        0x0
                0x000000000800a98c                _comparator_driver_api_list_start = .
 *(SORT_BY_NAME(SORT_BY_ALIGNMENT(._comparator_driver_api.static.*)))
                0x000000000800a98c                _comparator_driver_api_list_end = .

coredump_driver_api_area
                0x000000000800a98c        0x0
                0x000000000800a98c                _coredump_driver_api_list_start = .
 *(SORT_BY_NAME(SORT_BY_ALIGNMENT(._coredump_driver_api.static.*)))
                0x000000000800a98c                _coredump_driver_api_list_end = .

counter_driver_api_area
                0x000000000800a98c        0x0
                0x000000000800a98c                _counter_driver_api_list_start = .
 *(SORT_BY_NAME(SORT_BY_ALIGNMENT(._counter_driver_api.static.*)))
                0x000000000800a98c                _counter_driver_api_list_end = .

crc_driver_api_area
                0x000000000800a98c        0x0
                0x000000000800a98c                _crc_driver_api_list_start = .
 *(SORT_BY_NAME(SORT_BY_ALIGNMENT(._crc_driver_api.static.*)))
                0x000000000800a98c                _crc_driver_api_list_end = .

dac_driver_api_area
                0x000000000800a98c        0x0
                0x000000000800a98c                _dac_driver_api_list_start = .
 *(SORT_BY_NAME(SORT_BY_ALIGNMENT(._dac_driver_api.static.*)))
                0x000000000800a98c                _dac_driver_api_list_end = .

dai_driver_api_area
                0x000000000800a98c        0x0
                0x000000000800a98c                _dai_driver_api_list_start = .
 *(SORT_BY_NAME(SORT_BY_ALIGNMENT(._dai_driver_api.static.*)))
                0x000000000800a98c                _dai_driver_api_list_end = .

display_driver_api_area
                0x000000000800a98c        0x0
                0x000000000800a98c                _display_driver_api_list_start = .
 *(SORT_BY_NAME(SORT_BY_ALIGNMENT(._display_driver_api.static.*)))
                0x000000000800a98c                _display_driver_api_list_end = .

dma_driver_api_area
                0x000000000800a98c        0x0
                0x000000000800a98c                _dma_driver_api_list_start = .
 *(SORT_BY_NAME(SORT_BY_ALIGNMENT(._dma_driver_api.static.*)))
                0x000000000800a98c                _dma_driver_api_list_end = .

edac_driver_api_area
                0x000000000800a98c        0x0
                0x000000000800a98c                _edac_driver_api_list_start = .
 *(SORT_BY_NAME(SORT_BY_ALIGNMENT(._edac_driver_api.static.*)))
                0x000000000800a98c                _edac_driver_api_list_end = .

eeprom_driver_api_area
                0x000000000800a98c        0x0
                0x000000000800a98c                _eeprom_driver_api_list_start = .
 *(SORT_BY_NAME(SORT_BY_ALIGNMENT(._eeprom_driver_api.static.*)))
                0x000000000800a98c                _eeprom_driver_api_list_end = .

emul_bbram_driver_api_area
                0x000000000800a98c        0x0
                0x000000000800a98c                _emul_bbram_driver_api_list_start = .
 *(SORT_BY_NAME(SORT_BY_ALIGNMENT(._emul_bbram_driver_api.static.*)))
                0x000000000800a98c                _emul_bbram_driver_api_list_end = .

fuel_gauge_emul_driver_api_area
                0x000000000800a98c        0x0
                0x000000000800a98c                _fuel_gauge_emul_driver_api_list_start = .
 *(SORT_BY_NAME(SORT_BY_ALIGNMENT(._fuel_gauge_emul_driver_api.static.*)))
                0x000000000800a98c                _fuel_gauge_emul_driver_api_list_end = .

emul_sensor_driver_api_area
                0x000000000800a98c        0x0
                0x000000000800a98c                _emul_sensor_driver_api_list_start = .
 *(SORT_BY_NAME(SORT_BY_ALIGNMENT(._emul_sensor_driver_api.static.*)))
                0x000000000800a98c                _emul_sensor_driver_api_list_end = .

entropy_driver_api_area
                0x000000000800a98c        0x0
                0x000000000800a98c                _entropy_driver_api_list_start = .
 *(SORT_BY_NAME(SORT_BY_ALIGNMENT(._entropy_driver_api.static.*)))
                0x000000000800a98c                _entropy_driver_api_list_end = .

espi_driver_api_area
                0x000000000800a98c        0x0
                0x000000000800a98c                _espi_driver_api_list_start = .
 *(SORT_BY_NAME(SORT_BY_ALIGNMENT(._espi_driver_api.static.*)))
                0x000000000800a98c                _espi_driver_api_list_end = .

espi_saf_driver_api_area
                0x000000000800a98c        0x0
                0x000000000800a98c                _espi_saf_driver_api_list_start = .
 *(SORT_BY_NAME(SORT_BY_ALIGNMENT(._espi_saf_driver_api.static.*)))
                0x000000000800a98c                _espi_saf_driver_api_list_end = .

flash_driver_api_area
                0x000000000800a98c        0x0
                0x000000000800a98c                _flash_driver_api_list_start = .
 *(SORT_BY_NAME(SORT_BY_ALIGNMENT(._flash_driver_api.static.*)))
                0x000000000800a98c                _flash_driver_api_list_end = .

fpga_driver_api_area
                0x000000000800a98c        0x0
                0x000000000800a98c                _fpga_driver_api_list_start = .
 *(SORT_BY_NAME(SORT_BY_ALIGNMENT(._fpga_driver_api.static.*)))
                0x000000000800a98c                _fpga_driver_api_list_end = .

fuel_gauge_driver_api_area
                0x000000000800a98c        0x0
                0x000000000800a98c                _fuel_gauge_driver_api_list_start = .
 *(SORT_BY_NAME(SORT_BY_ALIGNMENT(._fuel_gauge_driver_api.static.*)))
                0x000000000800a98c                _fuel_gauge_driver_api_list_end = .

gnss_driver_api_area
                0x000000000800a98c        0x0
                0x000000000800a98c                _gnss_driver_api_list_start = .
 *(SORT_BY_NAME(SORT_BY_ALIGNMENT(._gnss_driver_api.static.*)))
                0x000000000800a98c                _gnss_driver_api_list_end = .

haptics_driver_api_area
                0x000000000800a98c        0x0
                0x000000000800a98c                _haptics_driver_api_list_start = .
 *(SORT_BY_NAME(SORT_BY_ALIGNMENT(._haptics_driver_api.static.*)))
                0x000000000800a98c                _haptics_driver_api_list_end = .

hwspinlock_driver_api_area
                0x000000000800a98c        0x0
                0x000000000800a98c                _hwspinlock_driver_api_list_start = .
 *(SORT_BY_NAME(SORT_BY_ALIGNMENT(._hwspinlock_driver_api.static.*)))
                0x000000000800a98c                _hwspinlock_driver_api_list_end = .

i2s_driver_api_area
                0x000000000800a98c        0x0
                0x000000000800a98c                _i2s_driver_api_list_start = .
 *(SORT_BY_NAME(SORT_BY_ALIGNMENT(._i2s_driver_api.static.*)))
                0x000000000800a98c                _i2s_driver_api_list_end = .

i3c_driver_api_area
                0x000000000800a98c        0x0
                0x000000000800a98c                _i3c_driver_api_list_start = .
 *(SORT_BY_NAME(SORT_BY_ALIGNMENT(._i3c_driver_api.static.*)))
                0x000000000800a98c                _i3c_driver_api_list_end = .

ipm_driver_api_area
                0x000000000800a98c        0x0
                0x000000000800a98c                _ipm_driver_api_list_start = .
 *(SORT_BY_NAME(SORT_BY_ALIGNMENT(._ipm_driver_api.static.*)))
                0x000000000800a98c                _ipm_driver_api_list_end = .

led_driver_api_area
                0x000000000800a98c        0x0
                0x000000000800a98c                _led_driver_api_list_start = .
 *(SORT_BY_NAME(SORT_BY_ALIGNMENT(._led_driver_api.static.*)))
                0x000000000800a98c                _led_driver_api_list_end = .

led_strip_driver_api_area
                0x000000000800a98c        0x0
                0x000000000800a98c                _led_strip_driver_api_list_start = .
 *(SORT_BY_NAME(SORT_BY_ALIGNMENT(._led_strip_driver_api.static.*)))
                0x000000000800a98c                _led_strip_driver_api_list_end = .

lora_driver_api_area
                0x000000000800a98c        0x0
                0x000000000800a98c                _lora_driver_api_list_start = .
 *(SORT_BY_NAME(SORT_BY_ALIGNMENT(._lora_driver_api.static.*)))
                0x000000000800a98c                _lora_driver_api_list_end = .

mbox_driver_api_area
                0x000000000800a98c        0x0
                0x000000000800a98c                _mbox_driver_api_list_start = .
 *(SORT_BY_NAME(SORT_BY_ALIGNMENT(._mbox_driver_api.static.*)))
                0x000000000800a98c                _mbox_driver_api_list_end = .

mdio_driver_api_area
                0x000000000800a98c        0x0
                0x000000000800a98c                _mdio_driver_api_list_start = .
 *(SORT_BY_NAME(SORT_BY_ALIGNMENT(._mdio_driver_api.static.*)))
                0x000000000800a98c                _mdio_driver_api_list_end = .

mipi_dbi_driver_api_area
                0x000000000800a98c        0x0
                0x000000000800a98c                _mipi_dbi_driver_api_list_start = .
 *(SORT_BY_NAME(SORT_BY_ALIGNMENT(._mipi_dbi_driver_api.static.*)))
                0x000000000800a98c                _mipi_dbi_driver_api_list_end = .

mipi_dsi_driver_api_area
                0x000000000800a98c        0x0
                0x000000000800a98c                _mipi_dsi_driver_api_list_start = .
 *(SORT_BY_NAME(SORT_BY_ALIGNMENT(._mipi_dsi_driver_api.static.*)))
                0x000000000800a98c                _mipi_dsi_driver_api_list_end = .

mspi_driver_api_area
                0x000000000800a98c        0x0
                0x000000000800a98c                _mspi_driver_api_list_start = .
 *(SORT_BY_NAME(SORT_BY_ALIGNMENT(._mspi_driver_api.static.*)))
                0x000000000800a98c                _mspi_driver_api_list_end = .

peci_driver_api_area
                0x000000000800a98c        0x0
                0x000000000800a98c                _peci_driver_api_list_start = .
 *(SORT_BY_NAME(SORT_BY_ALIGNMENT(._peci_driver_api.static.*)))